Archive member included to satisfy reference by file (symbol)

D:\Company\SMART\MEGA\mega.X\dist\Atmega328\production\mega.X.a(sys.o)
                              build/default/production/src/AppCommuincation.o (getSystemTick)
D:\Company\SMART\MEGA\mega.X\dist\Atmega328\production\mega.X.a(eeprom.o)
                              build/default/production/src/AppCommuincation.o (eepromPutByte)
D:\Company\SMART\MEGA\mega.X\dist\Atmega328\production\mega.X.a(csma_cd.o)
                              build/default/production/src/AppCommuincation.o (StartTransmission)
D:\Company\SMART\MEGA\mega.X\dist\Atmega328\production\mega.X.a(utility.o)
                              build/default/production/src/AppCommuincation.o (u8ToBCD)
D:\Company\SMART\MEGA\mega.X\dist\Atmega328\production\mega.X.a(SSD.o)
                              D:\Company\SMART\MEGA\mega.X\dist\Atmega328\production\mega.X.a(sys.o) (ssdSync)
D:\Company\SMART\MEGA\mega.X\dist\Atmega328\production\mega.X.a(mega.o)
                              C:/Program Files/Microchip/MPLABX/v6.00/packs/Microchip/ATmega_DFP/2.4.131/xc8/avr/lib/avr5/memx-const/crtatmega328p.o (main)
D:\Company\SMART\MEGA\mega.X\dist\Atmega328\production\mega.X.a(buz.o)
                              D:\Company\SMART\MEGA\mega.X\dist\Atmega328\production\mega.X.a(mega.o) (buzInit)
c:/program files/microchip/xc8/v2.32/avr/bin/../lib/gcc/avr/5.4.0/avr5/memx-const\libgcc.a(_mulsi3.o)
                              D:\Company\SMART\MEGA\mega.X\dist\Atmega328\production\mega.X.a(utility.o) (__mulsi3)
c:/program files/microchip/xc8/v2.32/avr/bin/../lib/gcc/avr/5.4.0/avr5/memx-const\libgcc.a(_udivmodsi4.o)
                              D:\Company\SMART\MEGA\mega.X\dist\Atmega328\production\mega.X.a(sys.o) (__udivmodsi4)
c:/program files/microchip/xc8/v2.32/avr/bin/../lib/gcc/avr/5.4.0/avr5/memx-const\libgcc.a(_divmodsi4.o)
                              D:\Company\SMART\MEGA\mega.X\dist\Atmega328\production\mega.X.a(utility.o) (__divmodsi4)
c:/program files/microchip/xc8/v2.32/avr/bin/../lib/gcc/avr/5.4.0/avr5/memx-const\libgcc.a(_negsi2.o)
                              c:/program files/microchip/xc8/v2.32/avr/bin/../lib/gcc/avr/5.4.0/avr5/memx-const\libgcc.a(_divmodsi4.o) (__negsi2)
c:/program files/microchip/xc8/v2.32/avr/bin/../lib/gcc/avr/5.4.0/avr5/memx-const\libgcc.a(_exit.o)
                              C:/Program Files/Microchip/MPLABX/v6.00/packs/Microchip/ATmega_DFP/2.4.131/xc8/avr/lib/avr5/memx-const/crtatmega328p.o (exit)
c:/program files/microchip/xc8/v2.32/avr/bin/../lib/gcc/avr/5.4.0/avr5/memx-const\libgcc.a(_copy_data.o)
                              build/default/production/src/AppCommuincation.o (__do_clear_bss)
c:/program files/microchip/xc8/v2.32/avr/bin/../lib/gcc/avr/5.4.0/avr5/memx-const\libgcc.a(_muluhisi3.o)
                              D:\Company\SMART\MEGA\mega.X\dist\Atmega328\production\mega.X.a(sys.o) (__muluhisi3)
c:/program files/microchip/xc8/v2.32/avr/bin/../lib/gcc/avr/5.4.0/avr5/memx-const\libgcc.a(_umulhisi3.o)
                              c:/program files/microchip/xc8/v2.32/avr/bin/../lib/gcc/avr/5.4.0/avr5/memx-const\libgcc.a(_muluhisi3.o) (__umulhisi3)
c:/program files/microchip/xc8/v2.32/avr/bin/../lib/gcc/avr/5.4.0/../../../../avr/lib/avr5/memx-const\libc.a(atoi_M.o)
                              D:\Company\SMART\MEGA\mega.X\dist\Atmega328\production\mega.X.a(utility.o) (atoi)
c:/program files/microchip/xc8/v2.32/avr/bin/../lib/gcc/avr/5.4.0/../../../../avr/lib/avr5/memx-const\libc.a(atol_M.o)
                              c:/program files/microchip/xc8/v2.32/avr/bin/../lib/gcc/avr/5.4.0/../../../../avr/lib/avr5/memx-const\libc.a(atoi_M.o) (atol)
c:/program files/microchip/xc8/v2.32/avr/bin/../lib/gcc/avr/5.4.0/../../../../avr/lib/avr5/memx-const\libc.a(strtol.o)
                              c:/program files/microchip/xc8/v2.32/avr/bin/../lib/gcc/avr/5.4.0/../../../../avr/lib/avr5/memx-const\libc.a(atol_M.o) (strtol)
c:/program files/microchip/xc8/v2.32/avr/bin/../lib/gcc/avr/5.4.0/../../../../avr/lib/avr5/memx-const\libc.a(isspace.o)
                              c:/program files/microchip/xc8/v2.32/avr/bin/../lib/gcc/avr/5.4.0/../../../../avr/lib/avr5/memx-const\libc.a(strtol.o) (isspace)
c:/program files/microchip/xc8/v2.32/avr/bin/../lib/gcc/avr/5.4.0/../../../../avr/lib/avr5/memx-const\libc.a(strlen_M.o)
                              D:\Company\SMART\MEGA\mega.X\dist\Atmega328\production\mega.X.a(utility.o) (strlen)
c:/program files/microchip/xc8/v2.32/avr/bin/../lib/gcc/avr/5.4.0/../../../../avr/lib/avr5/memx-const\libc.a(sprintf.o)
                              D:\Company\SMART\MEGA\mega.X\dist\Atmega328\production\mega.X.a(utility.o) (sprintf)
c:/program files/microchip/xc8/v2.32/avr/bin/../lib/gcc/avr/5.4.0/../../../../avr/lib/avr5/memx-const\libc.a(vfprintf_std.o)
                              c:/program files/microchip/xc8/v2.32/avr/bin/../lib/gcc/avr/5.4.0/../../../../avr/lib/avr5/memx-const\libc.a(sprintf.o) (vfprintf)
c:/program files/microchip/xc8/v2.32/avr/bin/../lib/gcc/avr/5.4.0/../../../../avr/lib/avr5/memx-const\libc.a(errno.o)
                              c:/program files/microchip/xc8/v2.32/avr/bin/../lib/gcc/avr/5.4.0/../../../../avr/lib/avr5/memx-const\libc.a(strtol.o) (errno)
c:/program files/microchip/xc8/v2.32/avr/bin/../lib/gcc/avr/5.4.0/../../../../avr/lib/avr5/memx-const\libc.a(cty_isfalse.o)
                              c:/program files/microchip/xc8/v2.32/avr/bin/../lib/gcc/avr/5.4.0/../../../../avr/lib/avr5/memx-const\libc.a(isspace.o) (__ctype_isfalse)
c:/program files/microchip/xc8/v2.32/avr/bin/../lib/gcc/avr/5.4.0/../../../../avr/lib/avr5/memx-const\libc.a(strnlen_M.o)
                              c:/program files/microchip/xc8/v2.32/avr/bin/../lib/gcc/avr/5.4.0/../../../../avr/lib/avr5/memx-const\libc.a(vfprintf_std.o) (strnlen)
c:/program files/microchip/xc8/v2.32/avr/bin/../lib/gcc/avr/5.4.0/../../../../avr/lib/avr5/memx-const\libc.a(fputc.o)
                              c:/program files/microchip/xc8/v2.32/avr/bin/../lib/gcc/avr/5.4.0/../../../../avr/lib/avr5/memx-const\libc.a(vfprintf_std.o) (fputc)
c:/program files/microchip/xc8/v2.32/avr/bin/../lib/gcc/avr/5.4.0/../../../../avr/lib/avr5/memx-const\libc.a(ultoa_invert.o)
                              c:/program files/microchip/xc8/v2.32/avr/bin/../lib/gcc/avr/5.4.0/../../../../avr/lib/avr5/memx-const\libc.a(vfprintf_std.o) (__ultoa_invert)
c:/program files/microchip/xc8/v2.32/avr/bin/../lib/gcc/avr/5.4.0/avr5/memx-const\libgcc.a(_prologue.o)
                              c:/program files/microchip/xc8/v2.32/avr/bin/../lib/gcc/avr/5.4.0/../../../../avr/lib/avr5/memx-const\libc.a(sprintf.o) (__prologue_saves__)
c:/program files/microchip/xc8/v2.32/avr/bin/../lib/gcc/avr/5.4.0/avr5/memx-const\libgcc.a(_epilogue.o)
                              c:/program files/microchip/xc8/v2.32/avr/bin/../lib/gcc/avr/5.4.0/../../../../avr/lib/avr5/memx-const\libc.a(sprintf.o) (__epilogue_restores__)

Allocating common symbols
Common symbol       size              file

gu8sentSec          0x1               build/default/production/src/AppCommuincation.o
gu8StartComm        0x1               build/default/production/src/AppCommuincation.o
errno               0x2               c:/program files/microchip/xc8/v2.32/avr/bin/../lib/gcc/avr/5.4.0/../../../../avr/lib/avr5/memx-const\libc.a(errno.o)
gu8ssdData          0x3               build/default/production/src/AppCommuincation.o
gu8CurrentIndex     0x1               build/default/production/src/AppCommuincation.o
gu8appCommState     0x1               build/default/production/src/AppCommuincation.o
gu8TimeIndex        0x1               build/default/production/src/AppCommuincation.o
gu32RTC             0x4               build/default/production/src/softRtc.o
gu8appAddress       0x1               build/default/production/src/AppCommuincation.o
gu8TanthSec         0x1               build/default/production/src/softRtc.o
gu8GenralState      0x1               build/default/production/src/AppCommuincation.o
gu8ZoneFrameIndex   0x1               build/default/production/src/AppCommuincation.o
gsPingTimer         0x8               build/default/production/src/AppCommuincation.o
gu8Displaydata      0x200             build/default/production/src/AppCommuincation.o
gu8RequestState     0x1               build/default/production/src/AppCommuincation.o
gu8CallPoint        0x3               build/default/production/src/AppCommuincation.o

Discarded input sections

 .data          0x0000000000000000        0x0 C:/Program Files/Microchip/MPLABX/v6.00/packs/Microchip/ATmega_DFP/2.4.131/xc8/avr/lib/avr5/memx-const/crtatmega328p.o
 .bss           0x0000000000000000        0x0 C:/Program Files/Microchip/MPLABX/v6.00/packs/Microchip/ATmega_DFP/2.4.131/xc8/avr/lib/avr5/memx-const/crtatmega328p.o
 .text          0x0000000000000000        0x0 build/default/production/src/AppCommuincation.o
 .data          0x0000000000000000        0x0 build/default/production/src/AppCommuincation.o
 .codecov       0x0000000000000000        0x0 build/default/production/src/AppCommuincation.o
 .text          0x0000000000000000        0x0 build/default/production/src/softRtc.o
 .data          0x0000000000000000        0x0 build/default/production/src/softRtc.o
 .codecov       0x0000000000000000        0x0 build/default/production/src/softRtc.o
 .text          0x0000000000000000        0x0 build/default/production/src/app.o
 .data          0x0000000000000000        0x0 build/default/production/src/app.o
 .codecov       0x0000000000000000        0x0 build/default/production/src/app.o
 .text          0x0000000000000000        0x0 D:\Company\SMART\MEGA\mega.X\dist\Atmega328\production\mega.X.a(sys.o)
 .data          0x0000000000000000        0x0 D:\Company\SMART\MEGA\mega.X\dist\Atmega328\production\mega.X.a(sys.o)
 .bss           0x0000000000000000        0x0 D:\Company\SMART\MEGA\mega.X\dist\Atmega328\production\mega.X.a(sys.o)
 .text.sysTimerInitMS
                0x0000000000000000      0x11c D:\Company\SMART\MEGA\mega.X\dist\Atmega328\production\mega.X.a(sys.o)
 .text.sysTimerInit
                0x0000000000000000       0xa4 D:\Company\SMART\MEGA\mega.X\dist\Atmega328\production\mega.X.a(sys.o)
 .text.sysTimerReset
                0x0000000000000000       0x42 D:\Company\SMART\MEGA\mega.X\dist\Atmega328\production\mega.X.a(sys.o)
 .text.sysTimerCheck
                0x0000000000000000       0x98 D:\Company\SMART\MEGA\mega.X\dist\Atmega328\production\mega.X.a(sys.o)
 .bss.gu8ErrorCode
                0x0000000000000000        0x1 D:\Company\SMART\MEGA\mega.X\dist\Atmega328\production\mega.X.a(sys.o)
 .text          0x0000000000000000        0x0 D:\Company\SMART\MEGA\mega.X\dist\Atmega328\production\mega.X.a(eeprom.o)
 .data          0x0000000000000000        0x0 D:\Company\SMART\MEGA\mega.X\dist\Atmega328\production\mega.X.a(eeprom.o)
 .bss           0x0000000000000000        0x0 D:\Company\SMART\MEGA\mega.X\dist\Atmega328\production\mega.X.a(eeprom.o)
 .text          0x0000000000000000        0x0 D:\Company\SMART\MEGA\mega.X\dist\Atmega328\production\mega.X.a(csma_cd.o)
 .data          0x0000000000000000        0x0 D:\Company\SMART\MEGA\mega.X\dist\Atmega328\production\mega.X.a(csma_cd.o)
 .bss           0x0000000000000000        0x0 D:\Company\SMART\MEGA\mega.X\dist\Atmega328\production\mega.X.a(csma_cd.o)
 .text.csma_Regiter
                0x0000000000000000       0x6c D:\Company\SMART\MEGA\mega.X\dist\Atmega328\production\mega.X.a(csma_cd.o)
 .text.csma_RestTimer
                0x0000000000000000       0x18 D:\Company\SMART\MEGA\mega.X\dist\Atmega328\production\mega.X.a(csma_cd.o)
 .text.csma_StartTimer
                0x0000000000000000       0x1e D:\Company\SMART\MEGA\mega.X\dist\Atmega328\production\mega.X.a(csma_cd.o)
 .text.FrameLRC
                0x0000000000000000       0x26 D:\Company\SMART\MEGA\mega.X\dist\Atmega328\production\mega.X.a(csma_cd.o)
 .text.Decapsulate
                0x0000000000000000       0x34 D:\Company\SMART\MEGA\mega.X\dist\Atmega328\production\mega.X.a(csma_cd.o)
 .bss.gu8Data   0x0000000000000000        0x1 D:\Company\SMART\MEGA\mega.X\dist\Atmega328\production\mega.X.a(csma_cd.o)
 .text          0x0000000000000000        0x0 D:\Company\SMART\MEGA\mega.X\dist\Atmega328\production\mega.X.a(utility.o)
 .data          0x0000000000000000        0x0 D:\Company\SMART\MEGA\mega.X\dist\Atmega328\production\mega.X.a(utility.o)
 .bss           0x0000000000000000        0x0 D:\Company\SMART\MEGA\mega.X\dist\Atmega328\production\mega.X.a(utility.o)
 .text.appShfitBuffer
                0x0000000000000000       0x9e D:\Company\SMART\MEGA\mega.X\dist\Atmega328\production\mega.X.a(utility.o)
 .text.reverse  0x0000000000000000       0x52 D:\Company\SMART\MEGA\mega.X\dist\Atmega328\production\mega.X.a(utility.o)
 .text.getdigitofNUmber
                0x0000000000000000       0x24 D:\Company\SMART\MEGA\mega.X\dist\Atmega328\production\mega.X.a(utility.o)
 .progmemx.data
                0x0000000000000000        0x3 D:\Company\SMART\MEGA\mega.X\dist\Atmega328\production\mega.X.a(utility.o)
 .text.uNumberToString
                0x0000000000000000       0x2a D:\Company\SMART\MEGA\mega.X\dist\Atmega328\production\mega.X.a(utility.o)
 .text.uStringToNumber
                0x0000000000000000        0x8 D:\Company\SMART\MEGA\mega.X\dist\Atmega328\production\mega.X.a(utility.o)
 .text.uShiftin
                0x0000000000000000       0x5a D:\Company\SMART\MEGA\mega.X\dist\Atmega328\production\mega.X.a(utility.o)
 .text.map      0x0000000000000000       0x82 D:\Company\SMART\MEGA\mega.X\dist\Atmega328\production\mega.X.a(utility.o)
 .text          0x0000000000000000        0x0 D:\Company\SMART\MEGA\mega.X\dist\Atmega328\production\mega.X.a(SSD.o)
 .data          0x0000000000000000        0x0 D:\Company\SMART\MEGA\mega.X\dist\Atmega328\production\mega.X.a(SSD.o)
 .bss           0x0000000000000000        0x0 D:\Company\SMART\MEGA\mega.X\dist\Atmega328\production\mega.X.a(SSD.o)
 .text.ssdOpenTest
                0x0000000000000000       0x26 D:\Company\SMART\MEGA\mega.X\dist\Atmega328\production\mega.X.a(SSD.o)
 .text.ssdCloseTest
                0x0000000000000000       0x28 D:\Company\SMART\MEGA\mega.X\dist\Atmega328\production\mega.X.a(SSD.o)
 .text.ssdClearData
                0x0000000000000000        0xe D:\Company\SMART\MEGA\mega.X\dist\Atmega328\production\mega.X.a(SSD.o)
 .text          0x0000000000000000        0x0 D:\Company\SMART\MEGA\mega.X\dist\Atmega328\production\mega.X.a(mega.o)
 .data          0x0000000000000000        0x0 D:\Company\SMART\MEGA\mega.X\dist\Atmega328\production\mega.X.a(mega.o)
 .bss           0x0000000000000000        0x0 D:\Company\SMART\MEGA\mega.X\dist\Atmega328\production\mega.X.a(mega.o)
 .text          0x0000000000000000        0x0 D:\Company\SMART\MEGA\mega.X\dist\Atmega328\production\mega.X.a(buz.o)
 .data          0x0000000000000000        0x0 D:\Company\SMART\MEGA\mega.X\dist\Atmega328\production\mega.X.a(buz.o)
 .bss           0x0000000000000000        0x0 D:\Company\SMART\MEGA\mega.X\dist\Atmega328\production\mega.X.a(buz.o)
 .text.buzGenerateSignalTime
                0x0000000000000000       0x92 D:\Company\SMART\MEGA\mega.X\dist\Atmega328\production\mega.X.a(buz.o)
 .text.buzOn    0x0000000000000000        0x4 D:\Company\SMART\MEGA\mega.X\dist\Atmega328\production\mega.X.a(buz.o)
 .text.buzOFF   0x0000000000000000        0x4 D:\Company\SMART\MEGA\mega.X\dist\Atmega328\production\mega.X.a(buz.o)
 .text.buzPeriodDone
                0x0000000000000000        0xc D:\Company\SMART\MEGA\mega.X\dist\Atmega328\production\mega.X.a(buz.o)
 .text.buzStop  0x0000000000000000        0x8 D:\Company\SMART\MEGA\mega.X\dist\Atmega328\production\mega.X.a(buz.o)
 .text          0x0000000000000000        0x0 c:/program files/microchip/xc8/v2.32/avr/bin/../lib/gcc/avr/5.4.0/avr5/memx-const\libgcc.a(_mulsi3.o)
 .data          0x0000000000000000        0x0 c:/program files/microchip/xc8/v2.32/avr/bin/../lib/gcc/avr/5.4.0/avr5/memx-const\libgcc.a(_mulsi3.o)
 .bss           0x0000000000000000        0x0 c:/program files/microchip/xc8/v2.32/avr/bin/../lib/gcc/avr/5.4.0/avr5/memx-const\libgcc.a(_mulsi3.o)
 .text.libgcc.mul
                0x0000000000000000       0x20 c:/program files/microchip/xc8/v2.32/avr/bin/../lib/gcc/avr/5.4.0/avr5/memx-const\libgcc.a(_mulsi3.o)
 .stack.descriptors.hdr
                0x0000000000000000        0xe c:/program files/microchip/xc8/v2.32/avr/bin/../lib/gcc/avr/5.4.0/avr5/memx-const\libgcc.a(_mulsi3.o)
 .stack.descriptors
                0x0000000000000000       0x16 c:/program files/microchip/xc8/v2.32/avr/bin/../lib/gcc/avr/5.4.0/avr5/memx-const\libgcc.a(_mulsi3.o)
 .text.libgcc.div
                0x0000000000000000        0x0 c:/program files/microchip/xc8/v2.32/avr/bin/../lib/gcc/avr/5.4.0/avr5/memx-const\libgcc.a(_mulsi3.o)
 .text.libgcc   0x0000000000000000        0x0 c:/program files/microchip/xc8/v2.32/avr/bin/../lib/gcc/avr/5.4.0/avr5/memx-const\libgcc.a(_mulsi3.o)
 .text.libgcc.prologue
                0x0000000000000000        0x0 c:/program files/microchip/xc8/v2.32/avr/bin/../lib/gcc/avr/5.4.0/avr5/memx-const\libgcc.a(_mulsi3.o)
 .text.libgcc.builtins
                0x0000000000000000        0x0 c:/program files/microchip/xc8/v2.32/avr/bin/../lib/gcc/avr/5.4.0/avr5/memx-const\libgcc.a(_mulsi3.o)
 .text.libgcc.fmul
                0x0000000000000000        0x0 c:/program files/microchip/xc8/v2.32/avr/bin/../lib/gcc/avr/5.4.0/avr5/memx-const\libgcc.a(_mulsi3.o)
 .text.libgcc.fixed
                0x0000000000000000        0x0 c:/program files/microchip/xc8/v2.32/avr/bin/../lib/gcc/avr/5.4.0/avr5/memx-const\libgcc.a(_mulsi3.o)
 .text          0x0000000000000000        0x0 c:/program files/microchip/xc8/v2.32/avr/bin/../lib/gcc/avr/5.4.0/avr5/memx-const\libgcc.a(_udivmodsi4.o)
 .data          0x0000000000000000        0x0 c:/program files/microchip/xc8/v2.32/avr/bin/../lib/gcc/avr/5.4.0/avr5/memx-const\libgcc.a(_udivmodsi4.o)
 .bss           0x0000000000000000        0x0 c:/program files/microchip/xc8/v2.32/avr/bin/../lib/gcc/avr/5.4.0/avr5/memx-const\libgcc.a(_udivmodsi4.o)
 .text.libgcc.mul
                0x0000000000000000        0x0 c:/program files/microchip/xc8/v2.32/avr/bin/../lib/gcc/avr/5.4.0/avr5/memx-const\libgcc.a(_udivmodsi4.o)
 .stack.descriptors
                0x0000000000000000       0x1a c:/program files/microchip/xc8/v2.32/avr/bin/../lib/gcc/avr/5.4.0/avr5/memx-const\libgcc.a(_udivmodsi4.o)
 .text.libgcc   0x0000000000000000        0x0 c:/program files/microchip/xc8/v2.32/avr/bin/../lib/gcc/avr/5.4.0/avr5/memx-const\libgcc.a(_udivmodsi4.o)
 .text.libgcc.prologue
                0x0000000000000000        0x0 c:/program files/microchip/xc8/v2.32/avr/bin/../lib/gcc/avr/5.4.0/avr5/memx-const\libgcc.a(_udivmodsi4.o)
 .text.libgcc.builtins
                0x0000000000000000        0x0 c:/program files/microchip/xc8/v2.32/avr/bin/../lib/gcc/avr/5.4.0/avr5/memx-const\libgcc.a(_udivmodsi4.o)
 .text.libgcc.fmul
                0x0000000000000000        0x0 c:/program files/microchip/xc8/v2.32/avr/bin/../lib/gcc/avr/5.4.0/avr5/memx-const\libgcc.a(_udivmodsi4.o)
 .text.libgcc.fixed
                0x0000000000000000        0x0 c:/program files/microchip/xc8/v2.32/avr/bin/../lib/gcc/avr/5.4.0/avr5/memx-const\libgcc.a(_udivmodsi4.o)
 .text          0x0000000000000000        0x0 c:/program files/microchip/xc8/v2.32/avr/bin/../lib/gcc/avr/5.4.0/avr5/memx-const\libgcc.a(_divmodsi4.o)
 .data          0x0000000000000000        0x0 c:/program files/microchip/xc8/v2.32/avr/bin/../lib/gcc/avr/5.4.0/avr5/memx-const\libgcc.a(_divmodsi4.o)
 .bss           0x0000000000000000        0x0 c:/program files/microchip/xc8/v2.32/avr/bin/../lib/gcc/avr/5.4.0/avr5/memx-const\libgcc.a(_divmodsi4.o)
 .text.libgcc.mul
                0x0000000000000000        0x0 c:/program files/microchip/xc8/v2.32/avr/bin/../lib/gcc/avr/5.4.0/avr5/memx-const\libgcc.a(_divmodsi4.o)
 .text.libgcc.div
                0x0000000000000000       0x2e c:/program files/microchip/xc8/v2.32/avr/bin/../lib/gcc/avr/5.4.0/avr5/memx-const\libgcc.a(_divmodsi4.o)
 .stack.descriptors.hdr
                0x0000000000000000        0xe c:/program files/microchip/xc8/v2.32/avr/bin/../lib/gcc/avr/5.4.0/avr5/memx-const\libgcc.a(_divmodsi4.o)
 .stack.descriptors
                0x0000000000000000       0x19 c:/program files/microchip/xc8/v2.32/avr/bin/../lib/gcc/avr/5.4.0/avr5/memx-const\libgcc.a(_divmodsi4.o)
 .text.libgcc   0x0000000000000000        0x0 c:/program files/microchip/xc8/v2.32/avr/bin/../lib/gcc/avr/5.4.0/avr5/memx-const\libgcc.a(_divmodsi4.o)
 .text.libgcc.prologue
                0x0000000000000000        0x0 c:/program files/microchip/xc8/v2.32/avr/bin/../lib/gcc/avr/5.4.0/avr5/memx-const\libgcc.a(_divmodsi4.o)
 .text.libgcc.builtins
                0x0000000000000000        0x0 c:/program files/microchip/xc8/v2.32/avr/bin/../lib/gcc/avr/5.4.0/avr5/memx-const\libgcc.a(_divmodsi4.o)
 .text.libgcc.fmul
                0x0000000000000000        0x0 c:/program files/microchip/xc8/v2.32/avr/bin/../lib/gcc/avr/5.4.0/avr5/memx-const\libgcc.a(_divmodsi4.o)
 .text.libgcc.fixed
                0x0000000000000000        0x0 c:/program files/microchip/xc8/v2.32/avr/bin/../lib/gcc/avr/5.4.0/avr5/memx-const\libgcc.a(_divmodsi4.o)
 .text          0x0000000000000000        0x0 c:/program files/microchip/xc8/v2.32/avr/bin/../lib/gcc/avr/5.4.0/avr5/memx-const\libgcc.a(_negsi2.o)
 .data          0x0000000000000000        0x0 c:/program files/microchip/xc8/v2.32/avr/bin/../lib/gcc/avr/5.4.0/avr5/memx-const\libgcc.a(_negsi2.o)
 .bss           0x0000000000000000        0x0 c:/program files/microchip/xc8/v2.32/avr/bin/../lib/gcc/avr/5.4.0/avr5/memx-const\libgcc.a(_negsi2.o)
 .text.libgcc.mul
                0x0000000000000000        0x0 c:/program files/microchip/xc8/v2.32/avr/bin/../lib/gcc/avr/5.4.0/avr5/memx-const\libgcc.a(_negsi2.o)
 .text.libgcc.div
                0x0000000000000000       0x10 c:/program files/microchip/xc8/v2.32/avr/bin/../lib/gcc/avr/5.4.0/avr5/memx-const\libgcc.a(_negsi2.o)
 .stack.descriptors.hdr
                0x0000000000000000        0xe c:/program files/microchip/xc8/v2.32/avr/bin/../lib/gcc/avr/5.4.0/avr5/memx-const\libgcc.a(_negsi2.o)
 .stack.descriptors
                0x0000000000000000       0x16 c:/program files/microchip/xc8/v2.32/avr/bin/../lib/gcc/avr/5.4.0/avr5/memx-const\libgcc.a(_negsi2.o)
 .text.libgcc   0x0000000000000000        0x0 c:/program files/microchip/xc8/v2.32/avr/bin/../lib/gcc/avr/5.4.0/avr5/memx-const\libgcc.a(_negsi2.o)
 .text.libgcc.prologue
                0x0000000000000000        0x0 c:/program files/microchip/xc8/v2.32/avr/bin/../lib/gcc/avr/5.4.0/avr5/memx-const\libgcc.a(_negsi2.o)
 .text.libgcc.builtins
                0x0000000000000000        0x0 c:/program files/microchip/xc8/v2.32/avr/bin/../lib/gcc/avr/5.4.0/avr5/memx-const\libgcc.a(_negsi2.o)
 .text.libgcc.fmul
                0x0000000000000000        0x0 c:/program files/microchip/xc8/v2.32/avr/bin/../lib/gcc/avr/5.4.0/avr5/memx-const\libgcc.a(_negsi2.o)
 .text.libgcc.fixed
                0x0000000000000000        0x0 c:/program files/microchip/xc8/v2.32/avr/bin/../lib/gcc/avr/5.4.0/avr5/memx-const\libgcc.a(_negsi2.o)
 .text          0x0000000000000000        0x0 c:/program files/microchip/xc8/v2.32/avr/bin/../lib/gcc/avr/5.4.0/avr5/memx-const\libgcc.a(_exit.o)
 .data          0x0000000000000000        0x0 c:/program files/microchip/xc8/v2.32/avr/bin/../lib/gcc/avr/5.4.0/avr5/memx-const\libgcc.a(_exit.o)
 .bss           0x0000000000000000        0x0 c:/program files/microchip/xc8/v2.32/avr/bin/../lib/gcc/avr/5.4.0/avr5/memx-const\libgcc.a(_exit.o)
 .text.libgcc.mul
                0x0000000000000000        0x0 c:/program files/microchip/xc8/v2.32/avr/bin/../lib/gcc/avr/5.4.0/avr5/memx-const\libgcc.a(_exit.o)
 .text.libgcc.div
                0x0000000000000000        0x0 c:/program files/microchip/xc8/v2.32/avr/bin/../lib/gcc/avr/5.4.0/avr5/memx-const\libgcc.a(_exit.o)
 .text.libgcc   0x0000000000000000        0x0 c:/program files/microchip/xc8/v2.32/avr/bin/../lib/gcc/avr/5.4.0/avr5/memx-const\libgcc.a(_exit.o)
 .text.libgcc.prologue
                0x0000000000000000        0x0 c:/program files/microchip/xc8/v2.32/avr/bin/../lib/gcc/avr/5.4.0/avr5/memx-const\libgcc.a(_exit.o)
 .stack.descriptors
                0x0000000000000000       0x13 c:/program files/microchip/xc8/v2.32/avr/bin/../lib/gcc/avr/5.4.0/avr5/memx-const\libgcc.a(_exit.o)
 .text.libgcc.builtins
                0x0000000000000000        0x0 c:/program files/microchip/xc8/v2.32/avr/bin/../lib/gcc/avr/5.4.0/avr5/memx-const\libgcc.a(_exit.o)
 .text.libgcc.fmul
                0x0000000000000000        0x0 c:/program files/microchip/xc8/v2.32/avr/bin/../lib/gcc/avr/5.4.0/avr5/memx-const\libgcc.a(_exit.o)
 .text.libgcc.fixed
                0x0000000000000000        0x0 c:/program files/microchip/xc8/v2.32/avr/bin/../lib/gcc/avr/5.4.0/avr5/memx-const\libgcc.a(_exit.o)
 .text          0x0000000000000000        0x0 c:/program files/microchip/xc8/v2.32/avr/bin/../lib/gcc/avr/5.4.0/avr5/memx-const\libgcc.a(_copy_data.o)
 .data          0x0000000000000000        0x0 c:/program files/microchip/xc8/v2.32/avr/bin/../lib/gcc/avr/5.4.0/avr5/memx-const\libgcc.a(_copy_data.o)
 .bss           0x0000000000000000        0x0 c:/program files/microchip/xc8/v2.32/avr/bin/../lib/gcc/avr/5.4.0/avr5/memx-const\libgcc.a(_copy_data.o)
 .text.libgcc.mul
                0x0000000000000000        0x0 c:/program files/microchip/xc8/v2.32/avr/bin/../lib/gcc/avr/5.4.0/avr5/memx-const\libgcc.a(_copy_data.o)
 .text.libgcc.div
                0x0000000000000000        0x0 c:/program files/microchip/xc8/v2.32/avr/bin/../lib/gcc/avr/5.4.0/avr5/memx-const\libgcc.a(_copy_data.o)
 .text.libgcc   0x0000000000000000        0x0 c:/program files/microchip/xc8/v2.32/avr/bin/../lib/gcc/avr/5.4.0/avr5/memx-const\libgcc.a(_copy_data.o)
 .text.libgcc.prologue
                0x0000000000000000        0x0 c:/program files/microchip/xc8/v2.32/avr/bin/../lib/gcc/avr/5.4.0/avr5/memx-const\libgcc.a(_copy_data.o)
 .text.libgcc.builtins
                0x0000000000000000        0x0 c:/program files/microchip/xc8/v2.32/avr/bin/../lib/gcc/avr/5.4.0/avr5/memx-const\libgcc.a(_copy_data.o)
 .text.libgcc.fmul
                0x0000000000000000        0x0 c:/program files/microchip/xc8/v2.32/avr/bin/../lib/gcc/avr/5.4.0/avr5/memx-const\libgcc.a(_copy_data.o)
 .text.libgcc.fixed
                0x0000000000000000        0x0 c:/program files/microchip/xc8/v2.32/avr/bin/../lib/gcc/avr/5.4.0/avr5/memx-const\libgcc.a(_copy_data.o)
 .text          0x0000000000000000        0x0 c:/program files/microchip/xc8/v2.32/avr/bin/../lib/gcc/avr/5.4.0/avr5/memx-const\libgcc.a(_muluhisi3.o)
 .data          0x0000000000000000        0x0 c:/program files/microchip/xc8/v2.32/avr/bin/../lib/gcc/avr/5.4.0/avr5/memx-const\libgcc.a(_muluhisi3.o)
 .bss           0x0000000000000000        0x0 c:/program files/microchip/xc8/v2.32/avr/bin/../lib/gcc/avr/5.4.0/avr5/memx-const\libgcc.a(_muluhisi3.o)
 .stack.descriptors
                0x0000000000000000       0x19 c:/program files/microchip/xc8/v2.32/avr/bin/../lib/gcc/avr/5.4.0/avr5/memx-const\libgcc.a(_muluhisi3.o)
 .text.libgcc.div
                0x0000000000000000        0x0 c:/program files/microchip/xc8/v2.32/avr/bin/../lib/gcc/avr/5.4.0/avr5/memx-const\libgcc.a(_muluhisi3.o)
 .text.libgcc   0x0000000000000000        0x0 c:/program files/microchip/xc8/v2.32/avr/bin/../lib/gcc/avr/5.4.0/avr5/memx-const\libgcc.a(_muluhisi3.o)
 .text.libgcc.prologue
                0x0000000000000000        0x0 c:/program files/microchip/xc8/v2.32/avr/bin/../lib/gcc/avr/5.4.0/avr5/memx-const\libgcc.a(_muluhisi3.o)
 .text.libgcc.builtins
                0x0000000000000000        0x0 c:/program files/microchip/xc8/v2.32/avr/bin/../lib/gcc/avr/5.4.0/avr5/memx-const\libgcc.a(_muluhisi3.o)
 .text.libgcc.fmul
                0x0000000000000000        0x0 c:/program files/microchip/xc8/v2.32/avr/bin/../lib/gcc/avr/5.4.0/avr5/memx-const\libgcc.a(_muluhisi3.o)
 .text.libgcc.fixed
                0x0000000000000000        0x0 c:/program files/microchip/xc8/v2.32/avr/bin/../lib/gcc/avr/5.4.0/avr5/memx-const\libgcc.a(_muluhisi3.o)
 .text          0x0000000000000000        0x0 c:/program files/microchip/xc8/v2.32/avr/bin/../lib/gcc/avr/5.4.0/avr5/memx-const\libgcc.a(_umulhisi3.o)
 .data          0x0000000000000000        0x0 c:/program files/microchip/xc8/v2.32/avr/bin/../lib/gcc/avr/5.4.0/avr5/memx-const\libgcc.a(_umulhisi3.o)
 .bss           0x0000000000000000        0x0 c:/program files/microchip/xc8/v2.32/avr/bin/../lib/gcc/avr/5.4.0/avr5/memx-const\libgcc.a(_umulhisi3.o)
 .stack.descriptors
                0x0000000000000000       0x19 c:/program files/microchip/xc8/v2.32/avr/bin/../lib/gcc/avr/5.4.0/avr5/memx-const\libgcc.a(_umulhisi3.o)
 .text.libgcc.div
                0x0000000000000000        0x0 c:/program files/microchip/xc8/v2.32/avr/bin/../lib/gcc/avr/5.4.0/avr5/memx-const\libgcc.a(_umulhisi3.o)
 .text.libgcc   0x0000000000000000        0x0 c:/program files/microchip/xc8/v2.32/avr/bin/../lib/gcc/avr/5.4.0/avr5/memx-const\libgcc.a(_umulhisi3.o)
 .text.libgcc.prologue
                0x0000000000000000        0x0 c:/program files/microchip/xc8/v2.32/avr/bin/../lib/gcc/avr/5.4.0/avr5/memx-const\libgcc.a(_umulhisi3.o)
 .text.libgcc.builtins
                0x0000000000000000        0x0 c:/program files/microchip/xc8/v2.32/avr/bin/../lib/gcc/avr/5.4.0/avr5/memx-const\libgcc.a(_umulhisi3.o)
 .text.libgcc.fmul
                0x0000000000000000        0x0 c:/program files/microchip/xc8/v2.32/avr/bin/../lib/gcc/avr/5.4.0/avr5/memx-const\libgcc.a(_umulhisi3.o)
 .text.libgcc.fixed
                0x0000000000000000        0x0 c:/program files/microchip/xc8/v2.32/avr/bin/../lib/gcc/avr/5.4.0/avr5/memx-const\libgcc.a(_umulhisi3.o)
 .text          0x0000000000000000        0x0 c:/program files/microchip/xc8/v2.32/avr/bin/../lib/gcc/avr/5.4.0/../../../../avr/lib/avr5/memx-const\libc.a(atoi_M.o)
 .data          0x0000000000000000        0x0 c:/program files/microchip/xc8/v2.32/avr/bin/../lib/gcc/avr/5.4.0/../../../../avr/lib/avr5/memx-const\libc.a(atoi_M.o)
 .bss           0x0000000000000000        0x0 c:/program files/microchip/xc8/v2.32/avr/bin/../lib/gcc/avr/5.4.0/../../../../avr/lib/avr5/memx-const\libc.a(atoi_M.o)
 .stack.descriptors
                0x0000000000000000       0x12 c:/program files/microchip/xc8/v2.32/avr/bin/../lib/gcc/avr/5.4.0/../../../../avr/lib/avr5/memx-const\libc.a(atoi_M.o)
 .text.avrlibc  0x0000000000000000        0x8 c:/program files/microchip/xc8/v2.32/avr/bin/../lib/gcc/avr/5.4.0/../../../../avr/lib/avr5/memx-const\libc.a(atoi_M.o)
 .comment       0x0000000000000000       0x2d c:/program files/microchip/xc8/v2.32/avr/bin/../lib/gcc/avr/5.4.0/../../../../avr/lib/avr5/memx-const\libc.a(atoi_M.o)
 .stack.descriptors.hdr
                0x0000000000000000        0xe c:/program files/microchip/xc8/v2.32/avr/bin/../lib/gcc/avr/5.4.0/../../../../avr/lib/avr5/memx-const\libc.a(atoi_M.o)
 .text          0x0000000000000000        0x0 c:/program files/microchip/xc8/v2.32/avr/bin/../lib/gcc/avr/5.4.0/../../../../avr/lib/avr5/memx-const\libc.a(atol_M.o)
 .data          0x0000000000000000        0x0 c:/program files/microchip/xc8/v2.32/avr/bin/../lib/gcc/avr/5.4.0/../../../../avr/lib/avr5/memx-const\libc.a(atol_M.o)
 .bss           0x0000000000000000        0x0 c:/program files/microchip/xc8/v2.32/avr/bin/../lib/gcc/avr/5.4.0/../../../../avr/lib/avr5/memx-const\libc.a(atol_M.o)
 .stack.descriptors
                0x0000000000000000       0x12 c:/program files/microchip/xc8/v2.32/avr/bin/../lib/gcc/avr/5.4.0/../../../../avr/lib/avr5/memx-const\libc.a(atol_M.o)
 .text.avrlibc  0x0000000000000000        0xe c:/program files/microchip/xc8/v2.32/avr/bin/../lib/gcc/avr/5.4.0/../../../../avr/lib/avr5/memx-const\libc.a(atol_M.o)
 .comment       0x0000000000000000       0x2d c:/program files/microchip/xc8/v2.32/avr/bin/../lib/gcc/avr/5.4.0/../../../../avr/lib/avr5/memx-const\libc.a(atol_M.o)
 .stack.descriptors.hdr
                0x0000000000000000        0xe c:/program files/microchip/xc8/v2.32/avr/bin/../lib/gcc/avr/5.4.0/../../../../avr/lib/avr5/memx-const\libc.a(atol_M.o)
 .text          0x0000000000000000        0x0 c:/program files/microchip/xc8/v2.32/avr/bin/../lib/gcc/avr/5.4.0/../../../../avr/lib/avr5/memx-const\libc.a(strtol.o)
 .data          0x0000000000000000        0x0 c:/program files/microchip/xc8/v2.32/avr/bin/../lib/gcc/avr/5.4.0/../../../../avr/lib/avr5/memx-const\libc.a(strtol.o)
 .bss           0x0000000000000000        0x0 c:/program files/microchip/xc8/v2.32/avr/bin/../lib/gcc/avr/5.4.0/../../../../avr/lib/avr5/memx-const\libc.a(strtol.o)
 .stack.descriptors
                0x0000000000000000       0x14 c:/program files/microchip/xc8/v2.32/avr/bin/../lib/gcc/avr/5.4.0/../../../../avr/lib/avr5/memx-const\libc.a(strtol.o)
 .text.avrlibc  0x0000000000000000      0x2dc c:/program files/microchip/xc8/v2.32/avr/bin/../lib/gcc/avr/5.4.0/../../../../avr/lib/avr5/memx-const\libc.a(strtol.o)
 .comment       0x0000000000000000       0x2d c:/program files/microchip/xc8/v2.32/avr/bin/../lib/gcc/avr/5.4.0/../../../../avr/lib/avr5/memx-const\libc.a(strtol.o)
 .stack.descriptors.hdr
                0x0000000000000000        0xe c:/program files/microchip/xc8/v2.32/avr/bin/../lib/gcc/avr/5.4.0/../../../../avr/lib/avr5/memx-const\libc.a(strtol.o)
 .text          0x0000000000000000        0x0 c:/program files/microchip/xc8/v2.32/avr/bin/../lib/gcc/avr/5.4.0/../../../../avr/lib/avr5/memx-const\libc.a(isspace.o)
 .data          0x0000000000000000        0x0 c:/program files/microchip/xc8/v2.32/avr/bin/../lib/gcc/avr/5.4.0/../../../../avr/lib/avr5/memx-const\libc.a(isspace.o)
 .bss           0x0000000000000000        0x0 c:/program files/microchip/xc8/v2.32/avr/bin/../lib/gcc/avr/5.4.0/../../../../avr/lib/avr5/memx-const\libc.a(isspace.o)
 .text.avrlibc  0x0000000000000000       0x12 c:/program files/microchip/xc8/v2.32/avr/bin/../lib/gcc/avr/5.4.0/../../../../avr/lib/avr5/memx-const\libc.a(isspace.o)
 .stack.descriptors.hdr
                0x0000000000000000        0xe c:/program files/microchip/xc8/v2.32/avr/bin/../lib/gcc/avr/5.4.0/../../../../avr/lib/avr5/memx-const\libc.a(isspace.o)
 .stack.descriptors
                0x0000000000000000       0x15 c:/program files/microchip/xc8/v2.32/avr/bin/../lib/gcc/avr/5.4.0/../../../../avr/lib/avr5/memx-const\libc.a(isspace.o)
 .text          0x0000000000000000        0x0 c:/program files/microchip/xc8/v2.32/avr/bin/../lib/gcc/avr/5.4.0/../../../../avr/lib/avr5/memx-const\libc.a(strlen_M.o)
 .data          0x0000000000000000        0x0 c:/program files/microchip/xc8/v2.32/avr/bin/../lib/gcc/avr/5.4.0/../../../../avr/lib/avr5/memx-const\libc.a(strlen_M.o)
 .bss           0x0000000000000000        0x0 c:/program files/microchip/xc8/v2.32/avr/bin/../lib/gcc/avr/5.4.0/../../../../avr/lib/avr5/memx-const\libc.a(strlen_M.o)
 .stack.descriptors
                0x0000000000000000       0x14 c:/program files/microchip/xc8/v2.32/avr/bin/../lib/gcc/avr/5.4.0/../../../../avr/lib/avr5/memx-const\libc.a(strlen_M.o)
 .text.avrlibc  0x0000000000000000       0x2c c:/program files/microchip/xc8/v2.32/avr/bin/../lib/gcc/avr/5.4.0/../../../../avr/lib/avr5/memx-const\libc.a(strlen_M.o)
 .comment       0x0000000000000000       0x2d c:/program files/microchip/xc8/v2.32/avr/bin/../lib/gcc/avr/5.4.0/../../../../avr/lib/avr5/memx-const\libc.a(strlen_M.o)
 .stack.descriptors.hdr
                0x0000000000000000        0xe c:/program files/microchip/xc8/v2.32/avr/bin/../lib/gcc/avr/5.4.0/../../../../avr/lib/avr5/memx-const\libc.a(strlen_M.o)
 .text          0x0000000000000000        0x0 c:/program files/microchip/xc8/v2.32/avr/bin/../lib/gcc/avr/5.4.0/../../../../avr/lib/avr5/memx-const\libc.a(sprintf.o)
 .data          0x0000000000000000        0x0 c:/program files/microchip/xc8/v2.32/avr/bin/../lib/gcc/avr/5.4.0/../../../../avr/lib/avr5/memx-const\libc.a(sprintf.o)
 .bss           0x0000000000000000        0x0 c:/program files/microchip/xc8/v2.32/avr/bin/../lib/gcc/avr/5.4.0/../../../../avr/lib/avr5/memx-const\libc.a(sprintf.o)
 .stack.descriptors
                0x0000000000000000       0x15 c:/program files/microchip/xc8/v2.32/avr/bin/../lib/gcc/avr/5.4.0/../../../../avr/lib/avr5/memx-const\libc.a(sprintf.o)
 .text.avrlibc  0x0000000000000000       0x46 c:/program files/microchip/xc8/v2.32/avr/bin/../lib/gcc/avr/5.4.0/../../../../avr/lib/avr5/memx-const\libc.a(sprintf.o)
 .comment       0x0000000000000000       0x2d c:/program files/microchip/xc8/v2.32/avr/bin/../lib/gcc/avr/5.4.0/../../../../avr/lib/avr5/memx-const\libc.a(sprintf.o)
 .stack.descriptors.hdr
                0x0000000000000000        0xe c:/program files/microchip/xc8/v2.32/avr/bin/../lib/gcc/avr/5.4.0/../../../../avr/lib/avr5/memx-const\libc.a(sprintf.o)
 .text          0x0000000000000000        0x0 c:/program files/microchip/xc8/v2.32/avr/bin/../lib/gcc/avr/5.4.0/../../../../avr/lib/avr5/memx-const\libc.a(vfprintf_std.o)
 .data          0x0000000000000000        0x0 c:/program files/microchip/xc8/v2.32/avr/bin/../lib/gcc/avr/5.4.0/../../../../avr/lib/avr5/memx-const\libc.a(vfprintf_std.o)
 .bss           0x0000000000000000        0x0 c:/program files/microchip/xc8/v2.32/avr/bin/../lib/gcc/avr/5.4.0/../../../../avr/lib/avr5/memx-const\libc.a(vfprintf_std.o)
 .stack.descriptors
                0x0000000000000000       0x16 c:/program files/microchip/xc8/v2.32/avr/bin/../lib/gcc/avr/5.4.0/../../../../avr/lib/avr5/memx-const\libc.a(vfprintf_std.o)
 .text.avrlibc  0x0000000000000000      0x448 c:/program files/microchip/xc8/v2.32/avr/bin/../lib/gcc/avr/5.4.0/../../../../avr/lib/avr5/memx-const\libc.a(vfprintf_std.o)
 .comment       0x0000000000000000       0x2d c:/program files/microchip/xc8/v2.32/avr/bin/../lib/gcc/avr/5.4.0/../../../../avr/lib/avr5/memx-const\libc.a(vfprintf_std.o)
 .stack.descriptors.hdr
                0x0000000000000000        0xe c:/program files/microchip/xc8/v2.32/avr/bin/../lib/gcc/avr/5.4.0/../../../../avr/lib/avr5/memx-const\libc.a(vfprintf_std.o)
 .text          0x0000000000000000        0x0 c:/program files/microchip/xc8/v2.32/avr/bin/../lib/gcc/avr/5.4.0/../../../../avr/lib/avr5/memx-const\libc.a(errno.o)
 .data          0x0000000000000000        0x0 c:/program files/microchip/xc8/v2.32/avr/bin/../lib/gcc/avr/5.4.0/../../../../avr/lib/avr5/memx-const\libc.a(errno.o)
 .bss           0x0000000000000000        0x0 c:/program files/microchip/xc8/v2.32/avr/bin/../lib/gcc/avr/5.4.0/../../../../avr/lib/avr5/memx-const\libc.a(errno.o)
 .comment       0x0000000000000000       0x2d c:/program files/microchip/xc8/v2.32/avr/bin/../lib/gcc/avr/5.4.0/../../../../avr/lib/avr5/memx-const\libc.a(errno.o)
 .stack.descriptors.hdr
                0x0000000000000000        0xe c:/program files/microchip/xc8/v2.32/avr/bin/../lib/gcc/avr/5.4.0/../../../../avr/lib/avr5/memx-const\libc.a(errno.o)
 COMMON         0x0000000000000000        0x2 c:/program files/microchip/xc8/v2.32/avr/bin/../lib/gcc/avr/5.4.0/../../../../avr/lib/avr5/memx-const\libc.a(errno.o)
 .text          0x0000000000000000        0x0 c:/program files/microchip/xc8/v2.32/avr/bin/../lib/gcc/avr/5.4.0/../../../../avr/lib/avr5/memx-const\libc.a(cty_isfalse.o)
 .data          0x0000000000000000        0x0 c:/program files/microchip/xc8/v2.32/avr/bin/../lib/gcc/avr/5.4.0/../../../../avr/lib/avr5/memx-const\libc.a(cty_isfalse.o)
 .bss           0x0000000000000000        0x0 c:/program files/microchip/xc8/v2.32/avr/bin/../lib/gcc/avr/5.4.0/../../../../avr/lib/avr5/memx-const\libc.a(cty_isfalse.o)
 .text.avrlibc  0x0000000000000000        0x6 c:/program files/microchip/xc8/v2.32/avr/bin/../lib/gcc/avr/5.4.0/../../../../avr/lib/avr5/memx-const\libc.a(cty_isfalse.o)
 .stack.descriptors.hdr
                0x0000000000000000        0xe c:/program files/microchip/xc8/v2.32/avr/bin/../lib/gcc/avr/5.4.0/../../../../avr/lib/avr5/memx-const\libc.a(cty_isfalse.o)
 .stack.descriptors
                0x0000000000000000       0x39 c:/program files/microchip/xc8/v2.32/avr/bin/../lib/gcc/avr/5.4.0/../../../../avr/lib/avr5/memx-const\libc.a(cty_isfalse.o)
 .text          0x0000000000000000        0x0 c:/program files/microchip/xc8/v2.32/avr/bin/../lib/gcc/avr/5.4.0/../../../../avr/lib/avr5/memx-const\libc.a(strnlen_M.o)
 .data          0x0000000000000000        0x0 c:/program files/microchip/xc8/v2.32/avr/bin/../lib/gcc/avr/5.4.0/../../../../avr/lib/avr5/memx-const\libc.a(strnlen_M.o)
 .bss           0x0000000000000000        0x0 c:/program files/microchip/xc8/v2.32/avr/bin/../lib/gcc/avr/5.4.0/../../../../avr/lib/avr5/memx-const\libc.a(strnlen_M.o)
 .stack.descriptors
                0x0000000000000000       0x15 c:/program files/microchip/xc8/v2.32/avr/bin/../lib/gcc/avr/5.4.0/../../../../avr/lib/avr5/memx-const\libc.a(strnlen_M.o)
 .text.avrlibc  0x0000000000000000       0x36 c:/program files/microchip/xc8/v2.32/avr/bin/../lib/gcc/avr/5.4.0/../../../../avr/lib/avr5/memx-const\libc.a(strnlen_M.o)
 .comment       0x0000000000000000       0x2d c:/program files/microchip/xc8/v2.32/avr/bin/../lib/gcc/avr/5.4.0/../../../../avr/lib/avr5/memx-const\libc.a(strnlen_M.o)
 .stack.descriptors.hdr
                0x0000000000000000        0xe c:/program files/microchip/xc8/v2.32/avr/bin/../lib/gcc/avr/5.4.0/../../../../avr/lib/avr5/memx-const\libc.a(strnlen_M.o)
 .text          0x0000000000000000        0x0 c:/program files/microchip/xc8/v2.32/avr/bin/../lib/gcc/avr/5.4.0/../../../../avr/lib/avr5/memx-const\libc.a(fputc.o)
 .data          0x0000000000000000        0x0 c:/program files/microchip/xc8/v2.32/avr/bin/../lib/gcc/avr/5.4.0/../../../../avr/lib/avr5/memx-const\libc.a(fputc.o)
 .bss           0x0000000000000000        0x0 c:/program files/microchip/xc8/v2.32/avr/bin/../lib/gcc/avr/5.4.0/../../../../avr/lib/avr5/memx-const\libc.a(fputc.o)
 .stack.descriptors
                0x0000000000000000       0x13 c:/program files/microchip/xc8/v2.32/avr/bin/../lib/gcc/avr/5.4.0/../../../../avr/lib/avr5/memx-const\libc.a(fputc.o)
 .text.avrlibc  0x0000000000000000       0x78 c:/program files/microchip/xc8/v2.32/avr/bin/../lib/gcc/avr/5.4.0/../../../../avr/lib/avr5/memx-const\libc.a(fputc.o)
 .comment       0x0000000000000000       0x2d c:/program files/microchip/xc8/v2.32/avr/bin/../lib/gcc/avr/5.4.0/../../../../avr/lib/avr5/memx-const\libc.a(fputc.o)
 .stack.descriptors.hdr
                0x0000000000000000        0xe c:/program files/microchip/xc8/v2.32/avr/bin/../lib/gcc/avr/5.4.0/../../../../avr/lib/avr5/memx-const\libc.a(fputc.o)
 .text          0x0000000000000000        0x0 c:/program files/microchip/xc8/v2.32/avr/bin/../lib/gcc/avr/5.4.0/../../../../avr/lib/avr5/memx-const\libc.a(ultoa_invert.o)
 .data          0x0000000000000000        0x0 c:/program files/microchip/xc8/v2.32/avr/bin/../lib/gcc/avr/5.4.0/../../../../avr/lib/avr5/memx-const\libc.a(ultoa_invert.o)
 .bss           0x0000000000000000        0x0 c:/program files/microchip/xc8/v2.32/avr/bin/../lib/gcc/avr/5.4.0/../../../../avr/lib/avr5/memx-const\libc.a(ultoa_invert.o)
 .text.avrlibc  0x0000000000000000       0xbc c:/program files/microchip/xc8/v2.32/avr/bin/../lib/gcc/avr/5.4.0/../../../../avr/lib/avr5/memx-const\libc.a(ultoa_invert.o)
 .stack.descriptors.hdr
                0x0000000000000000        0xe c:/program files/microchip/xc8/v2.32/avr/bin/../lib/gcc/avr/5.4.0/../../../../avr/lib/avr5/memx-const\libc.a(ultoa_invert.o)
 .stack.descriptors
                0x0000000000000000       0x1c c:/program files/microchip/xc8/v2.32/avr/bin/../lib/gcc/avr/5.4.0/../../../../avr/lib/avr5/memx-const\libc.a(ultoa_invert.o)
 .text          0x0000000000000000        0x0 c:/program files/microchip/xc8/v2.32/avr/bin/../lib/gcc/avr/5.4.0/avr5/memx-const\libgcc.a(_prologue.o)
 .data          0x0000000000000000        0x0 c:/program files/microchip/xc8/v2.32/avr/bin/../lib/gcc/avr/5.4.0/avr5/memx-const\libgcc.a(_prologue.o)
 .bss           0x0000000000000000        0x0 c:/program files/microchip/xc8/v2.32/avr/bin/../lib/gcc/avr/5.4.0/avr5/memx-const\libgcc.a(_prologue.o)
 .text.libgcc.mul
                0x0000000000000000        0x0 c:/program files/microchip/xc8/v2.32/avr/bin/../lib/gcc/avr/5.4.0/avr5/memx-const\libgcc.a(_prologue.o)
 .text.libgcc.div
                0x0000000000000000        0x0 c:/program files/microchip/xc8/v2.32/avr/bin/../lib/gcc/avr/5.4.0/avr5/memx-const\libgcc.a(_prologue.o)
 .text.libgcc   0x0000000000000000        0x0 c:/program files/microchip/xc8/v2.32/avr/bin/../lib/gcc/avr/5.4.0/avr5/memx-const\libgcc.a(_prologue.o)
 .text.libgcc.prologue
                0x0000000000000000       0x38 c:/program files/microchip/xc8/v2.32/avr/bin/../lib/gcc/avr/5.4.0/avr5/memx-const\libgcc.a(_prologue.o)
 .text.libgcc.builtins
                0x0000000000000000        0x0 c:/program files/microchip/xc8/v2.32/avr/bin/../lib/gcc/avr/5.4.0/avr5/memx-const\libgcc.a(_prologue.o)
 .text.libgcc.fmul
                0x0000000000000000        0x0 c:/program files/microchip/xc8/v2.32/avr/bin/../lib/gcc/avr/5.4.0/avr5/memx-const\libgcc.a(_prologue.o)
 .text.libgcc.fixed
                0x0000000000000000        0x0 c:/program files/microchip/xc8/v2.32/avr/bin/../lib/gcc/avr/5.4.0/avr5/memx-const\libgcc.a(_prologue.o)
 .text          0x0000000000000000        0x0 c:/program files/microchip/xc8/v2.32/avr/bin/../lib/gcc/avr/5.4.0/avr5/memx-const\libgcc.a(_epilogue.o)
 .data          0x0000000000000000        0x0 c:/program files/microchip/xc8/v2.32/avr/bin/../lib/gcc/avr/5.4.0/avr5/memx-const\libgcc.a(_epilogue.o)
 .bss           0x0000000000000000        0x0 c:/program files/microchip/xc8/v2.32/avr/bin/../lib/gcc/avr/5.4.0/avr5/memx-const\libgcc.a(_epilogue.o)
 .text.libgcc.mul
                0x0000000000000000        0x0 c:/program files/microchip/xc8/v2.32/avr/bin/../lib/gcc/avr/5.4.0/avr5/memx-const\libgcc.a(_epilogue.o)
 .text.libgcc.div
                0x0000000000000000        0x0 c:/program files/microchip/xc8/v2.32/avr/bin/../lib/gcc/avr/5.4.0/avr5/memx-const\libgcc.a(_epilogue.o)
 .text.libgcc   0x0000000000000000        0x0 c:/program files/microchip/xc8/v2.32/avr/bin/../lib/gcc/avr/5.4.0/avr5/memx-const\libgcc.a(_epilogue.o)
 .text.libgcc.prologue
                0x0000000000000000       0x36 c:/program files/microchip/xc8/v2.32/avr/bin/../lib/gcc/avr/5.4.0/avr5/memx-const\libgcc.a(_epilogue.o)
 .text.libgcc.builtins
                0x0000000000000000        0x0 c:/program files/microchip/xc8/v2.32/avr/bin/../lib/gcc/avr/5.4.0/avr5/memx-const\libgcc.a(_epilogue.o)
 .text.libgcc.fmul
                0x0000000000000000        0x0 c:/program files/microchip/xc8/v2.32/avr/bin/../lib/gcc/avr/5.4.0/avr5/memx-const\libgcc.a(_epilogue.o)
 .text.libgcc.fixed
                0x0000000000000000        0x0 c:/program files/microchip/xc8/v2.32/avr/bin/../lib/gcc/avr/5.4.0/avr5/memx-const\libgcc.a(_epilogue.o)

Memory Configuration

Name             Origin             Length             Attributes
text             0x0000000000000000 0x0000000000008000 xr
data             0x0000000000800100 0x0000000000000800 rw !x
eeprom           0x0000000000810000 0x0000000000000400 rw !x
fuse             0x0000000000820000 0x0000000000000003 rw !x
lock             0x0000000000830000 0x0000000000000400 rw !x
signature        0x0000000000840000 0x0000000000000400 rw !x
user_signatures  0x0000000000850000 0x0000000000000400 rw !x
*default*        0x0000000000000000 0xffffffffffffffff

Linker script and memory map

Address of section .data set to 0x800100
LOAD C:/Program Files/Microchip/MPLABX/v6.00/packs/Microchip/ATmega_DFP/2.4.131/xc8/avr/lib/avr5/memx-const/crtatmega328p.o
                0x0000000000000001                __MPLAB_BUILD = 0x1
LOAD build/default/production/src/AppCommuincation.o
LOAD build/default/production/src/softRtc.o
LOAD build/default/production/src/app.o
LOAD D:\Company\SMART\MEGA\mega.X\dist\Atmega328\production\mega.X.a
START GROUP
LOAD c:/program files/microchip/xc8/v2.32/avr/bin/../lib/gcc/avr/5.4.0/../../../../avr/lib/avr5/memx-const\libm.a
END GROUP
START GROUP
LOAD c:/program files/microchip/xc8/v2.32/avr/bin/../lib/gcc/avr/5.4.0/avr5/memx-const\libgcc.a
LOAD c:/program files/microchip/xc8/v2.32/avr/bin/../lib/gcc/avr/5.4.0/../../../../avr/lib/avr5/memx-const\libm.a
LOAD c:/program files/microchip/xc8/v2.32/avr/bin/../lib/gcc/avr/5.4.0/../../../../avr/lib/avr5/memx-const\libc.a
LOAD C:/Program Files/Microchip/MPLABX/v6.00/packs/Microchip/ATmega_DFP/2.4.131/xc8/avr/lib/avr5/memx-const\libatmega328p.a
END GROUP
                0x0000000000000000                __TEXT_REGION_ORIGIN__ = DEFINED (__TEXT_REGION_ORIGIN__)?__TEXT_REGION_ORIGIN__:0x0
                [0x0000000000800100]                __DATA_REGION_ORIGIN__ = DEFINED (__DATA_REGION_ORIGIN__)?__DATA_REGION_ORIGIN__:0x800060
                [0x0000000000008000]                __TEXT_REGION_LENGTH__ = DEFINED (__TEXT_REGION_LENGTH__)?__TEXT_REGION_LENGTH__:0x20000
                [0x0000000000000800]                __DATA_REGION_LENGTH__ = DEFINED (__DATA_REGION_LENGTH__)?__DATA_REGION_LENGTH__:0xffa0
                [0x0000000000000400]                __EEPROM_REGION_LENGTH__ = DEFINED (__EEPROM_REGION_LENGTH__)?__EEPROM_REGION_LENGTH__:0x10000
                [0x0000000000000003]                __FUSE_REGION_LENGTH__ = DEFINED (__FUSE_REGION_LENGTH__)?__FUSE_REGION_LENGTH__:0x400
                0x0000000000000400                __LOCK_REGION_LENGTH__ = DEFINED (__LOCK_REGION_LENGTH__)?__LOCK_REGION_LENGTH__:0x400
                0x0000000000000400                __SIGNATURE_REGION_LENGTH__ = DEFINED (__SIGNATURE_REGION_LENGTH__)?__SIGNATURE_REGION_LENGTH__:0x400
                0x0000000000000400                __USER_SIGNATURE_REGION_LENGTH__ = DEFINED (__USER_SIGNATURE_REGION_LENGTH__)?__USER_SIGNATURE_REGION_LENGTH__:0x400

.hash
 *(.hash)

.dynsym
 *(.dynsym)

.dynstr
 *(.dynstr)

.gnu.version
 *(.gnu.version)

.gnu.version_d
 *(.gnu.version_d)

.gnu.version_r
 *(.gnu.version_r)

.rel.init
 *(.rel.init)

.rela.init
 *(.rela.init)

.rel.text
 *(.rel.text)
 *(.rel.text.*)
 *(.rel.gnu.linkonce.t*)

.rela.text
 *(.rela.text)
 *(.rela.text.*)
 *(.rela.gnu.linkonce.t*)

.rel.fini
 *(.rel.fini)

.rela.fini
 *(.rela.fini)

.rel.rodata
 *(.rel.rodata)
 *(.rel.rodata.*)
 *(.rel.gnu.linkonce.r*)

.rela.rodata
 *(.rela.rodata)
 *(.rela.rodata.*)
 *(.rela.gnu.linkonce.r*)

.rel.data
 *(.rel.data)
 *(.rel.data.*)
 *(.rel.gnu.linkonce.d*)

.rela.data
 *(.rela.data)
 *(.rela.data.*)
 *(.rela.gnu.linkonce.d*)

.rel.ctors
 *(.rel.ctors)

.rela.ctors
 *(.rela.ctors)

.rel.dtors
 *(.rel.dtors)

.rela.dtors
 *(.rela.dtors)

.rel.got
 *(.rel.got)

.rela.got
 *(.rela.got)

.rel.bss
 *(.rel.bss)

.rela.bss
 *(.rela.bss)

.rel.plt
 *(.rel.plt)

.rela.plt
 *(.rela.plt)

.text           0x0000000000000000       0xc2
 *(.vectors)
 .vectors       0x0000000000000000       0x68 C:/Program Files/Microchip/MPLABX/v6.00/packs/Microchip/ATmega_DFP/2.4.131/xc8/avr/lib/avr5/memx-const/crtatmega328p.o
                0x0000000000000000                __vector_default
                0x0000000000000000                __vectors
 *(.vectors)
 *(.progmem.gcc*)
 *(.dinit)
 .dinit         0x0000000000000068        0x5 data_init
                0x000000000000006e                . = ALIGN (0x2)
 *fill*         0x000000000000006d        0x1 
                0x000000000000006e                __trampolines_start = .
 *(.trampolines)
 .trampolines   0x000000000000006e        0x0 linker stubs
 *(.trampolines*)
                0x000000000000006e                __trampolines_end = .
 *libprintf_flt.a:*(.progmem.data)
 *libc.a:*(.progmem.data)
                0x000000000000006e                . = ALIGN (0x2)
 *(.jumptables)
 *(.jumptables*)
 *(.lowtext)
 *(.lowtext*)
                0x000000000000006e                __ctors_start = .
 *(.ctors)
                0x000000000000006e                __ctors_end = .
                0x000000000000006e                __dtors_start = .
 *(.dtors)
                0x000000000000006e                __dtors_end = .
 SORT(*)(.ctors)
 SORT(*)(.dtors)
 *(.init0)
 .init0         0x000000000000006e        0x0 C:/Program Files/Microchip/MPLABX/v6.00/packs/Microchip/ATmega_DFP/2.4.131/xc8/avr/lib/avr5/memx-const/crtatmega328p.o
                0x000000000000006e                __init
 *(.init0)
 *(.init1)
 *(.init1)
 *(.init2)
 .init2         0x000000000000006e        0xc C:/Program Files/Microchip/MPLABX/v6.00/packs/Microchip/ATmega_DFP/2.4.131/xc8/avr/lib/avr5/memx-const/crtatmega328p.o
 *(.init2)
 *(.init3)
 *(.init3)
 *(.init4)
 .init4         0x000000000000007a       0x3c c:/program files/microchip/xc8/v2.32/avr/bin/../lib/gcc/avr/5.4.0/avr5/memx-const\libgcc.a(_copy_data.o)
                0x000000000000007a                __do_copy_data
                0x00000000000000a8                __do_clear_bss
 *(.init4)
 *(.init5)
 *(.init5)
 *(.init6)
 *(.init6)
 *(.init7)
 *(.init7)
 *(.init8)
 *(.init8)
 *(.init9)
 .init9         0x00000000000000b6        0x8 C:/Program Files/Microchip/MPLABX/v6.00/packs/Microchip/ATmega_DFP/2.4.131/xc8/avr/lib/avr5/memx-const/crtatmega328p.o
 *(.init9)
                0x00000000000000be                . = ALIGN (0x2)
 *(.fini9)
 .fini9         0x00000000000000be        0x0 c:/program files/microchip/xc8/v2.32/avr/bin/../lib/gcc/avr/5.4.0/avr5/memx-const\libgcc.a(_exit.o)
                0x00000000000000be                _exit
                0x00000000000000be                exit
 *(.fini9)
 *(.fini8)
 *(.fini8)
 *(.fini7)
 *(.fini7)
 *(.fini6)
 *(.fini6)
 *(.fini5)
 *(.fini5)
 *(.fini4)
 *(.fini4)
 *(.fini3)
 *(.fini3)
 *(.fini2)
 *(.fini2)
 *(.fini1)
 *(.fini1)
 *(.fini0)
 .fini0         0x00000000000000be        0x4 c:/program files/microchip/xc8/v2.32/avr/bin/../lib/gcc/avr/5.4.0/avr5/memx-const\libgcc.a(_exit.o)
 *(.fini0)
                0x00000000000000c2                _etext = .

.data           0x0000000000800100        0x0 load address 0x00000000000000c2
                [!provide]                        PROVIDE (__data_start, .)
 *(.gnu.linkonce.d*)
 *(.gnu.linkonce.r*)
                0x0000000000800100                . = ALIGN (0x2)
                0x0000000000800100                _edata = .
                [!provide]                        PROVIDE (__data_end, .)

.bss            0x0000000000800100      0x21c
                [!provide]                        PROVIDE (__bss_start, .)
 *(COMMON)
 COMMON         0x0000000000800100      0x217 build/default/production/src/AppCommuincation.o
                0x0000000000800100                gu8sentSec
                0x0000000000800101                gu8StartComm
                0x0000000000800102                gu8ssdData
                0x0000000000800105                gu8CurrentIndex
                0x0000000000800106                gu8appCommState
                0x0000000000800107                gu8TimeIndex
                0x0000000000800108                gu8appAddress
                0x0000000000800109                gu8GenralState
                0x000000000080010a                gu8ZoneFrameIndex
                0x000000000080010b                gsPingTimer
                0x0000000000800113                gu8Displaydata
                0x0000000000800313                gu8RequestState
                0x0000000000800314                gu8CallPoint
 COMMON         0x0000000000800317        0x5 build/default/production/src/softRtc.o
                0x0000000000800317                gu32RTC
                0x000000000080031b                gu8TanthSec
                [!provide]                        PROVIDE (__bss_end, .)
                0x00000000000000c2                __data_load_start = LOADADDR (.data)
                0x00000000000000c2                __data_load_end = (__data_load_start + SIZEOF (.data))

.noinit         0x000000000080031c        0x0
                [!provide]                        PROVIDE (__noinit_start, .)
 *(.noinit*)
                [!provide]                        PROVIDE (__noinit_end, .)
                0x000000000080031c                _end = .

.eeprom         0x0000000000810000        0x0
 *(.eeprom*)
                0x0000000000810000                __eeprom_end = .

.fuse
 *(.fuse)
 *(.lfuse)
 *(.hfuse)
 *(.efuse)

.lock
 *(.lock*)

.signature
 *(.signature*)

.user_signatures
 *(.user_signatures*)

.stab
 *(.stab)

.stabstr
 *(.stabstr)

.stab.excl
 *(.stab.excl)

.stab.exclstr
 *(.stab.exclstr)

.stab.index
 *(.stab.index)

.stab.indexstr
 *(.stab.indexstr)

.comment        0x0000000000000000       0x2f
 *(.comment)
 .comment       0x0000000000000000       0x2f build/default/production/src/AppCommuincation.o
                                         0x30 (size before relaxing)
 .comment       0x000000000000002f       0x30 build/default/production/src/softRtc.o
 .comment       0x000000000000002f       0x30 build/default/production/src/app.o
 .comment       0x000000000000002f       0x30 D:\Company\SMART\MEGA\mega.X\dist\Atmega328\production\mega.X.a(sys.o)
 .comment       0x000000000000002f       0x30 D:\Company\SMART\MEGA\mega.X\dist\Atmega328\production\mega.X.a(eeprom.o)
 .comment       0x000000000000002f       0x30 D:\Company\SMART\MEGA\mega.X\dist\Atmega328\production\mega.X.a(csma_cd.o)
 .comment       0x000000000000002f       0x30 D:\Company\SMART\MEGA\mega.X\dist\Atmega328\production\mega.X.a(utility.o)
 .comment       0x000000000000002f       0x30 D:\Company\SMART\MEGA\mega.X\dist\Atmega328\production\mega.X.a(SSD.o)
 .comment       0x000000000000002f       0x30 D:\Company\SMART\MEGA\mega.X\dist\Atmega328\production\mega.X.a(mega.o)
 .comment       0x000000000000002f       0x30 D:\Company\SMART\MEGA\mega.X\dist\Atmega328\production\mega.X.a(buz.o)

.codecov_info.hdr
                0x0000000000000000       0x10
 .codecov_info.hdr
                0x0000000000000000       0x10 build/default/production/src/AppCommuincation.o

.codecov_info   0x0000000000000000      0xe6c
 .codecov_info  0x0000000000000000      0xd64 build/default/production/src/AppCommuincation.o
 .codecov_info  0x0000000000000d64       0x94 build/default/production/src/softRtc.o
 .codecov_info  0x0000000000000df8       0x74 build/default/production/src/app.o

.stack.descriptors.hdr
                0x0000000000000000       0x38
 .stack.descriptors.hdr
                0x0000000000000000        0xe c:/program files/microchip/xc8/v2.32/avr/bin/../lib/gcc/avr/5.4.0/avr5/memx-const\libgcc.a(_udivmodsi4.o)
 .stack.descriptors.hdr
                0x000000000000000e        0xe c:/program files/microchip/xc8/v2.32/avr/bin/../lib/gcc/avr/5.4.0/avr5/memx-const\libgcc.a(_exit.o)
 .stack.descriptors.hdr
                0x000000000000001c        0xe c:/program files/microchip/xc8/v2.32/avr/bin/../lib/gcc/avr/5.4.0/avr5/memx-const\libgcc.a(_muluhisi3.o)
 .stack.descriptors.hdr
                0x000000000000002a        0xe c:/program files/microchip/xc8/v2.32/avr/bin/../lib/gcc/avr/5.4.0/avr5/memx-const\libgcc.a(_umulhisi3.o)

.note.gnu.build-id
 *(.note.gnu.build-id)

.debug
 *(.debug)

.line
 *(.line)

.debug_srcinfo
 *(.debug_srcinfo)

.debug_sfnames
 *(.debug_sfnames)

.debug_aranges  0x0000000000000000      0x338
 *(.debug_aranges)
 .debug_aranges
                0x0000000000000000       0x70 build/default/production/src/AppCommuincation.o
 .debug_aranges
                0x0000000000000070       0x28 build/default/production/src/softRtc.o
 .debug_aranges
                0x0000000000000098       0x38 build/default/production/src/app.o
 .debug_aranges
                0x00000000000000d0       0x58 D:\Company\SMART\MEGA\mega.X\dist\Atmega328\production\mega.X.a(sys.o)
 .debug_aranges
                0x0000000000000128       0x28 D:\Company\SMART\MEGA\mega.X\dist\Atmega328\production\mega.X.a(eeprom.o)
 .debug_aranges
                0x0000000000000150       0xb0 D:\Company\SMART\MEGA\mega.X\dist\Atmega328\production\mega.X.a(csma_cd.o)
 .debug_aranges
                0x0000000000000200       0x58 D:\Company\SMART\MEGA\mega.X\dist\Atmega328\production\mega.X.a(utility.o)
 .debug_aranges
                0x0000000000000258       0x70 D:\Company\SMART\MEGA\mega.X\dist\Atmega328\production\mega.X.a(SSD.o)
 .debug_aranges
                0x00000000000002c8       0x20 D:\Company\SMART\MEGA\mega.X\dist\Atmega328\production\mega.X.a(mega.o)
 .debug_aranges
                0x00000000000002e8       0x50 D:\Company\SMART\MEGA\mega.X\dist\Atmega328\production\mega.X.a(buz.o)

.debug_pubnames
 *(.debug_pubnames)

.debug_info     0x0000000000000000     0x5774
 *(.debug_info .gnu.linkonce.wi.*)
 .debug_info    0x0000000000000000      0x5f4 C:/Program Files/Microchip/MPLABX/v6.00/packs/Microchip/ATmega_DFP/2.4.131/xc8/avr/lib/avr5/memx-const/crtatmega328p.o
 .debug_info    0x00000000000005f4     0x114b build/default/production/src/AppCommuincation.o
 .debug_info    0x000000000000173f      0x2e7 build/default/production/src/softRtc.o
 .debug_info    0x0000000000001a26      0x3a0 build/default/production/src/app.o
 .debug_info    0x0000000000001dc6      0x6ed D:\Company\SMART\MEGA\mega.X\dist\Atmega328\production\mega.X.a(sys.o)
 .debug_info    0x00000000000024b3      0x2fe D:\Company\SMART\MEGA\mega.X\dist\Atmega328\production\mega.X.a(eeprom.o)
 .debug_info    0x00000000000027b1      0xc55 D:\Company\SMART\MEGA\mega.X\dist\Atmega328\production\mega.X.a(csma_cd.o)
 .debug_info    0x0000000000003406      0x829 D:\Company\SMART\MEGA\mega.X\dist\Atmega328\production\mega.X.a(utility.o)
 .debug_info    0x0000000000003c2f      0xf4e D:\Company\SMART\MEGA\mega.X\dist\Atmega328\production\mega.X.a(SSD.o)
 .debug_info    0x0000000000004b7d      0x430 D:\Company\SMART\MEGA\mega.X\dist\Atmega328\production\mega.X.a(mega.o)
 .debug_info    0x0000000000004fad      0x7c7 D:\Company\SMART\MEGA\mega.X\dist\Atmega328\production\mega.X.a(buz.o)

.debug_abbrev   0x0000000000000000     0x16ee
 *(.debug_abbrev)
 .debug_abbrev  0x0000000000000000      0x5a2 C:/Program Files/Microchip/MPLABX/v6.00/packs/Microchip/ATmega_DFP/2.4.131/xc8/avr/lib/avr5/memx-const/crtatmega328p.o
 .debug_abbrev  0x00000000000005a2      0x2d7 build/default/production/src/AppCommuincation.o
 .debug_abbrev  0x0000000000000879       0x5c build/default/production/src/softRtc.o
 .debug_abbrev  0x00000000000008d5       0xff build/default/production/src/app.o
 .debug_abbrev  0x00000000000009d4      0x1c9 D:\Company\SMART\MEGA\mega.X\dist\Atmega328\production\mega.X.a(sys.o)
 .debug_abbrev  0x0000000000000b9d       0xa7 D:\Company\SMART\MEGA\mega.X\dist\Atmega328\production\mega.X.a(eeprom.o)
 .debug_abbrev  0x0000000000000c44      0x323 D:\Company\SMART\MEGA\mega.X\dist\Atmega328\production\mega.X.a(csma_cd.o)
 .debug_abbrev  0x0000000000000f67      0x1ea D:\Company\SMART\MEGA\mega.X\dist\Atmega328\production\mega.X.a(utility.o)
 .debug_abbrev  0x0000000000001151      0x304 D:\Company\SMART\MEGA\mega.X\dist\Atmega328\production\mega.X.a(SSD.o)
 .debug_abbrev  0x0000000000001455       0xd0 D:\Company\SMART\MEGA\mega.X\dist\Atmega328\production\mega.X.a(mega.o)
 .debug_abbrev  0x0000000000001525      0x1c9 D:\Company\SMART\MEGA\mega.X\dist\Atmega328\production\mega.X.a(buz.o)

.debug_line     0x0000000000000000     0x22d4
 *(.debug_line .debug_line.* .debug_line_end)
 .debug_line    0x0000000000000000      0x137 C:/Program Files/Microchip/MPLABX/v6.00/packs/Microchip/ATmega_DFP/2.4.131/xc8/avr/lib/avr5/memx-const/crtatmega328p.o
 .debug_line    0x0000000000000137      0x7cb build/default/production/src/AppCommuincation.o
 .debug_line    0x0000000000000902       0xed build/default/production/src/softRtc.o
 .debug_line    0x00000000000009ef      0x148 build/default/production/src/app.o
 .debug_line    0x0000000000000b37      0x337 D:\Company\SMART\MEGA\mega.X\dist\Atmega328\production\mega.X.a(sys.o)
 .debug_line    0x0000000000000e6e       0xfe D:\Company\SMART\MEGA\mega.X\dist\Atmega328\production\mega.X.a(eeprom.o)
 .debug_line    0x0000000000000f6c      0x6af D:\Company\SMART\MEGA\mega.X\dist\Atmega328\production\mega.X.a(csma_cd.o)
 .debug_line    0x000000000000161b      0x378 D:\Company\SMART\MEGA\mega.X\dist\Atmega328\production\mega.X.a(utility.o)
 .debug_line    0x0000000000001993      0x57d D:\Company\SMART\MEGA\mega.X\dist\Atmega328\production\mega.X.a(SSD.o)
 .debug_line    0x0000000000001f10      0x1b0 D:\Company\SMART\MEGA\mega.X\dist\Atmega328\production\mega.X.a(mega.o)
 .debug_line    0x00000000000020c0      0x214 D:\Company\SMART\MEGA\mega.X\dist\Atmega328\production\mega.X.a(buz.o)

.debug_frame    0x0000000000000000      0x7bc
 *(.debug_frame)
 .debug_frame   0x0000000000000000      0x11c build/default/production/src/AppCommuincation.o
 .debug_frame   0x000000000000011c       0x34 build/default/production/src/softRtc.o
 .debug_frame   0x0000000000000150       0x54 build/default/production/src/app.o
 .debug_frame   0x00000000000001a4      0x150 D:\Company\SMART\MEGA\mega.X\dist\Atmega328\production\mega.X.a(sys.o)
 .debug_frame   0x00000000000002f4       0x34 D:\Company\SMART\MEGA\mega.X\dist\Atmega328\production\mega.X.a(eeprom.o)
 .debug_frame   0x0000000000000328      0x1dc D:\Company\SMART\MEGA\mega.X\dist\Atmega328\production\mega.X.a(csma_cd.o)
 .debug_frame   0x0000000000000504      0x12c D:\Company\SMART\MEGA\mega.X\dist\Atmega328\production\mega.X.a(utility.o)
 .debug_frame   0x0000000000000630       0xd0 D:\Company\SMART\MEGA\mega.X\dist\Atmega328\production\mega.X.a(SSD.o)
 .debug_frame   0x0000000000000700       0x24 D:\Company\SMART\MEGA\mega.X\dist\Atmega328\production\mega.X.a(mega.o)
 .debug_frame   0x0000000000000724       0x98 D:\Company\SMART\MEGA\mega.X\dist\Atmega328\production\mega.X.a(buz.o)

.debug_str      0x0000000000000000      0x416
 *(.debug_str)
 .debug_str     0x0000000000000000      0x208 C:/Program Files/Microchip/MPLABX/v6.00/packs/Microchip/ATmega_DFP/2.4.131/xc8/avr/lib/avr5/memx-const/crtatmega328p.o
 .debug_str     0x0000000000000208       0xd2 build/default/production/src/AppCommuincation.o
 .debug_str     0x00000000000002da        0x0 build/default/production/src/softRtc.o
 .debug_str     0x00000000000002da       0x50 build/default/production/src/app.o
 .debug_str     0x000000000000032a       0x1d D:\Company\SMART\MEGA\mega.X\dist\Atmega328\production\mega.X.a(sys.o)
 .debug_str     0x0000000000000347        0xe D:\Company\SMART\MEGA\mega.X\dist\Atmega328\production\mega.X.a(eeprom.o)
 .debug_str     0x0000000000000355        0xd D:\Company\SMART\MEGA\mega.X\dist\Atmega328\production\mega.X.a(csma_cd.o)
 .debug_str     0x0000000000000362        0xe D:\Company\SMART\MEGA\mega.X\dist\Atmega328\production\mega.X.a(utility.o)
 .debug_str     0x0000000000000370       0x46 D:\Company\SMART\MEGA\mega.X\dist\Atmega328\production\mega.X.a(SSD.o)
 .debug_str     0x00000000000003b6       0x37 D:\Company\SMART\MEGA\mega.X\dist\Atmega328\production\mega.X.a(mega.o)
 .debug_str     0x00000000000003ed       0x29 D:\Company\SMART\MEGA\mega.X\dist\Atmega328\production\mega.X.a(buz.o)

.debug_loc      0x0000000000000000     0x2352
 *(.debug_loc)
 .debug_loc     0x0000000000000000      0x4e1 build/default/production/src/AppCommuincation.o
 .debug_loc     0x00000000000004e1      0x497 D:\Company\SMART\MEGA\mega.X\dist\Atmega328\production\mega.X.a(sys.o)
 .debug_loc     0x0000000000000978       0x28 D:\Company\SMART\MEGA\mega.X\dist\Atmega328\production\mega.X.a(eeprom.o)
 .debug_loc     0x00000000000009a0      0x681 D:\Company\SMART\MEGA\mega.X\dist\Atmega328\production\mega.X.a(csma_cd.o)
 .debug_loc     0x0000000000001021      0x5ce D:\Company\SMART\MEGA\mega.X\dist\Atmega328\production\mega.X.a(utility.o)
 .debug_loc     0x00000000000015ef      0xa86 D:\Company\SMART\MEGA\mega.X\dist\Atmega328\production\mega.X.a(SSD.o)
 .debug_loc     0x0000000000002075       0x28 D:\Company\SMART\MEGA\mega.X\dist\Atmega328\production\mega.X.a(mega.o)
 .debug_loc     0x000000000000209d      0x2b5 D:\Company\SMART\MEGA\mega.X\dist\Atmega328\production\mega.X.a(buz.o)

.debug_macinfo
 *(.debug_macinfo)

.debug_weaknames
 *(.debug_weaknames)

.debug_funcnames
 *(.debug_funcnames)

.debug_typenames
 *(.debug_typenames)

.debug_varnames
 *(.debug_varnames)

.debug_pubtypes
 *(.debug_pubtypes)

.debug_ranges   0x0000000000000000      0x560
 *(.debug_ranges)
 .debug_ranges  0x0000000000000000       0xc0 build/default/production/src/AppCommuincation.o
 .debug_ranges  0x00000000000000c0       0x18 build/default/production/src/softRtc.o
 .debug_ranges  0x00000000000000d8       0x28 build/default/production/src/app.o
 .debug_ranges  0x0000000000000100       0x60 D:\Company\SMART\MEGA\mega.X\dist\Atmega328\production\mega.X.a(sys.o)
 .debug_ranges  0x0000000000000160       0x18 D:\Company\SMART\MEGA\mega.X\dist\Atmega328\production\mega.X.a(eeprom.o)
 .debug_ranges  0x0000000000000178       0xd0 D:\Company\SMART\MEGA\mega.X\dist\Atmega328\production\mega.X.a(csma_cd.o)
 .debug_ranges  0x0000000000000248       0x60 D:\Company\SMART\MEGA\mega.X\dist\Atmega328\production\mega.X.a(utility.o)
 .debug_ranges  0x00000000000002a8      0x238 D:\Company\SMART\MEGA\mega.X\dist\Atmega328\production\mega.X.a(SSD.o)
 .debug_ranges  0x00000000000004e0       0x10 D:\Company\SMART\MEGA\mega.X\dist\Atmega328\production\mega.X.a(mega.o)
 .debug_ranges  0x00000000000004f0       0x70 D:\Company\SMART\MEGA\mega.X\dist\Atmega328\production\mega.X.a(buz.o)

.debug_macro
 *(.debug_macro)
OUTPUT(dist/default/production/appDisplay.X.production.elf elf32-avr)
LOAD linker stubs
LOAD data_init

.note.gnu.avr.deviceinfo
                0x0000000000000000       0x40
 .note.gnu.avr.deviceinfo
                0x0000000000000000       0x40 C:/Program Files/Microchip/MPLABX/v6.00/packs/Microchip/ATmega_DFP/2.4.131/xc8/avr/lib/avr5/memx-const/crtatmega328p.o

.bss            0x0000000000800340        0xa
 .bss           0x0000000000800340        0xa build/default/production/src/AppCommuincation.o

.bss            0x0000000000800383        0x1
 .bss           0x0000000000800383        0x1 build/default/production/src/softRtc.o

.bss            0x0000000000800384        0x1
 .bss           0x0000000000800384        0x1 build/default/production/src/app.o

.bss.gTaskTick  0x0000000000800385        0x1
 .bss.gTaskTick
                0x0000000000800385        0x1 D:\Company\SMART\MEGA\mega.X\dist\Atmega328\production\mega.X.a(sys.o)
                0x0000000000800385                gTaskTick

.bss.gSystemTick
                0x0000000000800375        0x4
 .bss.gSystemTick
                0x0000000000800375        0x4 D:\Company\SMART\MEGA\mega.X\dist\Atmega328\production\mega.X.a(sys.o)
                0x0000000000800375                gSystemTick

.bss.gsTransmissionFrame
                0x000000000080034a        0xa
 .bss.gsTransmissionFrame
                0x000000000080034a        0xa D:\Company\SMART\MEGA\mega.X\dist\Atmega328\production\mega.X.a(csma_cd.o)
                0x000000000080034a                gsTransmissionFrame

.bss.gsReceiveFrame
                0x0000000000800354        0xa
 .bss.gsReceiveFrame
                0x0000000000800354        0xa D:\Company\SMART\MEGA\mega.X\dist\Atmega328\production\mega.X.a(csma_cd.o)
                0x0000000000800354                gsReceiveFrame

.bss.gu8SendBuf
                0x000000000080032a        0xb
 .bss.gu8SendBuf
                0x000000000080032a        0xb D:\Company\SMART\MEGA\mega.X\dist\Atmega328\production\mega.X.a(csma_cd.o)
                0x000000000080032a                gu8SendBuf

.bss.gu8ReceiveBuf
                0x0000000000800335        0xb
 .bss.gu8ReceiveBuf
                0x0000000000800335        0xb D:\Company\SMART\MEGA\mega.X\dist\Atmega328\production\mega.X.a(csma_cd.o)
                0x0000000000800335                gu8ReceiveBuf

.bss.gpFcomClientCallback
                0x000000000080037d        0x2
 .bss.gpFcomClientCallback
                0x000000000080037d        0x2 D:\Company\SMART\MEGA\mega.X\dist\Atmega328\production\mega.X.a(csma_cd.o)
                0x000000000080037d                gpFcomClientCallback

.bss.gpFcomHostCallback
                0x000000000080037f        0x2
 .bss.gpFcomHostCallback
                0x000000000080037f        0x2 D:\Company\SMART\MEGA\mega.X\dist\Atmega328\production\mega.X.a(csma_cd.o)
                0x000000000080037f                gpFcomHostCallback

.bss.gu8Address
                0x0000000000800386        0x1
 .bss.gu8Address
                0x0000000000800386        0x1 D:\Company\SMART\MEGA\mega.X\dist\Atmega328\production\mega.X.a(csma_cd.o)
                0x0000000000800386                gu8Address

.bss.gu8SendByteCount
                0x0000000000800387        0x1
 .bss.gu8SendByteCount
                0x0000000000800387        0x1 D:\Company\SMART\MEGA\mega.X\dist\Atmega328\production\mega.X.a(csma_cd.o)
                0x0000000000800387                gu8SendByteCount

.bss.gu8ReceiveByteCount
                0x0000000000800388        0x1
 .bss.gu8ReceiveByteCount
                0x0000000000800388        0x1 D:\Company\SMART\MEGA\mega.X\dist\Atmega328\production\mega.X.a(csma_cd.o)
                0x0000000000800388                gu8ReceiveByteCount

.bss.gu8csmaStatus
                0x0000000000800389        0x1
 .bss.gu8csmaStatus
                0x0000000000800389        0x1 D:\Company\SMART\MEGA\mega.X\dist\Atmega328\production\mega.X.a(csma_cd.o)
                0x0000000000800389                gu8csmaStatus

.bss.gu8collisionCounter
                0x000000000080038a        0x1
 .bss.gu8collisionCounter
                0x000000000080038a        0x1 D:\Company\SMART\MEGA\mega.X\dist\Atmega328\production\mega.X.a(csma_cd.o)
                0x000000000080038a                gu8collisionCounter

.bss.gu16timeValue
                0x0000000000800381        0x2
 .bss.gu16timeValue
                0x0000000000800381        0x2 D:\Company\SMART\MEGA\mega.X\dist\Atmega328\production\mega.X.a(csma_cd.o)
                0x0000000000800381                gu16timeValue

.bss.gu8ssdLedCounter
                0x000000000080038b        0x1
 .bss.gu8ssdLedCounter
                0x000000000080038b        0x1 D:\Company\SMART\MEGA\mega.X\dist\Atmega328\production\mega.X.a(SSD.o)
                0x000000000080038b                gu8ssdLedCounter

.bss.gu8ssdDigitCounter
                0x000000000080038c        0x1
 .bss.gu8ssdDigitCounter
                0x000000000080038c        0x1 D:\Company\SMART\MEGA\mega.X\dist\Atmega328\production\mega.X.a(SSD.o)
                0x000000000080038c                gu8ssdDigitCounter

.bss.gu8ssdState
                0x000000000080038d        0x1
 .bss.gu8ssdState
                0x000000000080038d        0x1 D:\Company\SMART\MEGA\mega.X\dist\Atmega328\production\mega.X.a(SSD.o)
                0x000000000080038d                gu8ssdState

.bss.gu8ssdDataIndex
                0x000000000080038e        0x1
 .bss.gu8ssdDataIndex
                0x000000000080038e        0x1 D:\Company\SMART\MEGA\mega.X\dist\Atmega328\production\mega.X.a(SSD.o)
                0x000000000080038e                gu8ssdDataIndex

.bss.gu8ssdCurrentDigit
                0x000000000080038f        0x1
 .bss.gu8ssdCurrentDigit
                0x000000000080038f        0x1 D:\Company\SMART\MEGA\mega.X\dist\Atmega328\production\mega.X.a(SSD.o)
                0x000000000080038f                gu8ssdCurrentDigit

.bss.gu8EndDigit
                0x0000000000800390        0x1
 .bss.gu8EndDigit
                0x0000000000800390        0x1 D:\Company\SMART\MEGA\mega.X\dist\Atmega328\production\mega.X.a(SSD.o)
                0x0000000000800390                gu8EndDigit

.bss.gu8startDigit
                0x0000000000800391        0x1
 .bss.gu8startDigit
                0x0000000000800391        0x1 D:\Company\SMART\MEGA\mega.X\dist\Atmega328\production\mega.X.a(SSD.o)
                0x0000000000800391                gu8startDigit

.bss.gu8ssdDataArray
                0x000000000080036e        0x7
 .bss.gu8ssdDataArray
                0x000000000080036e        0x7 D:\Company\SMART\MEGA\mega.X\dist\Atmega328\production\mega.X.a(SSD.o)
                0x000000000080036e                gu8ssdDataArray

.bss.gu8ssdDigitPinsArray
                0x000000000080031c        0xe
 .bss.gu8ssdDigitPinsArray
                0x000000000080031c        0xe D:\Company\SMART\MEGA\mega.X\dist\Atmega328\production\mega.X.a(SSD.o)
                0x000000000080031c                gu8ssdDigitPinsArray

.bss.gsTimerTestSSD
                0x000000000080035e        0x8
 .bss.gsTimerTestSSD
                0x000000000080035e        0x8 D:\Company\SMART\MEGA\mega.X\dist\Atmega328\production\mega.X.a(SSD.o)
                0x000000000080035e                gsTimerTestSSD

.bss.gu8BuzState
                0x0000000000800392        0x1
 .bss.gu8BuzState
                0x0000000000800392        0x1 D:\Company\SMART\MEGA\mega.X\dist\Atmega328\production\mega.X.a(buz.o)
                0x0000000000800392                gu8BuzState

.bss.offTime    0x0000000000800379        0x4
 .bss.offTime   0x0000000000800379        0x4 D:\Company\SMART\MEGA\mega.X\dist\Atmega328\production\mega.X.a(buz.o)
                0x0000000000800379                offTime

.bss.gsbuzTime  0x0000000000800366        0x8
 .bss.gsbuzTime
                0x0000000000800366        0x8 D:\Company\SMART\MEGA\mega.X\dist\Atmega328\production\mega.X.a(buz.o)
                0x0000000000800366                gsbuzTime

.progmemx.data.charTable
                0x00000000000000c2       0x25
 .progmemx.data.charTable
                0x00000000000000c2       0x25 D:\Company\SMART\MEGA\mega.X\dist\Atmega328\production\mega.X.a(SSD.o)

.text.appCommRequestHandle
                0x00000000000000e8      0x3e0
 .text.appCommRequestHandle
                0x00000000000000e8      0x3e0 build/default/production/src/AppCommuincation.o
                0x00000000000000e8                appCommRequestHandle

.text.appShowDataEMG
                0x00000000000004c8      0x23a
 .text.appShowDataEMG
                0x00000000000004c8      0x23a build/default/production/src/AppCommuincation.o
                0x00000000000004c8                appShowDataEMG

.text.appShowDataNormal
                0x0000000000000702      0x236
 .text.appShowDataNormal
                0x0000000000000702      0x236 build/default/production/src/AppCommuincation.o
                0x0000000000000702                appShowDataNormal

.text.appCommGetState
                0x0000000000000938      0x230
 .text.appCommGetState
                0x0000000000000938      0x230 build/default/production/src/AppCommuincation.o
                0x0000000000000938                appCommGetState

.text.ReceiverParsingFram
                0x0000000000000b68      0x150
 .text.ReceiverParsingFram
                0x0000000000000b68      0x150 D:\Company\SMART\MEGA\mega.X\dist\Atmega328\production\mega.X.a(csma_cd.o)
                0x0000000000000b68                ReceiverParsingFram

.text.ssdTestMODE
                0x0000000000000cb8      0x130
 .text.ssdTestMODE
                0x0000000000000cb8      0x130 D:\Company\SMART\MEGA\mega.X\dist\Atmega328\production\mega.X.a(SSD.o)
                0x0000000000000cb8                ssdTestMODE

.text.__vector_18
                0x0000000000000de8      0x128
 .text.__vector_18
                0x0000000000000de8      0x128 D:\Company\SMART\MEGA\mega.X\dist\Atmega328\production\mega.X.a(csma_cd.o)
                0x0000000000000de8                __vector_18

.text.__vector_11
                0x0000000000000f10      0x100
 .text.__vector_11
                0x0000000000000f10      0x100 D:\Company\SMART\MEGA\mega.X\dist\Atmega328\production\mega.X.a(csma_cd.o)
                0x0000000000000f10                __vector_11

.text.appcommInit
                0x0000000000001010       0xdc
 .text.appcommInit
                0x0000000000001010       0xdc build/default/production/src/AppCommuincation.o
                0x0000000000001010                appcommInit

.text.startup.main
                0x00000000000010ec       0xd0
 .text.startup.main
                0x00000000000010ec       0xd0 D:\Company\SMART\MEGA\mega.X\dist\Atmega328\production\mega.X.a(mega.o)
                0x00000000000010ec                main

.text.ssdWriteDataPins
                0x00000000000011bc       0xba
 .text.ssdWriteDataPins
                0x00000000000011bc       0xba D:\Company\SMART\MEGA\mega.X\dist\Atmega328\production\mega.X.a(SSD.o)
                0x00000000000011bc                ssdWriteDataPins

.text.ssdInit   0x0000000000001276       0xb8
 .text.ssdInit  0x0000000000001276       0xb8 D:\Company\SMART\MEGA\mega.X\dist\Atmega328\production\mega.X.a(SSD.o)
                0x0000000000001276                ssdInit

.text.csmaInit  0x000000000000132e       0xb6
 .text.csmaInit
                0x000000000000132e       0xb6 D:\Company\SMART\MEGA\mega.X\dist\Atmega328\production\mega.X.a(csma_cd.o)
                0x000000000000132e                csmaInit

.text.buzDriver
                0x00000000000013e4       0xaa
 .text.buzDriver
                0x00000000000013e4       0xaa D:\Company\SMART\MEGA\mega.X\dist\Atmega328\production\mega.X.a(buz.o)
                0x00000000000013e4                buzDriver

.text.findAddressInALLZone
                0x000000000000148e       0xa0
 .text.findAddressInALLZone
                0x000000000000148e       0xa0 build/default/production/src/AppCommuincation.o
                0x000000000000148e                findAddressInALLZone

.text.appCommResponse
                0x000000000000152e       0xa0
 .text.appCommResponse
                0x000000000000152e       0xa0 build/default/production/src/AppCommuincation.o
                0x000000000000152e                appCommResponse

.text.ssdSync   0x00000000000015ce       0xa0
 .text.ssdSync  0x00000000000015ce       0xa0 D:\Company\SMART\MEGA\mega.X\dist\Atmega328\production\mega.X.a(SSD.o)
                0x00000000000015ce                ssdSync

.text.__vector_14
                0x000000000000166e       0x92
 .text.__vector_14
                0x000000000000166e       0x92 D:\Company\SMART\MEGA\mega.X\dist\Atmega328\production\mega.X.a(sys.o)
                0x000000000000166e                __vector_14

.text.appRtcSoftTime
                0x0000000000001700       0x8a
 .text.appRtcSoftTime
                0x0000000000001700       0x8a build/default/production/src/softRtc.o
                0x0000000000001700                appRtcSoftTime

.text.Encapsulate
                0x000000000000178a       0x7a
 .text.Encapsulate
                0x000000000000178a       0x7a D:\Company\SMART\MEGA\mega.X\dist\Atmega328\production\mega.X.a(csma_cd.o)
                0x000000000000178a                Encapsulate

.text.displayloadData
                0x0000000000001804       0x78
 .text.displayloadData
                0x0000000000001804       0x78 build/default/production/src/AppCommuincation.o
                0x0000000000001804                displayloadData

.text.csmaSetAddress
                0x000000000000187c       0x78
 .text.csmaSetAddress
                0x000000000000187c       0x78 D:\Company\SMART\MEGA\mega.X\dist\Atmega328\production\mega.X.a(csma_cd.o)
                0x000000000000187c                csmaSetAddress

.text.displayShowData
                0x00000000000018f4       0x64
 .text.displayShowData
                0x00000000000018f4       0x64 build/default/production/src/AppCommuincation.o
                0x00000000000018f4                displayShowData

.text.sysIsTimeout
                0x0000000000001958       0x62
 .text.sysIsTimeout
                0x0000000000001958       0x62 D:\Company\SMART\MEGA\mega.X\dist\Atmega328\production\mega.X.a(sys.o)
                0x0000000000001958                sysIsTimeout

.text.appMain   0x00000000000019ba       0x50
 .text.appMain  0x00000000000019ba       0x50 build/default/production/src/app.o
                0x00000000000019ba                appMain

.text.u8ToBCD   0x0000000000001a0a       0x50
 .text.u8ToBCD  0x0000000000001a0a       0x50 D:\Company\SMART\MEGA\mega.X\dist\Atmega328\production\mega.X.a(utility.o)
                0x0000000000001a0a                u8ToBCD

.text.appCommStart
                0x0000000000001a5a       0x4e
 .text.appCommStart
                0x0000000000001a5a       0x4e build/default/production/src/AppCommuincation.o
                0x0000000000001a5a                appCommStart

.text.StartTransmission
                0x0000000000001aa8       0x4c
 .text.StartTransmission
                0x0000000000001aa8       0x4c D:\Company\SMART\MEGA\mega.X\dist\Atmega328\production\mega.X.a(csma_cd.o)
                0x0000000000001aa8                StartTransmission

.text.libgcc.div
                0x0000000000001af4       0x44
 .text.libgcc.div
                0x0000000000001af4       0x44 c:/program files/microchip/xc8/v2.32/avr/bin/../lib/gcc/avr/5.4.0/avr5/memx-const\libgcc.a(_udivmodsi4.o)
                0x0000000000001af4                __udivmodsi4

.text.appCommFree
                0x0000000000001b38       0x40
 .text.appCommFree
                0x0000000000001b38       0x40 build/default/production/src/AppCommuincation.o
                0x0000000000001b38                appCommFree

.text.__vector_5
                0x0000000000001b78       0x40
 .text.__vector_5
                0x0000000000001b78       0x40 D:\Company\SMART\MEGA\mega.X\dist\Atmega328\production\mega.X.a(csma_cd.o)
                0x0000000000001b78                __vector_5

.text.FramNetWork
                0x0000000000001bb8       0x3a
 .text.FramNetWork
                0x0000000000001bb8       0x3a D:\Company\SMART\MEGA\mega.X\dist\Atmega328\production\mega.X.a(csma_cd.o)
                0x0000000000001bb8                FramNetWork

.text.ssdPrint  0x0000000000001bf2       0x3a
 .text.ssdPrint
                0x0000000000001bf2       0x3a D:\Company\SMART\MEGA\mega.X\dist\Atmega328\production\mega.X.a(SSD.o)
                0x0000000000001bf2                ssdPrint

.text.appSync   0x0000000000001c2c       0x1e
 .text.appSync  0x0000000000001c2c       0x1e build/default/production/src/app.o
                0x0000000000001c2c                appSync

.text.libgcc.mul
                0x0000000000001c4a       0x1e
 .text.libgcc.mul
                0x0000000000001c4a       0x1e c:/program files/microchip/xc8/v2.32/avr/bin/../lib/gcc/avr/5.4.0/avr5/memx-const\libgcc.a(_umulhisi3.o)
                0x0000000000001c4a                __umulhisi3

.text.appRtcRest
                0x0000000000001c68       0x1c
 .text.appRtcRest
                0x0000000000001c68       0x1c build/default/production/src/softRtc.o
                0x0000000000001c68                appRtcRest

.text.IsCommunicationOpen
                0x0000000000001c84       0x1a
 .text.IsCommunicationOpen
                0x0000000000001c84       0x1a D:\Company\SMART\MEGA\mega.X\dist\Atmega328\production\mega.X.a(csma_cd.o)
                0x0000000000001c84                IsCommunicationOpen

.text.getSystemTick
                0x0000000000001c9e       0x18
 .text.getSystemTick
                0x0000000000001c9e       0x18 D:\Company\SMART\MEGA\mega.X\dist\Atmega328\production\mega.X.a(sys.o)
                0x0000000000001c9e                getSystemTick

.text.eepromPutByte
                0x0000000000001cb6       0x18
 .text.eepromPutByte
                0x0000000000001cb6       0x18 D:\Company\SMART\MEGA\mega.X\dist\Atmega328\production\mega.X.a(eeprom.o)
                0x0000000000001cb6                eepromPutByte

.text.appInit   0x0000000000001cce       0x16
 .text.appInit  0x0000000000001cce       0x16 build/default/production/src/app.o
                0x0000000000001cce                appInit

.text.systemTickInit
                0x0000000000001ce4       0x16
 .text.systemTickInit
                0x0000000000001ce4       0x16 D:\Company\SMART\MEGA\mega.X\dist\Atmega328\production\mega.X.a(sys.o)
                0x0000000000001ce4                systemTickInit

.text.eepromGetByte
                0x0000000000001cfa       0x16
 .text.eepromGetByte
                0x0000000000001cfa       0x16 D:\Company\SMART\MEGA\mega.X\dist\Atmega328\production\mega.X.a(eeprom.o)
                0x0000000000001cfa                eepromGetByte

.text.ssdClearWithDefault
                0x0000000000001d10       0x16
 .text.ssdClearWithDefault
                0x0000000000001d10       0x16 D:\Company\SMART\MEGA\mega.X\dist\Atmega328\production\mega.X.a(SSD.o)
                0x0000000000001d10                ssdClearWithDefault

.text.libgcc.mul
                0x0000000000001d26       0x16
 .text.libgcc.mul
                0x0000000000001d26       0x16 c:/program files/microchip/xc8/v2.32/avr/bin/../lib/gcc/avr/5.4.0/avr5/memx-const\libgcc.a(_muluhisi3.o)
                0x0000000000001d26                __muluhisi3

.text.appBoot   0x0000000000001d3c       0x14
 .text.appBoot  0x0000000000001d3c       0x14 build/default/production/src/app.o
                0x0000000000001d3c                appBoot

.text.ssdclearALL
                0x0000000000001d50       0x14
 .text.ssdclearALL
                0x0000000000001d50       0x14 D:\Company\SMART\MEGA\mega.X\dist\Atmega328\production\mega.X.a(SSD.o)
                0x0000000000001d50                ssdclearALL

.text.OnHostFrame
                0x0000000000001d64        0xa
 .text.OnHostFrame
                0x0000000000001d64        0xa D:\Company\SMART\MEGA\mega.X\dist\Atmega328\production\mega.X.a(csma_cd.o)
                0x0000000000001d64                OnHostFrame

.text.OnClientFrame
                0x0000000000001d6e        0xa
 .text.OnClientFrame
                0x0000000000001d6e        0xa D:\Company\SMART\MEGA\mega.X\dist\Atmega328\production\mega.X.a(csma_cd.o)
                0x0000000000001d6e                OnClientFrame

.text.buzInit   0x0000000000001d78        0xa
 .text.buzInit  0x0000000000001d78        0xa D:\Company\SMART\MEGA\mega.X\dist\Atmega328\production\mega.X.a(buz.o)
                0x0000000000001d78                buzInit

.text.csmaGetAddress
                0x0000000000001d82        0x6
 .text.csmaGetAddress
                0x0000000000001d82        0x6 D:\Company\SMART\MEGA\mega.X\dist\Atmega328\production\mega.X.a(csma_cd.o)
                0x0000000000001d82                csmaGetAddress

.text           0x0000000000001d88        0x4
 .text          0x0000000000001d88        0x4 C:/Program Files/Microchip/MPLABX/v6.00/packs/Microchip/ATmega_DFP/2.4.131/xc8/avr/lib/avr5/memx-const/crtatmega328p.o
                0x0000000000001d88                __vector_22
                0x0000000000001d88                __vector_1
                0x0000000000001d88                __vector_24
                0x0000000000001d88                __vector_12
                0x0000000000001d88                __bad_interrupt
                0x0000000000001d88                __vector_6
                0x0000000000001d88                __vector_3
                0x0000000000001d88                __vector_23
                0x0000000000001d88                __vector_25
                0x0000000000001d88                __vector_13
                0x0000000000001d88                __vector_17
                0x0000000000001d88                __vector_19
                0x0000000000001d88                __vector_7
                0x0000000000001d88                __vector_4
                0x0000000000001d88                __vector_9
                0x0000000000001d88                __vector_2
                0x0000000000001d88                __vector_21
                0x0000000000001d88                __vector_15
                0x0000000000001d88                __vector_8
                0x0000000000001d88                __vector_10
                0x0000000000001d88                __vector_16
                0x0000000000001d88                __vector_20

.text.csmaDriver
                0x0000000000001d8c        0x4
 .text.csmaDriver
                0x0000000000001d8c        0x4 D:\Company\SMART\MEGA\mega.X\dist\Atmega328\production\mega.X.a(csma_cd.o)
                0x0000000000001d8c                csmaDriver

.text.ssdDriver
                0x0000000000001d90        0x4
 .text.ssdDriver
                0x0000000000001d90        0x4 D:\Company\SMART\MEGA\mega.X\dist\Atmega328\production\mega.X.a(SSD.o)
                0x0000000000001d90                ssdDriver
