Archive member included to satisfy reference by file (symbol)

..\..\..\MEGA\mega.X\dist\Atmega128A\production\mega.X.a(sys.o)
                              build/default/debug/src/appComm.o (getSystemTick)
..\..\..\MEGA\mega.X\dist\Atmega128A\production\mega.X.a(lcd.o)
                              build/default/debug/_ext/633675352/appMenu.o (lcdUpdate)
..\..\..\MEGA\mega.X\dist\Atmega128A\production\mega.X.a(buffers.o)
                              build/default/debug/src/appComm.o (byteBufferInit)
..\..\..\MEGA\mega.X\dist\Atmega128A\production\mega.X.a(keypad.o)
                              build/default/debug/_ext/633675352/app.o (keypadGetEvent)
..\..\..\MEGA\mega.X\dist\Atmega128A\production\mega.X.a(rtc.o)
                              ..\..\..\MEGA\mega.X\dist\Atmega128A\production\mega.X.a(sys.o) (rtcSync)
..\..\..\MEGA\mega.X\dist\Atmega128A\production\mega.X.a(menu.o)
                              build/default/debug/_ext/633675352/appMenu.o (NullItem)
..\..\..\MEGA\mega.X\dist\Atmega128A\production\mega.X.a(buz.o)
                              build/default/debug/src/appComm.o (BuzStart)
..\..\..\MEGA\mega.X\dist\Atmega128A\production\mega.X.a(exEEPROM.o)
                              build/default/debug/_ext/633675352/appDataMangments.o (exEEPROMSave)
..\..\..\MEGA\mega.X\dist\Atmega128A\production\mega.X.a(twi.o)
                              ..\..\..\MEGA\mega.X\dist\Atmega128A\production\mega.X.a(exEEPROM.o) (Send_stop)
..\..\..\MEGA\mega.X\dist\Atmega128A\production\mega.X.a(gpio.o)
                              ..\..\..\MEGA\mega.X\dist\Atmega128A\production\mega.X.a(lcd.o) (digitalpinMode)
..\..\..\MEGA\mega.X\dist\Atmega128A\production\mega.X.a(csma_cd.o)
                              build/default/debug/src/appComm.o (StartTransmission)
..\..\..\MEGA\mega.X\dist\Atmega128A\production\mega.X.a(utility.o)
                              ..\..\..\MEGA\mega.X\dist\Atmega128A\production\mega.X.a(rtc.o) (appShfitBuffer)
..\..\..\MEGA\mega.X\dist\Atmega128A\production\mega.X.a(mega.o)
                              C:/Program Files/Microchip/MPLABX/v6.00/packs/Microchip/ATmega_DFP/2.4.131/xc8/avr/lib/avr51/memx-const/crtatmega128a.o (main)
c:/program files/microchip/xc8/v2.32/avr/bin/../lib/gcc/avr/5.4.0/../../../../avr/lib/avr51/memx-const\libm.a(divsf3.o)
                              build/default/debug/_ext/633675352/appMenu.o (__divsf3)
c:/program files/microchip/xc8/v2.32/avr/bin/../lib/gcc/avr/5.4.0/../../../../avr/lib/avr51/memx-const\libm.a(divsf3x.o)
                              c:/program files/microchip/xc8/v2.32/avr/bin/../lib/gcc/avr/5.4.0/../../../../avr/lib/avr51/memx-const\libm.a(divsf3.o) (__divsf3x)
c:/program files/microchip/xc8/v2.32/avr/bin/../lib/gcc/avr/5.4.0/../../../../avr/lib/avr51/memx-const\libm.a(fixunssfsi.o)
                              build/default/debug/_ext/633675352/appMenu.o (__fixunssfsi)
c:/program files/microchip/xc8/v2.32/avr/bin/../lib/gcc/avr/5.4.0/../../../../avr/lib/avr51/memx-const\libm.a(floatsisf.o)
                              build/default/debug/_ext/633675352/appMenu.o (__floatsisf)
c:/program files/microchip/xc8/v2.32/avr/bin/../lib/gcc/avr/5.4.0/../../../../avr/lib/avr51/memx-const\libm.a(fp_inf.o)
                              c:/program files/microchip/xc8/v2.32/avr/bin/../lib/gcc/avr/5.4.0/../../../../avr/lib/avr51/memx-const\libm.a(divsf3x.o) (__fp_inf)
c:/program files/microchip/xc8/v2.32/avr/bin/../lib/gcc/avr/5.4.0/../../../../avr/lib/avr51/memx-const\libm.a(fp_nan.o)
                              c:/program files/microchip/xc8/v2.32/avr/bin/../lib/gcc/avr/5.4.0/../../../../avr/lib/avr51/memx-const\libm.a(divsf3x.o) (__fp_nan)
c:/program files/microchip/xc8/v2.32/avr/bin/../lib/gcc/avr/5.4.0/../../../../avr/lib/avr51/memx-const\libm.a(fp_pscA.o)
                              c:/program files/microchip/xc8/v2.32/avr/bin/../lib/gcc/avr/5.4.0/../../../../avr/lib/avr51/memx-const\libm.a(divsf3x.o) (__fp_pscA)
c:/program files/microchip/xc8/v2.32/avr/bin/../lib/gcc/avr/5.4.0/../../../../avr/lib/avr51/memx-const\libm.a(fp_pscB.o)
                              c:/program files/microchip/xc8/v2.32/avr/bin/../lib/gcc/avr/5.4.0/../../../../avr/lib/avr51/memx-const\libm.a(divsf3x.o) (__fp_pscB)
c:/program files/microchip/xc8/v2.32/avr/bin/../lib/gcc/avr/5.4.0/../../../../avr/lib/avr51/memx-const\libm.a(fp_round.o)
                              c:/program files/microchip/xc8/v2.32/avr/bin/../lib/gcc/avr/5.4.0/../../../../avr/lib/avr51/memx-const\libm.a(divsf3.o) (__fp_round)
c:/program files/microchip/xc8/v2.32/avr/bin/../lib/gcc/avr/5.4.0/../../../../avr/lib/avr51/memx-const\libm.a(fp_split3.o)
                              c:/program files/microchip/xc8/v2.32/avr/bin/../lib/gcc/avr/5.4.0/../../../../avr/lib/avr51/memx-const\libm.a(divsf3x.o) (__fp_split3)
c:/program files/microchip/xc8/v2.32/avr/bin/../lib/gcc/avr/5.4.0/../../../../avr/lib/avr51/memx-const\libm.a(fp_zero.o)
[...]
Memory Configuration

Name             Origin             Length             Attributes
text             0x0000000000000000 0x0000000000020000 xr
data             0x0000000000800100 0x0000000000001000 rw !x
eeprom           0x0000000000810000 0x0000000000001000 rw !x
fuse             0x0000000000820000 0x0000000000000003 rw !x
lock             0x0000000000830000 0x0000000000000400 rw !x
signature        0x0000000000840000 0x0000000000000400 rw !x
user_signatures  0x0000000000850000 0x0000000000000400 rw !x
*default*        0x0000000000000000 0xffffffffffffffff

Linker script and memory map

Address of section .data set to 0x800100
LOAD C:/Program Files/Microchip/MPLABX/v6.00/packs/Microchip/ATmega_DFP/2.4.131/xc8/avr/lib/avr51/memx-const/crtatmega128a.o
                0x0000000000000001                __MPLAB_BUILD = 0x1
LOAD build/default/debug/_ext/633675352/app.o
LOAD build/default/debug/_ext/633675352/appMenu.o
LOAD build/default/debug/_ext/633675352/appMenueTime.o
LOAD build/default/debug/_ext/633675352/appDataMangments.o
LOAD build/default/debug/src/appComm.o
LOAD build/default/debug/src/appEvents.o
LOAD ..\..\..\MEGA\mega.X\dist\Atmega128A\production\mega.X.a
START GROUP
LOAD c:/program files/microchip/xc8/v2.32/avr/bin/../lib/gcc/avr/5.4.0/../../../../avr/lib/avr51/memx-const\libm.a
END GROUP
                0x0000000000000001                __MPLAB_DEBUG = 0x1
                0x0000000000000001                __DEBUG = 0x1
                0x0000000000000001                __MPLAB_DEBUGGER_SIMULATOR = 0x1
START GROUP
LOAD c:/program files/microchip/xc8/v2.32/avr/bin/../lib/gcc/avr/5.4.0/avr51/memx-const\libgcc.a
LOAD c:/program files/microchip/xc8/v2.32/avr/bin/../lib/gcc/avr/5.4.0/../../../../avr/lib/avr51/memx-const\libm.a
LOAD c:/program files/microchip/xc8/v2.32/avr/bin/../lib/gcc/avr/5.4.0/../../../../avr/lib/avr51/memx-const\libc.a
LOAD C:/Program Files/Microchip/MPLABX/v6.00/packs/Microchip/ATmega_DFP/2.4.131/xc8/avr/lib/avr51/memx-const\libatmega128a.a
END GROUP
                [0x0000000000000000]                __TEXT_REGION_ORIGIN__ = DEFINED (__TEXT_REGION_ORIGIN__)?__TEXT_REGION_ORIGIN__:0x0
                [0x0000000000800100]                __DATA_REGION_ORIGIN__ = DEFINED (__DATA_REGION_ORIGIN__)?__DATA_REGION_ORIGIN__:0x800100
                [0x0000000000020000]                __TEXT_REGION_LENGTH__ = DEFINED (__TEXT_REGION_LENGTH__)?__TEXT_REGION_LENGTH__:0x20000
                [0x0000000000001000]                __DATA_REGION_LENGTH__ = DEFINED (__DATA_REGION_LENGTH__)?__DATA_REGION_LENGTH__:0xff00
                [0x0000000000001000]                __EEPROM_REGION_LENGTH__ = DEFINED (__EEPROM_REGION_LENGTH__)?__EEPROM_REGION_LENGTH__:0x10000
                [0x0000000000000003]                __FUSE_REGION_LENGTH__ = DEFINED (__FUSE_REGION_LENGTH__)?__FUSE_REGION_LENGTH__:0x400
                0x0000000000000400                __LOCK_REGION_LENGTH__ = DEFINED (__LOCK_REGION_LENGTH__)?__LOCK_REGION_LENGTH__:0x400
                0x0000000000000400                __SIGNATURE_REGION_LENGTH__ = DEFINED (__SIGNATURE_REGION_LENGTH__)?__SIGNATURE_REGION_LENGTH__:0x400
                0x0000000000000400                __USER_SIGNATURE_REGION_LENGTH__ = DEFINED (__USER_SIGNATURE_REGION_LENGTH__)?__USER_SIGNATURE_REGION_LENGTH__:0x400

.hash
 *(.hash)

.dynsym
 *(.dynsym)

.dynstr
 *(.dynstr)

.gnu.version
 *(.gnu.version)

.gnu.version_d
 *(.gnu.version_d)

.gnu.version_r
 *(.gnu.version_r)

.rel.init
 *(.rel.init)

.rela.init
 *(.rela.init)

.rel.text
 *(.rel.text)
 *(.rel.text.*)
 *(.rel.gnu.linkonce.t*)

.rela.text
 *(.rela.text)
 *(.rela.text.*)
 *(.rela.gnu.linkonce.t*)

.rel.fini
 *(.rel.fini)

.rela.fini
 *(.rela.fini)

.rel.rodata
 *(.rel.rodata)
 *(.rel.rodata.*)
 *(.rel.gnu.linkonce.r*)

.rela.rodata
 *(.rela.rodata)
 *(.rela.rodata.*)
 *(.rela.gnu.linkonce.r*)

.rel.data
 *(.rel.data)
 *(.rel.data.*)
 *(.rel.gnu.linkonce.d*)

.rela.data
 *(.rela.data)
 *(.rela.data.*)
 *(.rela.gnu.linkonce.d*)

.rel.ctors
 *(.rel.ctors)

.rela.ctors
 *(.rela.ctors)

.rel.dtors
 *(.rel.dtors)

.rela.dtors
 *(.rela.dtors)

.rel.got
 *(.rel.got)

.rela.got
 *(.rela.got)

.rel.bss
 *(.rel.bss)

.rela.bss
 *(.rela.bss)

.rel.plt
 *(.rel.plt)

.rela.plt
 *(.rela.plt)

.text           0x0000000000000000      0x114
 *(.vectors)
 .vectors       0x0000000000000000       0x8c C:/Program Files/Microchip/MPLABX/v6.00/packs/Microchip/ATmega_DFP/2.4.131/xc8/avr/lib/avr51/memx-const/crtatmega128a.o
                0x0000000000000000                __vector_default
                0x0000000000000000                __vectors
 *(.vectors)
 *(.progmem.gcc*)
 .progmem.gcc_sw_table.appCurrentTimeShow
                0x000000000000008c        0xe build/default/debug/_ext/633675352/app.o
 .progmem.gcc_sw_table.appMenuDate
                0x000000000000009a        0xe build/default/debug/_ext/633675352/appMenueTime.o
 .progmem.gcc_sw_table.appMemCreatePoint
                0x00000000000000a8        0xe build/default/debug/_ext/633675352/appDataMangments.o
 *(.dinit)
 .dinit         0x00000000000000b6        0x5 data_init
                0x00000000000000bc                . = ALIGN (0x2)
 *fill*         0x00000000000000bb        0x1 
                0x00000000000000bc                __trampolines_start = .
 *(.trampolines)
 .trampolines   0x00000000000000bc        0x0 linker stubs
 *(.trampolines*)
                0x00000000000000bc                __trampolines_end = .
 *libprintf_flt.a:*(.progmem.data)
 *libc.a:*(.progmem.data)
                0x00000000000000bc                . = ALIGN (0x2)
 *(.jumptables)
 *(.jumptables*)
 *(.lowtext)
 *(.lowtext*)
                0x00000000000000bc                __ctors_start = .
 *(.ctors)
                0x00000000000000bc                __ctors_end = .
                0x00000000000000bc                __dtors_start = .
 *(.dtors)
                0x00000000000000bc                __dtors_end = .
 SORT(*)(.ctors)
 SORT(*)(.dtors)
 *(.init0)
 .init0         0x00000000000000bc        0x0 C:/Program Files/Microchip/MPLABX/v6.00/packs/Microchip/ATmega_DFP/2.4.131/xc8/avr/lib/avr51/memx-const/crtatmega128a.o
                0x00000000000000bc                __init
 *(.init0)
 *(.init1)
 *(.init1)
 *(.init2)
 .init2         0x00000000000000bc        0xc C:/Program Files/Microchip/MPLABX/v6.00/packs/Microchip/ATmega_DFP/2.4.131/xc8/avr/lib/avr51/memx-const/crtatmega128a.o
 *(.init2)
 *(.init3)
 *(.init3)
 *(.init4)
 .init4         0x00000000000000c8       0x40 c:/program files/microchip/xc8/v2.32/avr/bin/../lib/gcc/avr/5.4.0/avr51/memx-const\libgcc.a(_copy_data.o)
                0x00000000000000c8                __do_copy_data
                0x00000000000000fa                __do_clear_bss
 *(.init4)
 *(.init5)
 *(.init5)
 *(.init6)
 *(.init6)
 *(.init7)
 *(.init7)
 *(.init8)
 *(.init8)
 *(.init9)
 .init9         0x0000000000000108        0x8 C:/Program Files/Microchip/MPLABX/v6.00/packs/Microchip/ATmega_DFP/2.4.131/xc8/avr/lib/avr51/memx-const/crtatmega128a.o
 *(.init9)
                0x0000000000000110                . = ALIGN (0x2)
 *(.fini9)
 .fini9         0x0000000000000110        0x0 c:/program files/microchip/xc8/v2.32/avr/bin/../lib/gcc/avr/5.4.0/avr51/memx-const\libgcc.a(_exit.o)
                0x0000000000000110                _exit
                0x0000000000000110                exit
 *(.fini9)
 *(.fini8)
 *(.fini8)
 *(.fini7)
 *(.fini7)
 *(.fini6)
 *(.fini6)
 *(.fini5)
 *(.fini5)
 *(.fini4)
 *(.fini4)
 *(.fini3)
 *(.fini3)
 *(.fini2)
 *(.fini2)
 *(.fini1)
 *(.fini1)
 *(.fini0)
 .fini0         0x0000000000000110        0x4 c:/program files/microchip/xc8/v2.32/avr/bin/../lib/gcc/avr/5.4.0/avr51/memx-const\libgcc.a(_exit.o)
 *(.fini0)
                0x0000000000000114                _etext = .

.data           0x0000000000800100        0x0 load address 0x0000000000000114
                [!provide]                        PROVIDE (__data_start, .)
 *(.gnu.linkonce.d*)
 *(.gnu.linkonce.r*)
                0x0000000000800100                . = ALIGN (0x2)
                0x0000000000800100                _edata = .
                [!provide]                        PROVIDE (__data_end, .)

.bss            0x0000000000800100      0x1ec
                [!provide]                        PROVIDE (__bss_start, .)
 *(COMMON)
 COMMON         0x0000000000800100        0x1 build/default/debug/_ext/633675352/app.o
                0x0000000000800100                gu8appMasterState
 COMMON         0x0000000000800101        0x2 build/default/debug/_ext/633675352/appMenu.o
                0x0000000000800101                gu8MnueFlags
                0x0000000000800102                gu8appMenueState
 COMMON         0x0000000000800103        0x1 build/default/debug/_ext/633675352/appMenueTime.o
                0x0000000000800103                gu8YearIndex
 COMMON         0x0000000000800104      0x112 build/default/debug/_ext/633675352/appDataMangments.o
                0x0000000000800104                gu8appErrorCode
                0x0000000000800105                gu8PointsData
                0x0000000000800205                gu8appMemIndex
                0x0000000000800206                gu8callPoint
                0x000000000080020f                gstExeeprom
                0x0000000000800215                gu8appLastConfig
 COMMON         0x0000000000800216       0x1e build/default/debug/src/appComm.o
                0x0000000000800216                gu8appComBuzState
                0x0000000000800217                gu8appRequest
                0x0000000000800221                gsResponseTimeOut
                0x0000000000800229                gu8appCommRequestAddress
                0x000000000080022a                gu8appCommRequestState
                0x000000000080022b                gu8appCommDataIndex
                0x000000000080022c                gstRequest
                0x0000000000800232                gu8appCommPingDataIndex
                0x0000000000800233                gu8appCommFlags
 COMMON         0x0000000000800234        0x3 build/default/debug/src/appEvents.o
                0x0000000000800234                gu8memStartIndex
                0x0000000000800235                gu8Step
                0x0000000000800236                gu8EventNumber
 COMMON         0x0000000000800237        0x5 ..\..\..\MEGA\mega.X\dist\Atmega128A\production\mega.X.a(sys.o)
                0x0000000000800237                gTaskTick
                0x0000000000800238                gSystemTick
 COMMON         0x000000000080023c       0x25 ..\..\..\MEGA\mega.X\dist\Atmega128A\production\mega.X.a(lcd.o)
                0x000000000080023c                gu8LCDPosition
                0x000000000080023d                gu8LCDFlags
                0x000000000080023e                gu8LcdOPtion
                0x000000000080023f                gu8LcdBufferIndex
                0x0000000000800240                gu8LCDBuffer
                0x0000000000800260                gu8LcdTest
 COMMON         0x0000000000800261       0x20 ..\..\..\MEGA\mega.X\dist\Atmega128A\production\mega.X.a(keypad.o)
                0x0000000000800261                gu8Keypad01RepeatCounter
                0x0000000000800262                gu8KEYPAD01Counters
                0x0000000000800272                gstKeypadDescriptor
                0x0000000000800278                gu8Keypad01LastKey
                0x0000000000800279                gu8KeypadBufferEvents
 COMMON         0x0000000000800281       0x17 ..\..\..\MEGA\mega.X\dist\Atmega128A\production\mega.X.a(rtc.o)
                0x0000000000800281                gu8sentSec
                0x0000000000800282                gu32RTC
                0x0000000000800286                gu8rtcBuffer
                0x000000000080028e                gu8TanthSec
                0x000000000080028f                gu8rtcStates
                0x0000000000800290                gstRtcTWI
 COMMON         0x0000000000800298        0x4 ..\..\..\MEGA\mega.X\dist\Atmega128A\production\mega.X.a(menu.o)
                0x0000000000800298                gu8OPenMenueFlag
                0x0000000000800299                gpCurrentMenuItem
 COMMON         0x000000000080029c       0x13 ..\..\..\MEGA\mega.X\dist\Atmega128A\production\mega.X.a(buz.o)
                0x000000000080029c                gu8BuzCounter
                0x000000000080029d                gTOFFTime
                0x00000000008002a1                gu8BuzMaxCounter
                0x00000000008002a2                gu8BuzState
                0x00000000008002a3                gsbuzTime
                0x00000000008002ab                gTOnTime
 COMMON         0x00000000008002af        0x4 ..\..\..\MEGA\mega.X\dist\Atmega128A\production\mega.X.a(exEEPROM.o)
                0x00000000008002af                gu8PageReminder
                0x00000000008002b0                gu8exEEpromIndex
                0x00000000008002b1                gu8eepromTwiState
                0x00000000008002b2                gu8eepromsate
 COMMON         0x00000000008002b3        0x1 ..\..\..\MEGA\mega.X\dist\Atmega128A\production\mega.X.a(twi.o)
                0x00000000008002b3                gu8TW_READY
 COMMON         0x00000000008002b4       0x36 ..\..\..\MEGA\mega.X\dist\Atmega128A\production\mega.X.a(csma_cd.o)
                0x00000000008002b4                gu8Data
                0x00000000008002b5                gu8collisionCounter
                0x00000000008002b6                gsTransmissionFrame
                0x00000000008002c0                gu8SendByteCount
                0x00000000008002c1                gu8ReceiveBuf
                0x00000000008002cc                gu8csmaStatus
                0x00000000008002cd                gpFcomHostCallback
                0x00000000008002cf                gu16timeValue
                0x00000000008002d1                gu8SendBuf
                0x00000000008002dc                gu8Address
                0x00000000008002dd                gpFcomClientCallback
                0x00000000008002df                gu8ReceiveByteCount
                0x00000000008002e0                gsReceiveFrame
 COMMON         0x00000000008002ea        0x2 c:/program files/microchip/xc8/v2.32/avr/bin/../lib/gcc/avr/5.4.0/../../../../avr/lib/avr51/memx-const\libc.a(errno.o)
                0x00000000008002ea                errno
                [!provide]                        PROVIDE (__bss_end, .)
                0x0000000000000114                __data_load_start = LOADADDR (.data)
                0x0000000000000114                __data_load_end = (__data_load_start + SIZEOF (.data))

.noinit         0x00000000008002ec        0x0
                [!provide]                        PROVIDE (__noinit_start, .)
 *(.noinit*)
                [!provide]                        PROVIDE (__noinit_end, .)
                0x00000000008002ec                _end = .

.eeprom         0x0000000000810000        0x0
 *(.eeprom*)
                0x0000000000810000                __eeprom_end = .

.fuse
 *(.fuse)
 *(.lfuse)
 *(.hfuse)
 *(.efuse)

.lock
 *(.lock*)

.signature
 *(.signature*)

.user_signatures
 *(.user_signatures*)

.stab
 *(.stab)

.stabstr
 *(.stabstr)

.stab.excl
 *(.stab.excl)

.stab.exclstr
 *(.stab.exclstr)

.stab.index
 *(.stab.index)

.stab.indexstr
 *(.stab.indexstr)

.comment        0x0000000000000000       0x5b
 *(.comment)
 .comment       0x0000000000000000       0x2f build/default/debug/_ext/633675352/app.o
                                         0x30 (size before relaxing)
 .comment       0x000000000000002f       0x30 build/default/debug/_ext/633675352/appMenu.o
 .comment       0x000000000000002f       0x30 build/default/debug/_ext/633675352/appMenueTime.o
 .comment       0x000000000000002f       0x30 build/default/debug/_ext/633675352/appDataMangments.o
 .comment       0x000000000000002f       0x30 build/default/debug/src/appComm.o
 .comment       0x000000000000002f       0x30 build/default/debug/src/appEvents.o
 .comment       0x000000000000002f       0x30 ..\..\..\MEGA\mega.X\dist\Atmega128A\production\mega.X.a(sys.o)
 .comment       0x000000000000002f       0x30 ..\..\..\MEGA\mega.X\dist\Atmega128A\production\mega.X.a(lcd.o)
 .comment       0x000000000000002f       0x30 ..\..\..\MEGA\mega.X\dist\Atmega128A\production\mega.X.a(buffers.o)
 .comment       0x000000000000002f       0x30 ..\..\..\MEGA\mega.X\dist\Atmega128A\production\mega.X.a(keypad.o)
 .comment       0x000000000000002f       0x30 ..\..\..\MEGA\mega.X\dist\Atmega128A\production\mega.X.a(rtc.o)
 .comment       0x000000000000002f       0x30 ..\..\..\MEGA\mega.X\dist\Atmega128A\production\mega.X.a(menu.o)
 .comment       0x000000000000002f       0x30 ..\..\..\MEGA\mega.X\dist\Atmega128A\production\mega.X.a(buz.o)
 .comment       0x000000000000002f       0x30 ..\..\..\MEGA\mega.X\dist\Atmega128A\production\mega.X.a(exEEPROM.o)
 .comment       0x000000000000002f       0x30 ..\..\..\MEGA\mega.X\dist\Atmega128A\production\mega.X.a(twi.o)
 .comment       0x000000000000002f       0x30 ..\..\..\MEGA\mega.X\dist\Atmega128A\production\mega.X.a(gpio.o)
 .comment       0x000000000000002f       0x30 ..\..\..\MEGA\mega.X\dist\Atmega128A\production\mega.X.a(csma_cd.o)
 .comment       0x000000000000002f       0x30 ..\..\..\MEGA\mega.X\dist\Atmega128A\production\mega.X.a(utility.o)
 .comment       0x000000000000002f       0x30 ..\..\..\MEGA\mega.X\dist\Atmega128A\production\mega.X.a(mega.o)
 .comment       0x000000000000002f       0x2c c:/program files/microchip/xc8/v2.32/avr/bin/../lib/gcc/avr/5.4.0/../../../../avr/lib/avr51/memx-const\libc.a(atoi_M.o)
                                         0x2d (size before relaxing)
 .comment       0x000000000000005b       0x2d c:/program files/microchip/xc8/v2.32/avr/bin/../lib/gcc/avr/5.4.0/../../../../avr/lib/avr51/memx-const\libc.a(atol_M.o)
 .comment       0x000000000000005b       0x2d c:/program files/microchip/xc8/v2.32/avr/bin/../lib/gcc/avr/5.4.0/../../../../avr/lib/avr51/memx-const\libc.a(strtol.o)
 .comment       0x000000000000005b       0x2d c:/program files/microchip/xc8/v2.32/avr/bin/../lib/gcc/avr/5.4.0/../../../../avr/lib/avr51/memx-const\libc.a(strtok.o)
 .comment       0x000000000000005b       0x2d c:/program files/microchip/xc8/v2.32/avr/bin/../lib/gcc/avr/5.4.0/../../../../avr/lib/avr51/memx-const\libc.a(strcmp_M.o)
 .comment       0x000000000000005b       0x2d c:/program files/microchip/xc8/v2.32/avr/bin/../lib/gcc/avr/5.4.0/../../../../avr/lib/avr51/memx-const\libc.a(strlen_M.o)
 .comment       0x000000000000005b       0x2d c:/program files/microchip/xc8/v2.32/avr/bin/../lib/gcc/avr/5.4.0/../../../../avr/lib/avr51/memx-const\libc.a(strncpy_M.o)
 .comment       0x000000000000005b       0x2d c:/program files/microchip/xc8/v2.32/avr/bin/../lib/gcc/avr/5.4.0/../../../../avr/lib/avr51/memx-const\libc.a(strtok_r_M.o)
 .comment       0x000000000000005b       0x2d c:/program files/microchip/xc8/v2.32/avr/bin/../lib/gcc/avr/5.4.0/../../../../avr/lib/avr51/memx-const\libc.a(sprintf.o)
 .comment       0x000000000000005b       0x2d c:/program files/microchip/xc8/v2.32/avr/bin/../lib/gcc/avr/5.4.0/../../../../avr/lib/avr51/memx-const\libc.a(vfprintf_std.o)
 .comment       0x000000000000005b       0x2d c:/program files/microchip/xc8/v2.32/avr/bin/../lib/gcc/avr/5.4.0/../../../../avr/lib/avr51/memx-const\libc.a(errno.o)
 .comment       0x000000000000005b       0x2d c:/program files/microchip/xc8/v2.32/avr/bin/../lib/gcc/avr/5.4.0/../../../../avr/lib/avr51/memx-const\libc.a(strnlen_M.o)
 .comment       0x000000000000005b       0x2d c:/program files/microchip/xc8/v2.32/avr/bin/../lib/gcc/avr/5.4.0/../../../../avr/lib/avr51/memx-const\libc.a(fputc.o)

.stack.descriptors.hdr
                0x0000000000000000      0x1f8
 .stack.descriptors.hdr
                0x0000000000000000        0xe c:/program files/microchip/xc8/v2.32/avr/bin/../lib/gcc/avr/5.4.0/../../../../avr/lib/avr51/memx-const\libm.a(divsf3.o)
 .stack.descriptors.hdr
                0x000000000000000e        0xe c:/program files/microchip/xc8/v2.32/avr/bin/../lib/gcc/avr/5.4.0/../../../../avr/lib/avr51/memx-const\libm.a(divsf3x.o)
 .stack.descriptors.hdr
                0x000000000000001c        0xe c:/program files/microchip/xc8/v2.32/avr/bin/../lib/gcc/avr/5.4.0/../../../../avr/lib/avr51/memx-const\libm.a(fixunssfsi.o)
 .stack.descriptors.hdr
                0x000000000000002a        0xe c:/program files/microchip/xc8/v2.32/avr/bin/../lib/gcc/avr/5.4.0/../../../../avr/lib/avr51/memx-const\libm.a(floatsisf.o)
 .stack.descriptors.hdr
                0x0000000000000038        0xe c:/program files/microchip/xc8/v2.32/avr/bin/../lib/gcc/avr/5.4.0/../../../../avr/lib/avr51/memx-const\libm.a(fp_inf.o)
 .stack.descriptors.hdr
                0x0000000000000046        0xe c:/program files/microchip/xc8/v2.32/avr/bin/../lib/gcc/avr/5.4.0/../../../../avr/lib/avr51/memx-const\libm.a(fp_nan.o)
 .stack.descriptors.hdr
                0x0000000000000054        0xe c:/program files/microchip/xc8/v2.32/avr/bin/../lib/gcc/avr/5.4.0/../../../../avr/lib/avr51/memx-const\libm.a(fp_pscA.o)
 .stack.descriptors.hdr
                0x0000000000000062        0xe c:/program files/microchip/xc8/v2.32/avr/bin/../lib/gcc/avr/5.4.0/../../../../avr/lib/avr51/memx-const\libm.a(fp_pscB.o)
 .stack.descriptors.hdr
                0x0000000000000070        0xe c:/program files/microchip/xc8/v2.32/avr/bin/../lib/gcc/avr/5.4.0/../../../../avr/lib/avr51/memx-const\libm.a(fp_round.o)
 .stack.descriptors.hdr
                0x000000000000007e        0xe c:/program files/microchip/xc8/v2.32/avr/bin/../lib/gcc/avr/5.4.0/../../../../avr/lib/avr51/memx-const\libm.a(fp_split3.o)
 .stack.descriptors.hdr
                0x000000000000008c        0xe c:/program files/microchip/xc8/v2.32/avr/bin/../lib/gcc/avr/5.4.0/../../../../avr/lib/avr51/memx-const\libm.a(fp_zero.o)
 .stack.descriptors.hdr
                0x000000000000009a        0xe c:/program files/microchip/xc8/v2.32/avr/bin/../lib/gcc/avr/5.4.0/avr51/memx-const\libgcc.a(_mulsi3.o)
 .stack.descriptors.hdr
                0x00000000000000a8        0xe c:/program files/microchip/xc8/v2.32/avr/bin/../lib/gcc/avr/5.4.0/avr51/memx-const\libgcc.a(_udivmodsi4.o)
 .stack.descriptors.hdr
                0x00000000000000b6        0xe c:/program files/microchip/xc8/v2.32/avr/bin/../lib/gcc/avr/5.4.0/avr51/memx-const\libgcc.a(_exit.o)
 .stack.descriptors.hdr
                0x00000000000000c4        0xe c:/program files/microchip/xc8/v2.32/avr/bin/../lib/gcc/avr/5.4.0/avr51/memx-const\libgcc.a(_tablejump2.o)
 .stack.descriptors.hdr
                0x00000000000000d2        0xe c:/program files/microchip/xc8/v2.32/avr/bin/../lib/gcc/avr/5.4.0/avr51/memx-const\libgcc.a(_umulhisi3.o)
 .stack.descriptors.hdr
                0x00000000000000e0        0xe c:/program files/microchip/xc8/v2.32/avr/bin/../lib/gcc/avr/5.4.0/avr51/memx-const\libgcc.a(_muluhisi3.o)
 .stack.descriptors.hdr
                0x00000000000000ee        0xe c:/program files/microchip/xc8/v2.32/avr/bin/../lib/gcc/avr/5.4.0/avr51/memx-const\libgcc.a(_xload_1.o)
 .stack.descriptors.hdr
                0x00000000000000fc        0xe c:/program files/microchip/xc8/v2.32/avr/bin/../lib/gcc/avr/5.4.0/avr51/memx-const\libgcc.a(_xload_2.o)
 .stack.descriptors.hdr
                0x000000000000010a        0xe c:/program files/microchip/xc8/v2.32/avr/bin/../lib/gcc/avr/5.4.0/avr51/memx-const\libgcc.a(_xload_3.o)
 .stack.descriptors.hdr
                0x0000000000000118        0xe c:/program files/microchip/xc8/v2.32/avr/bin/../lib/gcc/avr/5.4.0/../../../../avr/lib/avr51/memx-const\libc.a(atoi_M.o)
 .stack.descriptors.hdr
                0x0000000000000126        0xe c:/program files/microchip/xc8/v2.32/avr/bin/../lib/gcc/avr/5.4.0/../../../../avr/lib/avr51/memx-const\libc.a(atol_M.o)
 .stack.descriptors.hdr
                0x0000000000000134        0xe c:/program files/microchip/xc8/v2.32/avr/bin/../lib/gcc/avr/5.4.0/../../../../avr/lib/avr51/memx-const\libc.a(strtol.o)
 .stack.descriptors.hdr
                0x0000000000000142        0xe c:/program files/microchip/xc8/v2.32/avr/bin/../lib/gcc/avr/5.4.0/../../../../avr/lib/avr51/memx-const\libc.a(isspace.o)
 .stack.descriptors.hdr
                0x0000000000000150        0xe c:/program files/microchip/xc8/v2.32/avr/bin/../lib/gcc/avr/5.4.0/../../../../avr/lib/avr51/memx-const\libc.a(strtok.o)
 .stack.descriptors.hdr
                0x000000000000015e        0xe c:/program files/microchip/xc8/v2.32/avr/bin/../lib/gcc/avr/5.4.0/../../../../avr/lib/avr51/memx-const\libc.a(strcmp_M.o)
 .stack.descriptors.hdr
                0x000000000000016c        0xe c:/program files/microchip/xc8/v2.32/avr/bin/../lib/gcc/avr/5.4.0/../../../../avr/lib/avr51/memx-const\libc.a(strlen_M.o)
 .stack.descriptors.hdr
                0x000000000000017a        0xe c:/program files/microchip/xc8/v2.32/avr/bin/../lib/gcc/avr/5.4.0/../../../../avr/lib/avr51/memx-const\libc.a(strncpy_M.o)
 .stack.descriptors.hdr
                0x0000000000000188        0xe c:/program files/microchip/xc8/v2.32/avr/bin/../lib/gcc/avr/5.4.0/../../../../avr/lib/avr51/memx-const\libc.a(strtok_r_M.o)
 .stack.descriptors.hdr
                0x0000000000000196        0xe c:/program files/microchip/xc8/v2.32/avr/bin/../lib/gcc/avr/5.4.0/../../../../avr/lib/avr51/memx-const\libc.a(sprintf.o)
 .stack.descriptors.hdr
                0x00000000000001a4        0xe c:/program files/microchip/xc8/v2.32/avr/bin/../lib/gcc/avr/5.4.0/../../../../avr/lib/avr51/memx-const\libc.a(vfprintf_std.o)
 .stack.descriptors.hdr
                0x00000000000001b2        0xe c:/program files/microchip/xc8/v2.32/avr/bin/../lib/gcc/avr/5.4.0/../../../../avr/lib/avr51/memx-const\libc.a(errno.o)
 .stack.descriptors.hdr
                0x00000000000001c0        0xe c:/program files/microchip/xc8/v2.32/avr/bin/../lib/gcc/avr/5.4.0/../../../../avr/lib/avr51/memx-const\libc.a(cty_isfalse.o)
 .stack.descriptors.hdr
                0x00000000000001ce        0xe c:/program files/microchip/xc8/v2.32/avr/bin/../lib/gcc/avr/5.4.0/../../../../avr/lib/avr51/memx-const\libc.a(strnlen_M.o)
 .stack.descriptors.hdr
                0x00000000000001dc        0xe c:/program files/microchip/xc8/v2.32/avr/bin/../lib/gcc/avr/5.4.0/../../../../avr/lib/avr51/memx-const\libc.a(fputc.o)
 .stack.descriptors.hdr
                0x00000000000001ea        0xe c:/program files/microchip/xc8/v2.32/avr/bin/../lib/gcc/avr/5.4.0/../../../../avr/lib/avr51/memx-const\libc.a(ultoa_invert.o)

.note.gnu.build-id
 *(.note.gnu.build-id)

.debug
 *(.debug)

.line
 *(.line)

.debug_srcinfo
 *(.debug_srcinfo)

.debug_sfnames
 *(.debug_sfnames)

.debug_aranges  0x0000000000000000      0x840
 *(.debug_aranges)
 .debug_aranges
                0x0000000000000000       0x40 build/default/debug/_ext/633675352/app.o
 .debug_aranges
                0x0000000000000040       0x68 build/default/debug/_ext/633675352/appMenu.o
 .debug_aranges
                0x00000000000000a8       0x40 build/default/debug/_ext/633675352/appMenueTime.o
 .debug_aranges
                0x00000000000000e8       0x88 build/default/debug/_ext/633675352/appDataMangments.o
 .debug_aranges
                0x0000000000000170       0x98 build/default/debug/src/appComm.o
 .debug_aranges
                0x0000000000000208       0x78 build/default/debug/src/appEvents.o
 .debug_aranges
                0x0000000000000280       0x58 ..\..\..\MEGA\mega.X\dist\Atmega128A\production\mega.X.a(sys.o)
 .debug_aranges
                0x00000000000002d8       0xe8 ..\..\..\MEGA\mega.X\dist\Atmega128A\production\mega.X.a(lcd.o)
 .debug_aranges
                0x00000000000003c0       0x98 ..\..\..\MEGA\mega.X\dist\Atmega128A\production\mega.X.a(buffers.o)
 .debug_aranges
                0x0000000000000458       0x48 ..\..\..\MEGA\mega.X\dist\Atmega128A\production\mega.X.a(keypad.o)
 .debug_aranges
                0x00000000000004a0       0xa0 ..\..\..\MEGA\mega.X\dist\Atmega128A\production\mega.X.a(rtc.o)
 .debug_aranges
                0x0000000000000540       0xa8 ..\..\..\MEGA\mega.X\dist\Atmega128A\production\mega.X.a(menu.o)
 .debug_aranges
                0x00000000000005e8       0x50 ..\..\..\MEGA\mega.X\dist\Atmega128A\production\mega.X.a(buz.o)
 .debug_aranges
                0x0000000000000638       0x38 ..\..\..\MEGA\mega.X\dist\Atmega128A\production\mega.X.a(exEEPROM.o)
 .debug_aranges
                0x0000000000000670       0x80 ..\..\..\MEGA\mega.X\dist\Atmega128A\production\mega.X.a(twi.o)
 .debug_aranges
                0x00000000000006f0       0x38 ..\..\..\MEGA\mega.X\dist\Atmega128A\production\mega.X.a(gpio.o)
 .debug_aranges
                0x0000000000000728       0xa8 ..\..\..\MEGA\mega.X\dist\Atmega128A\production\mega.X.a(csma_cd.o)
 .debug_aranges
                0x00000000000007d0       0x50 ..\..\..\MEGA\mega.X\dist\Atmega128A\production\mega.X.a(utility.o)
 .debug_aranges
                0x0000000000000820       0x20 ..\..\..\MEGA\mega.X\dist\Atmega128A\production\mega.X.a(mega.o)

.debug_pubnames
 *(.debug_pubnames)

.debug_info     0x0000000000000000     0xe6a8
 *(.debug_info .gnu.linkonce.wi.*)
 .debug_info    0x0000000000000000      0x780 C:/Program Files/Microchip/MPLABX/v6.00/packs/Microchip/ATmega_DFP/2.4.131/xc8/avr/lib/avr51/memx-const/crtatmega128a.o
 .debug_info    0x0000000000000780      0xca7 build/default/debug/_ext/633675352/app.o
 .debug_info    0x0000000000001427      0x933 build/default/debug/_ext/633675352/appMenu.o
 .debug_info    0x0000000000001d5a     0x17a1 build/default/debug/_ext/633675352/appMenueTime.o
 .debug_info    0x00000000000034fb     0x1af6 build/default/debug/_ext/633675352/appDataMangments.o
 .debug_info    0x0000000000004ff1     0x10b7 build/default/debug/src/appComm.o
 .debug_info    0x00000000000060a8      0x7b5 build/default/debug/src/appEvents.o
 .debug_info    0x000000000000685d      0x65e ..\..\..\MEGA\mega.X\dist\Atmega128A\production\mega.X.a(sys.o)
 .debug_info    0x0000000000006ebb     0x1829 ..\..\..\MEGA\mega.X\dist\Atmega128A\production\mega.X.a(lcd.o)
 .debug_info    0x00000000000086e4      0xa46 ..\..\..\MEGA\mega.X\dist\Atmega128A\production\mega.X.a(buffers.o)
 .debug_info    0x000000000000912a      0xa95 ..\..\..\MEGA\mega.X\dist\Atmega128A\production\mega.X.a(keypad.o)
 .debug_info    0x0000000000009bbf      0x9ff ..\..\..\MEGA\mega.X\dist\Atmega128A\production\mega.X.a(rtc.o)
 .debug_info    0x000000000000a5be     0x10cc ..\..\..\MEGA\mega.X\dist\Atmega128A\production\mega.X.a(menu.o)
 .debug_info    0x000000000000b68a      0x768 ..\..\..\MEGA\mega.X\dist\Atmega128A\production\mega.X.a(buz.o)
 .debug_info    0x000000000000bdf2      0x642 ..\..\..\MEGA\mega.X\dist\Atmega128A\production\mega.X.a(exEEPROM.o)
 .debug_info    0x000000000000c434      0x726 ..\..\..\MEGA\mega.X\dist\Atmega128A\production\mega.X.a(twi.o)
 .debug_info    0x000000000000cb5a      0x3b4 ..\..\..\MEGA\mega.X\dist\Atmega128A\production\mega.X.a(gpio.o)
 .debug_info    0x000000000000cf0e      0xbe6 ..\..\..\MEGA\mega.X\dist\Atmega128A\production\mega.X.a(csma_cd.o)
 .debug_info    0x000000000000daf4      0x6f1 ..\..\..\MEGA\mega.X\dist\Atmega128A\production\mega.X.a(utility.o)
 .debug_info    0x000000000000e1e5      0x4c3 ..\..\..\MEGA\mega.X\dist\Atmega128A\production\mega.X.a(mega.o)

.debug_abbrev   0x0000000000000000     0x2d24
 *(.debug_abbrev)
 .debug_abbrev  0x0000000000000000      0x718 C:/Program Files/Microchip/MPLABX/v6.00/packs/Microchip/ATmega_DFP/2.4.131/xc8/avr/lib/avr51/memx-const/crtatmega128a.o
 .debug_abbrev  0x0000000000000718      0x185 build/default/debug/_ext/633675352/app.o
 .debug_abbrev  0x000000000000089d      0x191 build/default/debug/_ext/633675352/appMenu.o
 .debug_abbrev  0x0000000000000a2e      0x17b build/default/debug/_ext/633675352/appMenueTime.o
 .debug_abbrev  0x0000000000000ba9      0x2fd build/default/debug/_ext/633675352/appDataMangments.o
 .debug_abbrev  0x0000000000000ea6      0x32b build/default/debug/src/appComm.o
 .debug_abbrev  0x00000000000011d1      0x184 build/default/debug/src/appEvents.o
 .debug_abbrev  0x0000000000001355      0x1a4 ..\..\..\MEGA\mega.X\dist\Atmega128A\production\mega.X.a(sys.o)
 .debug_abbrev  0x00000000000014f9      0x333 ..\..\..\MEGA\mega.X\dist\Atmega128A\production\mega.X.a(lcd.o)
 .debug_abbrev  0x000000000000182c      0x1f8 ..\..\..\MEGA\mega.X\dist\Atmega128A\production\mega.X.a(buffers.o)
 .debug_abbrev  0x0000000000001a24      0x232 ..\..\..\MEGA\mega.X\dist\Atmega128A\production\mega.X.a(keypad.o)
 .debug_abbrev  0x0000000000001c56      0x2af ..\..\..\MEGA\mega.X\dist\Atmega128A\production\mega.X.a(rtc.o)
 .debug_abbrev  0x0000000000001f05      0x2f0 ..\..\..\MEGA\mega.X\dist\Atmega128A\production\mega.X.a(menu.o)
 .debug_abbrev  0x00000000000021f5      0x1bb ..\..\..\MEGA\mega.X\dist\Atmega128A\production\mega.X.a(buz.o)
 .debug_abbrev  0x00000000000023b0      0x144 ..\..\..\MEGA\mega.X\dist\Atmega128A\production\mega.X.a(exEEPROM.o)
 .debug_abbrev  0x00000000000024f4      0x202 ..\..\..\MEGA\mega.X\dist\Atmega128A\production\mega.X.a(twi.o)
 .debug_abbrev  0x00000000000026f6       0x96 ..\..\..\MEGA\mega.X\dist\Atmega128A\production\mega.X.a(gpio.o)
 .debug_abbrev  0x000000000000278c      0x305 ..\..\..\MEGA\mega.X\dist\Atmega128A\production\mega.X.a(csma_cd.o)
 .debug_abbrev  0x0000000000002a91      0x1b1 ..\..\..\MEGA\mega.X\dist\Atmega128A\production\mega.X.a(utility.o)
 .debug_abbrev  0x0000000000002c42       0xe2 ..\..\..\MEGA\mega.X\dist\Atmega128A\production\mega.X.a(mega.o)

.debug_line     0x0000000000000000     0x5737
 *(.debug_line .debug_line.* .debug_line_end)
 .debug_line    0x0000000000000000      0x16d C:/Program Files/Microchip/MPLABX/v6.00/packs/Microchip/ATmega_DFP/2.4.131/xc8/avr/lib/avr51/memx-const/crtatmega128a.o
 .debug_line    0x000000000000016d      0x396 build/default/debug/_ext/633675352/app.o
 .debug_line    0x0000000000000503      0x249 build/default/debug/_ext/633675352/appMenu.o
 .debug_line    0x000000000000074c      0x66f build/default/debug/_ext/633675352/appMenueTime.o
 .debug_line    0x0000000000000dbb      0x8c7 build/default/debug/_ext/633675352/appDataMangments.o
 .debug_line    0x0000000000001682      0x8e0 build/default/debug/src/appComm.o
 .debug_line    0x0000000000001f62      0x38b build/default/debug/src/appEvents.o
 .debug_line    0x00000000000022ed      0x362 ..\..\..\MEGA\mega.X\dist\Atmega128A\production\mega.X.a(sys.o)
 .debug_line    0x000000000000264f      0x982 ..\..\..\MEGA\mega.X\dist\Atmega128A\production\mega.X.a(lcd.o)
 .debug_line    0x0000000000002fd1      0x38a ..\..\..\MEGA\mega.X\dist\Atmega128A\production\mega.X.a(buffers.o)
 .debug_line    0x000000000000335b      0x287 ..\..\..\MEGA\mega.X\dist\Atmega128A\production\mega.X.a(keypad.o)
 .debug_line    0x00000000000035e2      0x528 ..\..\..\MEGA\mega.X\dist\Atmega128A\production\mega.X.a(rtc.o)
 .debug_line    0x0000000000003b0a      0x4f5 ..\..\..\MEGA\mega.X\dist\Atmega128A\production\mega.X.a(menu.o)
 .debug_line    0x0000000000003fff      0x236 ..\..\..\MEGA\mega.X\dist\Atmega128A\production\mega.X.a(buz.o)
 .debug_line    0x0000000000004235      0x379 ..\..\..\MEGA\mega.X\dist\Atmega128A\production\mega.X.a(exEEPROM.o)
 .debug_line    0x00000000000045ae      0x464 ..\..\..\MEGA\mega.X\dist\Atmega128A\production\mega.X.a(twi.o)
 .debug_line    0x0000000000004a12      0x249 ..\..\..\MEGA\mega.X\dist\Atmega128A\production\mega.X.a(gpio.o)
 .debug_line    0x0000000000004c5b      0x5ca ..\..\..\MEGA\mega.X\dist\Atmega128A\production\mega.X.a(csma_cd.o)
 .debug_line    0x0000000000005225      0x30b ..\..\..\MEGA\mega.X\dist\Atmega128A\production\mega.X.a(utility.o)
 .debug_line    0x0000000000005530      0x207 ..\..\..\MEGA\mega.X\dist\Atmega128A\production\mega.X.a(mega.o)

.debug_frame    0x0000000000000000     0x1618
 *(.debug_frame)
 .debug_frame   0x0000000000000000       0xbc build/default/debug/_ext/633675352/app.o
 .debug_frame   0x00000000000000bc       0xdc build/default/debug/_ext/633675352/appMenu.o
 .debug_frame   0x0000000000000198       0xe0 build/default/debug/_ext/633675352/appMenueTime.o
 .debug_frame   0x0000000000000278      0x1cc build/default/debug/_ext/633675352/appDataMangments.o
 .debug_frame   0x0000000000000444      0x1c8 build/default/debug/src/appComm.o
 .debug_frame   0x000000000000060c       0xfc build/default/debug/src/appEvents.o
 .debug_frame   0x0000000000000708      0x150 ..\..\..\MEGA\mega.X\dist\Atmega128A\production\mega.X.a(sys.o)
 .debug_frame   0x0000000000000858      0x268 ..\..\..\MEGA\mega.X\dist\Atmega128A\production\mega.X.a(lcd.o)
 .debug_frame   0x0000000000000ac0      0x1a4 ..\..\..\MEGA\mega.X\dist\Atmega128A\production\mega.X.a(buffers.o)
 .debug_frame   0x0000000000000c64       0x9c ..\..\..\MEGA\mega.X\dist\Atmega128A\production\mega.X.a(keypad.o)
 .debug_frame   0x0000000000000d00      0x1b0 ..\..\..\MEGA\mega.X\dist\Atmega128A\production\mega.X.a(rtc.o)
 .debug_frame   0x0000000000000eb0      0x174 ..\..\..\MEGA\mega.X\dist\Atmega128A\production\mega.X.a(menu.o)
 .debug_frame   0x0000000000001024       0x8c ..\..\..\MEGA\mega.X\dist\Atmega128A\production\mega.X.a(buz.o)
 .debug_frame   0x00000000000010b0       0xd8 ..\..\..\MEGA\mega.X\dist\Atmega128A\production\mega.X.a(exEEPROM.o)
 .debug_frame   0x0000000000001188      0x108 ..\..\..\MEGA\mega.X\dist\Atmega128A\production\mega.X.a(twi.o)
 .debug_frame   0x0000000000001290       0x54 ..\..\..\MEGA\mega.X\dist\Atmega128A\production\mega.X.a(gpio.o)
 .debug_frame   0x00000000000012e4      0x1c0 ..\..\..\MEGA\mega.X\dist\Atmega128A\production\mega.X.a(csma_cd.o)
 .debug_frame   0x00000000000014a4      0x150 ..\..\..\MEGA\mega.X\dist\Atmega128A\production\mega.X.a(utility.o)
 .debug_frame   0x00000000000015f4       0x24 ..\..\..\MEGA\mega.X\dist\Atmega128A\production\mega.X.a(mega.o)

.debug_str      0x0000000000000000      0xb6f
 *(.debug_str)
 .debug_str     0x0000000000000000      0x27d C:/Program Files/Microchip/MPLABX/v6.00/packs/Microchip/ATmega_DFP/2.4.131/xc8/avr/lib/avr51/memx-const/crtatmega128a.o
 .debug_str     0x000000000000027d      0x1a5 build/default/debug/_ext/633675352/app.o
 .debug_str     0x0000000000000422       0x34 build/default/debug/_ext/633675352/appMenu.o
 .debug_str     0x0000000000000456      0x164 build/default/debug/_ext/633675352/appMenueTime.o
 .debug_str     0x00000000000005ba      0x169 build/default/debug/_ext/633675352/appDataMangments.o
 .debug_str     0x0000000000000723       0xc4 build/default/debug/src/appComm.o
 .debug_str     0x00000000000007e7       0x6e build/default/debug/src/appEvents.o
 .debug_str     0x0000000000000855       0x28 ..\..\..\MEGA\mega.X\dist\Atmega128A\production\mega.X.a(sys.o)
 .debug_str     0x000000000000087d       0x60 ..\..\..\MEGA\mega.X\dist\Atmega128A\production\mega.X.a(lcd.o)
 .debug_str     0x00000000000008dd       0x48 ..\..\..\MEGA\mega.X\dist\Atmega128A\production\mega.X.a(buffers.o)
 .debug_str     0x0000000000000925       0x36 ..\..\..\MEGA\mega.X\dist\Atmega128A\production\mega.X.a(keypad.o)
 .debug_str     0x000000000000095b       0x46 ..\..\..\MEGA\mega.X\dist\Atmega128A\production\mega.X.a(rtc.o)
 .debug_str     0x00000000000009a1       0x67 ..\..\..\MEGA\mega.X\dist\Atmega128A\production\mega.X.a(menu.o)
 .debug_str     0x0000000000000a08       0x3a ..\..\..\MEGA\mega.X\dist\Atmega128A\production\mega.X.a(buz.o)
 .debug_str     0x0000000000000a42       0x6d ..\..\..\MEGA\mega.X\dist\Atmega128A\production\mega.X.a(exEEPROM.o)
 .debug_str     0x0000000000000aaf        0xf ..\..\..\MEGA\mega.X\dist\Atmega128A\production\mega.X.a(twi.o)
 .debug_str     0x0000000000000abe        0x0 ..\..\..\MEGA\mega.X\dist\Atmega128A\production\mega.X.a(gpio.o)
 .debug_str     0x0000000000000abe       0x15 ..\..\..\MEGA\mega.X\dist\Atmega128A\production\mega.X.a(csma_cd.o)
 .debug_str     0x0000000000000ad3       0x1f ..\..\..\MEGA\mega.X\dist\Atmega128A\production\mega.X.a(utility.o)
 .debug_str     0x0000000000000af2       0x7d ..\..\..\MEGA\mega.X\dist\Atmega128A\production\mega.X.a(mega.o)

.debug_loc      0x0000000000000000     0x502c
 *(.debug_loc)
 .debug_loc     0x0000000000000000      0x1ba build/default/debug/_ext/633675352/app.o
 .debug_loc     0x00000000000001ba      0x157 build/default/debug/_ext/633675352/appMenu.o
 .debug_loc     0x0000000000000311      0x2cb build/default/debug/_ext/633675352/appMenueTime.o
 .debug_loc     0x00000000000005dc      0x648 build/default/debug/_ext/633675352/appDataMangments.o
 .debug_loc     0x0000000000000c24      0x3e6 build/default/debug/src/appComm.o
 .debug_loc     0x000000000000100a      0x382 build/default/debug/src/appEvents.o
 .debug_loc     0x000000000000138c      0x408 ..\..\..\MEGA\mega.X\dist\Atmega128A\production\mega.X.a(sys.o)
 .debug_loc     0x0000000000001794      0xd59 ..\..\..\MEGA\mega.X\dist\Atmega128A\production\mega.X.a(lcd.o)
 .debug_loc     0x00000000000024ed      0x8a8 ..\..\..\MEGA\mega.X\dist\Atmega128A\production\mega.X.a(buffers.o)
 .debug_loc     0x0000000000002d95      0x2ae ..\..\..\MEGA\mega.X\dist\Atmega128A\production\mega.X.a(keypad.o)
 .debug_loc     0x0000000000003043      0x4f5 ..\..\..\MEGA\mega.X\dist\Atmega128A\production\mega.X.a(rtc.o)
 .debug_loc     0x0000000000003538      0x5a1 ..\..\..\MEGA\mega.X\dist\Atmega128A\production\mega.X.a(menu.o)
 .debug_loc     0x0000000000003ad9       0x98 ..\..\..\MEGA\mega.X\dist\Atmega128A\production\mega.X.a(buz.o)
 .debug_loc     0x0000000000003b71      0x493 ..\..\..\MEGA\mega.X\dist\Atmega128A\production\mega.X.a(exEEPROM.o)
 .debug_loc     0x0000000000004004      0x2d3 ..\..\..\MEGA\mega.X\dist\Atmega128A\production\mega.X.a(twi.o)
 .debug_loc     0x00000000000042d7      0x140 ..\..\..\MEGA\mega.X\dist\Atmega128A\production\mega.X.a(gpio.o)
 .debug_loc     0x0000000000004417      0x6db ..\..\..\MEGA\mega.X\dist\Atmega128A\production\mega.X.a(csma_cd.o)
 .debug_loc     0x0000000000004af2      0x512 ..\..\..\MEGA\mega.X\dist\Atmega128A\production\mega.X.a(utility.o)
 .debug_loc     0x0000000000005004       0x28 ..\..\..\MEGA\mega.X\dist\Atmega128A\production\mega.X.a(mega.o)

.debug_macinfo
 *(.debug_macinfo)

.debug_weaknames
 *(.debug_weaknames)

.debug_funcnames
 *(.debug_funcnames)

.debug_typenames
 *(.debug_typenames)

.debug_varnames
 *(.debug_varnames)

.debug_pubtypes
 *(.debug_pubtypes)

.debug_ranges   0x0000000000000000      0x9f8
 *(.debug_ranges)
 .debug_ranges  0x0000000000000000       0x30 build/default/debug/_ext/633675352/app.o
 .debug_ranges  0x0000000000000030       0x58 build/default/debug/_ext/633675352/appMenu.o
 .debug_ranges  0x0000000000000088       0x30 build/default/debug/_ext/633675352/appMenueTime.o
 .debug_ranges  0x00000000000000b8       0xa8 build/default/debug/_ext/633675352/appDataMangments.o
 .debug_ranges  0x0000000000000160       0xd0 build/default/debug/src/appComm.o
 .debug_ranges  0x0000000000000230       0x68 build/default/debug/src/appEvents.o
 .debug_ranges  0x0000000000000298       0x48 ..\..\..\MEGA\mega.X\dist\Atmega128A\production\mega.X.a(sys.o)
 .debug_ranges  0x00000000000002e0      0x1a8 ..\..\..\MEGA\mega.X\dist\Atmega128A\production\mega.X.a(lcd.o)
 .debug_ranges  0x0000000000000488      0x118 ..\..\..\MEGA\mega.X\dist\Atmega128A\production\mega.X.a(buffers.o)
 .debug_ranges  0x00000000000005a0       0x50 ..\..\..\MEGA\mega.X\dist\Atmega128A\production\mega.X.a(keypad.o)
 .debug_ranges  0x00000000000005f0       0x90 ..\..\..\MEGA\mega.X\dist\Atmega128A\production\mega.X.a(rtc.o)
 .debug_ranges  0x0000000000000680       0xc8 ..\..\..\MEGA\mega.X\dist\Atmega128A\production\mega.X.a(menu.o)
 .debug_ranges  0x0000000000000748       0x70 ..\..\..\MEGA\mega.X\dist\Atmega128A\production\mega.X.a(buz.o)
 .debug_ranges  0x00000000000007b8       0x28 ..\..\..\MEGA\mega.X\dist\Atmega128A\production\mega.X.a(exEEPROM.o)
 .debug_ranges  0x00000000000007e0       0xa8 ..\..\..\MEGA\mega.X\dist\Atmega128A\production\mega.X.a(twi.o)
 .debug_ranges  0x0000000000000888       0x28 ..\..\..\MEGA\mega.X\dist\Atmega128A\production\mega.X.a(gpio.o)
 .debug_ranges  0x00000000000008b0       0xe0 ..\..\..\MEGA\mega.X\dist\Atmega128A\production\mega.X.a(csma_cd.o)
 .debug_ranges  0x0000000000000990       0x58 ..\..\..\MEGA\mega.X\dist\Atmega128A\production\mega.X.a(utility.o)
 .debug_ranges  0x00000000000009e8       0x10 ..\..\..\MEGA\mega.X\dist\Atmega128A\production\mega.X.a(mega.o)

.debug_macro
 *(.debug_macro)
OUTPUT(dist/default/debug/app.X.debug.elf elf32-avr)
LOAD linker stubs
LOAD data_init

.note.gnu.avr.deviceinfo
                0x0000000000000000       0x40
 .note.gnu.avr.deviceinfo
                0x0000000000000000       0x40 C:/Program Files/Microchip/MPLABX/v6.00/packs/Microchip/ATmega_DFP/2.4.131/xc8/avr/lib/avr51/memx-const/crtatmega128a.o

.bss            0x00000000008002ec        0x2
 .bss           0x00000000008002ec        0x2 c:/program files/microchip/xc8/v2.32/avr/bin/../lib/gcc/avr/5.4.0/../../../../avr/lib/avr51/memx-const\libc.a(strtok.o)

.progmemx.data  0x0000000000000114      0x13f
 .progmemx.data
                0x0000000000000114      0x13f build/default/debug/_ext/633675352/appMenueTime.o

.progmemx.data  0x0000000000000253       0xe8
 .progmemx.data
                0x0000000000000253       0xe8 build/default/debug/_ext/633675352/appDataMangments.o

.progmemx.data  0x000000000000033b       0xdb
 .progmemx.data
                0x000000000000033b       0xdb build/default/debug/_ext/633675352/app.o

.progmemx.data  0x0000000000000416       0xa1
 .progmemx.data
                0x0000000000000416       0xa1 build/default/debug/_ext/633675352/appMenu.o

.progmemx.data.EraseData
                0x00000000000004b7       0x11
 .progmemx.data.EraseData
                0x00000000000004b7       0x11 build/default/debug/_ext/633675352/appMenu.o
                0x00000000000004b7                EraseData

.progmemx.data.ResetData
                0x00000000000004c8       0x11
 .progmemx.data.ResetData
                0x00000000000004c8       0x11 build/default/debug/_ext/633675352/appMenu.o
                0x00000000000004c8                ResetData

.progmemx.data.RepNetwork
                0x00000000000004d9       0x11
 .progmemx.data.RepNetwork
                0x00000000000004d9       0x11 build/default/debug/_ext/633675352/appMenu.o
                0x00000000000004d9                RepNetwork

.progmemx.data.TestNetWork
                0x00000000000004ea       0x11
 .progmemx.data.TestNetWork
                0x00000000000004ea       0x11 build/default/debug/_ext/633675352/appMenu.o
                0x00000000000004ea                TestNetWork

.progmemx.data.ResetSystem
                0x00000000000004fb       0x11
 .progmemx.data.ResetSystem
                0x00000000000004fb       0x11 build/default/debug/_ext/633675352/appMenu.o
                0x00000000000004fb                ResetSystem

.progmemx.data.Points
                0x000000000000050c       0x11
 .progmemx.data.Points
                0x000000000000050c       0x11 build/default/debug/_ext/633675352/appMenu.o
                0x000000000000050c                Points

.progmemx.data.NetWork
                0x000000000000051d       0x11
 .progmemx.data.NetWork
                0x000000000000051d       0x11 build/default/debug/_ext/633675352/appMenu.o
                0x000000000000051d                NetWork

.progmemx.data.Reset
                0x000000000000052e       0x11
 .progmemx.data.Reset
                0x000000000000052e       0x11 build/default/debug/_ext/633675352/appMenu.o
                0x000000000000052e                Reset

.progmemx.data.Summary
                0x000000000000053f       0x11
 .progmemx.data.Summary
                0x000000000000053f       0x11 build/default/debug/_ext/633675352/appMenu.o
                0x000000000000053f                Summary

.progmemx.data.Report
                0x0000000000000550       0x11
 .progmemx.data.Report
                0x0000000000000550       0x11 build/default/debug/_ext/633675352/appMenu.o
                0x0000000000000550                Report

.progmemx.data.Date
                0x0000000000000561       0x11
 .progmemx.data.Date
                0x0000000000000561       0x11 build/default/debug/_ext/633675352/appMenu.o
                0x0000000000000561                Date

.progmemx.data.Time
                0x0000000000000572       0x11
 .progmemx.data.Time
                0x0000000000000572       0x11 build/default/debug/_ext/633675352/appMenu.o
                0x0000000000000572                Time

.progmemx.data.System
                0x0000000000000583       0x11
 .progmemx.data.System
                0x0000000000000583       0x11 build/default/debug/_ext/633675352/appMenu.o
                0x0000000000000583                System

.progmemx.data.User
                0x0000000000000594       0x11
 .progmemx.data.User
                0x0000000000000594       0x11 build/default/debug/_ext/633675352/appMenu.o
                0x0000000000000594                User

.progmemx.data.Menu
                0x00000000000005a5       0x11
 .progmemx.data.Menu
                0x00000000000005a5       0x11 build/default/debug/_ext/633675352/appMenu.o
                0x00000000000005a5                Menu

.progmemx.data.NullItem
                0x00000000000005b6       0x11
 .progmemx.data.NullItem
                0x00000000000005b6       0x11 ..\..\..\MEGA\mega.X\dist\Atmega128A\production\mega.X.a(menu.o)
                0x00000000000005b6                NullItem

.progmemx.data.gu8RtcMonthYear
                0x00000000000005c7        0xc
 .progmemx.data.gu8RtcMonthYear
                0x00000000000005c7        0xc ..\..\..\MEGA\mega.X\dist\Atmega128A\production\mega.X.a(rtc.o)

.progmemx.data.gu8RtcMonthLeapYear
                0x00000000000005d3        0xc
 .progmemx.data.gu8RtcMonthLeapYear
                0x00000000000005d3        0xc ..\..\..\MEGA\mega.X\dist\Atmega128A\production\mega.X.a(rtc.o)

.progmemx.data.five
                0x00000000000005df        0x8
 .progmemx.data.five
                0x00000000000005df        0x8 build/default/debug/_ext/633675352/appMenu.o
                0x00000000000005df                five

.progmemx.data.four
                0x00000000000005e7        0x8
 .progmemx.data.four
                0x00000000000005e7        0x8 build/default/debug/_ext/633675352/appMenu.o
                0x00000000000005e7                four

.progmemx.data.three
                0x00000000000005ef        0x8
 .progmemx.data.three
                0x00000000000005ef        0x8 build/default/debug/_ext/633675352/appMenu.o
                0x00000000000005ef                three

.progmemx.data.two
                0x00000000000005f7        0x8
 .progmemx.data.two
                0x00000000000005f7        0x8 build/default/debug/_ext/633675352/appMenu.o
                0x00000000000005f7                two

.progmemx.data.one
                0x00000000000005ff        0x8
 .progmemx.data.one
                0x00000000000005ff        0x8 build/default/debug/_ext/633675352/appMenu.o
                0x00000000000005ff                one

.progmemx.data.zero
                0x0000000000000607        0x8
 .progmemx.data.zero
                0x0000000000000607        0x8 build/default/debug/_ext/633675352/appMenu.o
                0x0000000000000607                zero

.progmemx.data  0x000000000000060f        0x3
 .progmemx.data
                0x000000000000060f        0x3 ..\..\..\MEGA\mega.X\dist\Atmega128A\production\mega.X.a(utility.o)

.progmemx.data  0x0000000000000612        0x2
 .progmemx.data
                0x0000000000000612        0x2 build/default/debug/src/appEvents.o

.text.appMemCreatePoint
                0x0000000000000614      0x4fe
 .text.appMemCreatePoint
                0x0000000000000614      0x4fe build/default/debug/_ext/633675352/appDataMangments.o
                0x0000000000000614                appMemCreatePoint

.text.avrlibc   0x0000000000000b12      0x450
 .text.avrlibc  0x0000000000000b12      0x450 c:/program files/microchip/xc8/v2.32/avr/bin/../lib/gcc/avr/5.4.0/../../../../avr/lib/avr51/memx-const\libc.a(vfprintf_std.o)
                0x0000000000000b12                vfprintf

.text.appMenuDate
                0x0000000000000f62      0x37a
 .text.appMenuDate
                0x0000000000000f62      0x37a build/default/debug/_ext/633675352/appMenueTime.o
                0x0000000000000f62                appMenuDate

.text.avrlibc   0x00000000000012dc      0x2e6
 .text.avrlibc  0x00000000000012dc      0x2e6 c:/program files/microchip/xc8/v2.32/avr/bin/../lib/gcc/avr/5.4.0/../../../../avr/lib/avr51/memx-const\libc.a(strtol.o)
                0x00000000000012dc                strtol

.text.appCommunications
                0x00000000000015c2      0x2be
 .text.appCommunications
                0x00000000000015c2      0x2be build/default/debug/src/appComm.o
                0x00000000000015c2                appCommunications

.text.appDataResPons
                0x0000000000001880      0x234
 .text.appDataResPons
                0x0000000000001880      0x234 build/default/debug/src/appComm.o
                0x0000000000001880                appDataResPons

.text.appMenueTime
                0x0000000000001ab4      0x1e6
 .text.appMenueTime
                0x0000000000001ab4      0x1e6 build/default/debug/_ext/633675352/appMenueTime.o
                0x0000000000001ab4                appMenueTime

.text.appCurrentTimeShow
                0x0000000000001c9a      0x1d0
 .text.appCurrentTimeShow
                0x0000000000001c9a      0x1d0 build/default/debug/_ext/633675352/app.o
                0x0000000000001c9a                appCurrentTimeShow

.text.appMemRease
                0x0000000000001e6a      0x1ac
 .text.appMemRease
                0x0000000000001e6a      0x1ac build/default/debug/_ext/633675352/appDataMangments.o
                0x0000000000001e6a                appMemRease

.text.rtcConvertDateToTime
                0x0000000000002016      0x18e
 .text.rtcConvertDateToTime
                0x0000000000002016      0x18e ..\..\..\MEGA\mega.X\dist\Atmega128A\production\mega.X.a(rtc.o)
                0x0000000000002016                rtcConvertDateToTime

.text.appMemoryStart
                0x00000000000021a4      0x186
 .text.appMemoryStart
                0x00000000000021a4      0x186 build/default/debug/_ext/633675352/appDataMangments.o
                0x00000000000021a4                appMemoryStart

.text.appMenueDateEvents
                0x000000000000232a      0x180
 .text.appMenueDateEvents
                0x000000000000232a      0x180 build/default/debug/_ext/633675352/appMenueTime.o
                0x000000000000232a                appMenueDateEvents

.text.buzDriver
                0x00000000000024aa      0x16a
 .text.buzDriver
                0x00000000000024aa      0x16a ..\..\..\MEGA\mega.X\dist\Atmega128A\production\mega.X.a(buz.o)
                0x00000000000024aa                buzDriver

.text.menuItemPos
                0x0000000000002614      0x162
 .text.menuItemPos
                0x0000000000002614      0x162 ..\..\..\MEGA\mega.X\dist\Atmega128A\production\mega.X.a(menu.o)
                0x0000000000002614                menuItemPos

.text.rtcConvertTimeToDate
                0x0000000000002776      0x154
 .text.rtcConvertTimeToDate
                0x0000000000002776      0x154 ..\..\..\MEGA\mega.X\dist\Atmega128A\production\mega.X.a(rtc.o)
                0x0000000000002776                rtcConvertTimeToDate

.text.appCommClinentResponse
                0x00000000000028ca      0x150
 .text.appCommClinentResponse
                0x00000000000028ca      0x150 build/default/debug/src/appComm.o
                0x00000000000028ca                appCommClinentResponse

.text.exEEPROMLoad
                0x0000000000002a1a      0x150
 .text.exEEPROMLoad
                0x0000000000002a1a      0x150 ..\..\..\MEGA\mega.X\dist\Atmega128A\production\mega.X.a(exEEPROM.o)
                0x0000000000002a1a                exEEPROMLoad

.text.exEEPROMSave
                0x0000000000002b6a      0x11c
 .text.exEEPROMSave
                0x0000000000002b6a      0x11c ..\..\..\MEGA\mega.X\dist\Atmega128A\production\mega.X.a(exEEPROM.o)
                0x0000000000002b6a                exEEPROMSave

.text.Send_to_TWI
                0x0000000000002c86      0x11a
 .text.Send_to_TWI
                0x0000000000002c86      0x11a ..\..\..\MEGA\mega.X\dist\Atmega128A\production\mega.X.a(twi.o)
                0x0000000000002c86                Send_to_TWI

.text.appMemPowerOn
                0x0000000000002da0      0x10c
 .text.appMemPowerOn
                0x0000000000002da0      0x10c build/default/debug/_ext/633675352/appDataMangments.o
                0x0000000000002da0                appMemPowerOn

.text.menueReadEvents
                0x0000000000002eac      0x106
 .text.menueReadEvents
                0x0000000000002eac      0x106 ..\..\..\MEGA\mega.X\dist\Atmega128A\production\mega.X.a(menu.o)
                0x0000000000002eac                menueReadEvents

.text.__vector_30
                0x0000000000002fb2      0x102
 .text.__vector_30
                0x0000000000002fb2      0x102 ..\..\..\MEGA\mega.X\dist\Atmega128A\production\mega.X.a(csma_cd.o)
                0x0000000000002fb2                __vector_30

.text.keypad01ButtonScan.part.0
                0x00000000000030b4       0xf6
 .text.keypad01ButtonScan.part.0
                0x00000000000030b4       0xf6 ..\..\..\MEGA\mega.X\dist\Atmega128A\production\mega.X.a(keypad.o)

.text.appMemEvents
                0x00000000000031aa       0xf0
 .text.appMemEvents
                0x00000000000031aa       0xf0 build/default/debug/_ext/633675352/appDataMangments.o
                0x00000000000031aa                appMemEvents

.text.__vector_12
                0x000000000000329a       0xf0
 .text.__vector_12
                0x000000000000329a       0xf0 ..\..\..\MEGA\mega.X\dist\Atmega128A\production\mega.X.a(csma_cd.o)
                0x000000000000329a                __vector_12

.text.startup.main
                0x000000000000338a       0xe2
 .text.startup.main
                0x000000000000338a       0xe2 ..\..\..\MEGA\mega.X\dist\Atmega128A\production\mega.X.a(mega.o)
                0x000000000000338a                main

.text.avrlibc.fplib
                0x000000000000346c       0xde
 .text.avrlibc.fplib
                0x000000000000346c       0xde c:/program files/microchip/xc8/v2.32/avr/bin/../lib/gcc/avr/5.4.0/../../../../avr/lib/avr51/memx-const\libm.a(divsf3x.o)
                0x000000000000346c                __divsf3x
                0x0000000000003494                __divsf3_pse

.text.exEEPROMSavePage
                0x000000000000354a       0xdc
 .text.exEEPROMSavePage
                0x000000000000354a       0xdc ..\..\..\MEGA\mega.X\dist\Atmega128A\production\mega.X.a(exEEPROM.o)
                0x000000000000354a                exEEPROMSavePage

.text.appCommRequestHandle
                0x0000000000003626       0xd8
 .text.appCommRequestHandle
                0x0000000000003626       0xd8 build/default/debug/src/appComm.o
                0x0000000000003626                appCommRequestHandle

.text.appMenueTimeEvents
                0x00000000000036fe       0xd4
 .text.appMenueTimeEvents
                0x00000000000036fe       0xd4 build/default/debug/_ext/633675352/appMenueTime.o
                0x00000000000036fe                appMenueTimeEvents

.text.rtcSwUpdate
                0x00000000000037d2       0xc6
 .text.rtcSwUpdate
                0x00000000000037d2       0xc6 ..\..\..\MEGA\mega.X\dist\Atmega128A\production\mega.X.a(rtc.o)
                0x00000000000037d2                rtcSwUpdate

.text.lcdUpdate
                0x0000000000003898       0xc4
 .text.lcdUpdate
                0x0000000000003898       0xc4 ..\..\..\MEGA\mega.X\dist\Atmega128A\production\mega.X.a(lcd.o)
                0x0000000000003898                lcdUpdate

.text.lcdPrint  0x000000000000395c       0xc2
 .text.lcdPrint
                0x000000000000395c       0xc2 ..\..\..\MEGA\mega.X\dist\Atmega128A\production\mega.X.a(lcd.o)
                0x000000000000395c                lcdPrint

.text.updateProgressBar
                0x0000000000003a1e       0xc0
 .text.updateProgressBar
                0x0000000000003a1e       0xc0 build/default/debug/_ext/633675352/appMenu.o
                0x0000000000003a1e                updateProgressBar

.text.getItemInfo
                0x0000000000003ade       0xc0
 .text.getItemInfo
                0x0000000000003ade       0xc0 ..\..\..\MEGA\mega.X\dist\Atmega128A\production\mega.X.a(menu.o)
                0x0000000000003ade                getItemInfo

.text.csmaInit  0x0000000000003b9e       0xc0
 .text.csmaInit
                0x0000000000003b9e       0xc0 ..\..\..\MEGA\mega.X\dist\Atmega128A\production\mega.X.a(csma_cd.o)
                0x0000000000003b9e                csmaInit

.text.avrlibc   0x0000000000003c5e       0xbc
 .text.avrlibc  0x0000000000003c5e       0xbc c:/program files/microchip/xc8/v2.32/avr/bin/../lib/gcc/avr/5.4.0/../../../../avr/lib/avr51/memx-const\libc.a(ultoa_invert.o)
                0x0000000000003c5e                __ultoa_invert

.text.ReceiverParsingFram
                0x0000000000003d1a       0xba
 .text.ReceiverParsingFram
                0x0000000000003d1a       0xba ..\..\..\MEGA\mega.X\dist\Atmega128A\production\mega.X.a(csma_cd.o)
                0x0000000000003d1a                ReceiverParsingFram

.text.appMain   0x0000000000003dd4       0xb6
 .text.appMain  0x0000000000003dd4       0xb6 build/default/debug/_ext/633675352/app.o
                0x0000000000003dd4                appMain

.text.appPingResPonse
                0x0000000000003e8a       0xb6
 .text.appPingResPonse
                0x0000000000003e8a       0xb6 build/default/debug/src/appComm.o
                0x0000000000003e8a                appPingResPonse

.text.lcdCreateChar
                0x0000000000003f40       0xaa
 .text.lcdCreateChar
                0x0000000000003f40       0xaa ..\..\..\MEGA\mega.X\dist\Atmega128A\production\mega.X.a(lcd.o)
                0x0000000000003f40                lcdCreateChar

.text.__vector_15
                0x0000000000003fea       0xa8
 .text.__vector_15
                0x0000000000003fea       0xa8 ..\..\..\MEGA\mega.X\dist\Atmega128A\production\mega.X.a(sys.o)
                0x0000000000003fea                __vector_15

.text.appEventRemove
                0x0000000000004092       0xa4
 .text.appEventRemove
                0x0000000000004092       0xa4 build/default/debug/src/appEvents.o
                0x0000000000004092                appEventRemove

.text.appCommTraffic
                0x0000000000004136       0xa2
 .text.appCommTraffic
                0x0000000000004136       0xa2 build/default/debug/src/appComm.o
                0x0000000000004136                appCommTraffic

.text.lcdHwInit
                0x00000000000041d8       0xa0
 .text.lcdHwInit
                0x00000000000041d8       0xa0 ..\..\..\MEGA\mega.X\dist\Atmega128A\production\mega.X.a(lcd.o)
                0x00000000000041d8                lcdHwInit

.text.appShfitBuffer
                0x0000000000004278       0x9e
 .text.appShfitBuffer
                0x0000000000004278       0x9e ..\..\..\MEGA\mega.X\dist\Atmega128A\production\mega.X.a(utility.o)
                0x0000000000004278                appShfitBuffer

.text           0x0000000000004316       0x9e
 .text          0x0000000000004316       0x9e c:/program files/microchip/xc8/v2.32/avr/bin/../lib/gcc/avr/5.4.0/../../../../avr/lib/avr51/memx-const\libc.a(strtok_r_M.o)
                0x0000000000004316                strtok_r

.text.appEventDown
                0x00000000000043b4       0x94
 .text.appEventDown
                0x00000000000043b4       0x94 build/default/debug/src/appEvents.o
                0x00000000000043b4                appEventDown

.text.keypadSync
                0x0000000000004448       0x94
 .text.keypadSync
                0x0000000000004448       0x94 ..\..\..\MEGA\mega.X\dist\Atmega128A\production\mega.X.a(keypad.o)
                0x0000000000004448                keypadSync

.text.LcdWriteHigh
                0x00000000000044dc       0x8e
 .text.LcdWriteHigh
                0x00000000000044dc       0x8e ..\..\..\MEGA\mega.X\dist\Atmega128A\production\mega.X.a(lcd.o)
                0x00000000000044dc                LcdWriteHigh

.text.lcdRead   0x000000000000456a       0x8c
 .text.lcdRead  0x000000000000456a       0x8c ..\..\..\MEGA\mega.X\dist\Atmega128A\production\mega.X.a(lcd.o)
                0x000000000000456a                lcdRead

.text.lcdInit   0x00000000000045f6       0x8c
 .text.lcdInit  0x00000000000045f6       0x8c ..\..\..\MEGA\mega.X\dist\Atmega128A\production\mega.X.a(lcd.o)
                0x00000000000045f6                lcdInit

.text.rtccSoftTime
                0x0000000000004682       0x8c
 .text.rtccSoftTime
                0x0000000000004682       0x8c ..\..\..\MEGA\mega.X\dist\Atmega128A\production\mega.X.a(rtc.o)
                0x0000000000004682                rtccSoftTime

.text.rtcDriver
                0x000000000000470e       0x88
 .text.rtcDriver
                0x000000000000470e       0x88 ..\..\..\MEGA\mega.X\dist\Atmega128A\production\mega.X.a(rtc.o)
                0x000000000000470e                rtcDriver

.text.rtcHwUpdate
                0x0000000000004796       0x86
 .text.rtcHwUpdate
                0x0000000000004796       0x86 ..\..\..\MEGA\mega.X\dist\Atmega128A\production\mega.X.a(rtc.o)
                0x0000000000004796                rtcHwUpdate

.text.menuAction
                0x000000000000481c       0x86
 .text.menuAction
                0x000000000000481c       0x86 ..\..\..\MEGA\mega.X\dist\Atmega128A\production\mega.X.a(menu.o)
                0x000000000000481c                menuAction

.text.lcdwrite  0x00000000000048a2       0x7c
 .text.lcdwrite
                0x00000000000048a2       0x7c ..\..\..\MEGA\mega.X\dist\Atmega128A\production\mega.X.a(lcd.o)
                0x00000000000048a2                lcdwrite

.text.keypadDriverInit
                0x000000000000491e       0x7a
 .text.keypadDriverInit
                0x000000000000491e       0x7a ..\..\..\MEGA\mega.X\dist\Atmega128A\production\mega.X.a(keypad.o)
                0x000000000000491e                keypadDriverInit

.text.Encapsulate
                0x0000000000004998       0x7a
 .text.Encapsulate
                0x0000000000004998       0x7a ..\..\..\MEGA\mega.X\dist\Atmega128A\production\mega.X.a(csma_cd.o)
                0x0000000000004998                Encapsulate

.text.avrlibc.fplib
                0x0000000000004a12       0x7a
 .text.avrlibc.fplib
                0x0000000000004a12       0x7a c:/program files/microchip/xc8/v2.32/avr/bin/../lib/gcc/avr/5.4.0/../../../../avr/lib/avr51/memx-const\libm.a(floatsisf.o)
                0x0000000000004a12                __floatunsisf
                0x0000000000004a16                __floatsisf

.text.avrlibc   0x0000000000004a8c       0x78
 .text.avrlibc  0x0000000000004a8c       0x78 c:/program files/microchip/xc8/v2.32/avr/bin/../lib/gcc/avr/5.4.0/../../../../avr/lib/avr51/memx-const\libc.a(fputc.o)
                0x0000000000004a8c                fputc

.text.appEventNumber
                0x0000000000004b04       0x76
 .text.appEventNumber
                0x0000000000004b04       0x76 build/default/debug/src/appEvents.o
                0x0000000000004b04                appEventNumber

.text.menueDriver
                0x0000000000004b7a       0x72
 .text.menueDriver
                0x0000000000004b7a       0x72 ..\..\..\MEGA\mega.X\dist\Atmega128A\production\mega.X.a(menu.o)
                0x0000000000004b7a                menueDriver

.text.digitalpinMode
                0x0000000000004bec       0x6c
 .text.digitalpinMode
                0x0000000000004bec       0x6c ..\..\..\MEGA\mega.X\dist\Atmega128A\production\mega.X.a(gpio.o)
                0x0000000000004bec                digitalpinMode

.text.appCommInit
                0x0000000000004c58       0x68
 .text.appCommInit
                0x0000000000004c58       0x68 build/default/debug/src/appComm.o
                0x0000000000004c58                appCommInit

.text.appEventUp
                0x0000000000004cc0       0x66
 .text.appEventUp
                0x0000000000004cc0       0x66 build/default/debug/src/appEvents.o
                0x0000000000004cc0                appEventUp

.text.sysIsTimeout
                0x0000000000004d26       0x64
 .text.sysIsTimeout
                0x0000000000004d26       0x64 ..\..\..\MEGA\mega.X\dist\Atmega128A\production\mega.X.a(sys.o)
                0x0000000000004d26                sysIsTimeout

.text.appMemValidtionConfig
                0x0000000000004d8a       0x60
 .text.appMemValidtionConfig
                0x0000000000004d8a       0x60 build/default/debug/_ext/633675352/appDataMangments.o
                0x0000000000004d8a                appMemValidtionConfig

.text.avrlibc   0x0000000000004dea       0x60
 .text.avrlibc  0x0000000000004dea       0x60 c:/program files/microchip/xc8/v2.32/avr/bin/../lib/gcc/avr/5.4.0/../../../../avr/lib/avr51/memx-const\libc.a(sprintf.o)
                0x0000000000004dea                sprintf

.text.avrlibc.fplib
                0x0000000000004e4a       0x5e
 .text.avrlibc.fplib
                0x0000000000004e4a       0x5e c:/program files/microchip/xc8/v2.32/avr/bin/../lib/gcc/avr/5.4.0/../../../../avr/lib/avr51/memx-const\libm.a(fixunssfsi.o)
                0x0000000000004e4a                __fixunssfsi

.text.menuLCDReader
                0x0000000000004ea8       0x5c
 .text.menuLCDReader
                0x0000000000004ea8       0x5c ..\..\..\MEGA\mega.X\dist\Atmega128A\production\mega.X.a(menu.o)
                0x0000000000004ea8                menuLCDReader

.text.appEventMove
                0x0000000000004f04       0x5a
 .text.appEventMove
                0x0000000000004f04       0x5a build/default/debug/src/appEvents.o
                0x0000000000004f04                appEventMove

.text.lcdReadNibble
                0x0000000000004f5e       0x58
 .text.lcdReadNibble
                0x0000000000004f5e       0x58 ..\..\..\MEGA\mega.X\dist\Atmega128A\production\mega.X.a(lcd.o)
                0x0000000000004f5e                lcdReadNibble

.text.lcdBlink  0x0000000000004fb6       0x58
 .text.lcdBlink
                0x0000000000004fb6       0x58 ..\..\..\MEGA\mega.X\dist\Atmega128A\production\mega.X.a(lcd.o)
                0x0000000000004fb6                lcdBlink

.text.lcdReplace
                0x000000000000500e       0x50
 .text.lcdReplace
                0x000000000000500e       0x50 ..\..\..\MEGA\mega.X\dist\Atmega128A\production\mega.X.a(lcd.o)
                0x000000000000500e                lcdReplace

.text.appCommGetBuzzerState
                0x000000000000505e       0x4c
 .text.appCommGetBuzzerState
                0x000000000000505e       0x4c build/default/debug/src/appComm.o
                0x000000000000505e                appCommGetBuzzerState

.text.TWI_start
                0x00000000000050aa       0x4c
 .text.TWI_start
                0x00000000000050aa       0x4c ..\..\..\MEGA\mega.X\dist\Atmega128A\production\mega.X.a(twi.o)
                0x00000000000050aa                TWI_start

.text.appCommRequestGetBuffer
                0x00000000000050f6       0x4a
 .text.appCommRequestGetBuffer
                0x00000000000050f6       0x4a build/default/debug/src/appComm.o
                0x00000000000050f6                appCommRequestGetBuffer

.text.appProgressBarsetup
                0x0000000000005140       0x48
 .text.appProgressBarsetup
                0x0000000000005140       0x48 build/default/debug/_ext/633675352/appMenu.o
                0x0000000000005140                appProgressBarsetup

.text.Get_byte  0x0000000000005188       0x48
 .text.Get_byte
                0x0000000000005188       0x48 ..\..\..\MEGA\mega.X\dist\Atmega128A\production\mega.X.a(twi.o)
                0x0000000000005188                Get_byte

.text.avrlibc   0x00000000000051d0       0x46
 .text.avrlibc  0x00000000000051d0       0x46 c:/program files/microchip/xc8/v2.32/avr/bin/../lib/gcc/avr/5.4.0/../../../../avr/lib/avr51/memx-const\libc.a(strncpy_M.o)
                0x00000000000051d0                strncpy

.text.appCommRequestPutBuffer
                0x0000000000005216       0x44
 .text.appCommRequestPutBuffer
                0x0000000000005216       0x44 build/default/debug/src/appComm.o
                0x0000000000005216                appCommRequestPutBuffer

.text.avrlibc.fplib
                0x000000000000525a       0x44
 .text.avrlibc.fplib
                0x000000000000525a       0x44 c:/program files/microchip/xc8/v2.32/avr/bin/../lib/gcc/avr/5.4.0/../../../../avr/lib/avr51/memx-const\libm.a(fp_split3.o)
                0x000000000000525a                __fp_split3
                0x000000000000526a                __fp_splitA

.text.libgcc.div
                0x000000000000529e       0x44
 .text.libgcc.div
                0x000000000000529e       0x44 c:/program files/microchip/xc8/v2.32/avr/bin/../lib/gcc/avr/5.4.0/avr51/memx-const\libgcc.a(_udivmodsi4.o)
                0x000000000000529e                __udivmodsi4

.text.avrlibc   0x00000000000052e2       0x44
 .text.avrlibc  0x00000000000052e2       0x44 c:/program files/microchip/xc8/v2.32/avr/bin/../lib/gcc/avr/5.4.0/../../../../avr/lib/avr51/memx-const\libc.a(strcmp_M.o)
                0x00000000000052e2                strcmp

.text.digitalPinWrite
                0x0000000000005326       0x40
 .text.digitalPinWrite
                0x0000000000005326       0x40 ..\..\..\MEGA\mega.X\dist\Atmega128A\production\mega.X.a(gpio.o)
                0x0000000000005326                digitalPinWrite

.text.StartTransmission
                0x0000000000005366       0x40
 .text.StartTransmission
                0x0000000000005366       0x40 ..\..\..\MEGA\mega.X\dist\Atmega128A\production\mega.X.a(csma_cd.o)
                0x0000000000005366                StartTransmission

.text.rtcInit   0x00000000000053a6       0x3e
 .text.rtcInit  0x00000000000053a6       0x3e ..\..\..\MEGA\mega.X\dist\Atmega128A\production\mega.X.a(rtc.o)
                0x00000000000053a6                rtcInit

.text.Init_TWI  0x00000000000053e4       0x3a
 .text.Init_TWI
                0x00000000000053e4       0x3a ..\..\..\MEGA\mega.X\dist\Atmega128A\production\mega.X.a(twi.o)
                0x00000000000053e4                Init_TWI

.text.FramNetWork
                0x000000000000541e       0x3a
 .text.FramNetWork
                0x000000000000541e       0x3a ..\..\..\MEGA\mega.X\dist\Atmega128A\production\mega.X.a(csma_cd.o)
                0x000000000000541e                FramNetWork

.text.keypad01SwitchScan
                0x0000000000005458       0x38
 .text.keypad01SwitchScan
                0x0000000000005458       0x38 ..\..\..\MEGA\mega.X\dist\Atmega128A\production\mega.X.a(keypad.o)
                0x0000000000005458                keypad01SwitchScan

.text.avrlibc   0x0000000000005490       0x38
 .text.avrlibc  0x0000000000005490       0x38 c:/program files/microchip/xc8/v2.32/avr/bin/../lib/gcc/avr/5.4.0/../../../../avr/lib/avr51/memx-const\libc.a(strnlen_M.o)
                0x0000000000005490                strnlen

.text.appMemNext
                0x00000000000054c8       0x36
 .text.appMemNext
                0x00000000000054c8       0x36 build/default/debug/_ext/633675352/appDataMangments.o
                0x00000000000054c8                appMemNext

.text.getlcdData
                0x00000000000054fe       0x34
 .text.getlcdData
                0x00000000000054fe       0x34 ..\..\..\MEGA\mega.X\dist\Atmega128A\production\mega.X.a(lcd.o)
                0x00000000000054fe                getlcdData

.text.Send_adr  0x0000000000005532       0x34
 .text.Send_adr
                0x0000000000005532       0x34 ..\..\..\MEGA\mega.X\dist\Atmega128A\production\mega.X.a(twi.o)
                0x0000000000005532                Send_adr

.text.appMemRemoveEvent
                0x0000000000005566       0x32
 .text.appMemRemoveEvent
                0x0000000000005566       0x32 build/default/debug/_ext/633675352/appDataMangments.o
                0x0000000000005566                appMemRemoveEvent

.text.rtcSetDate
                0x0000000000005598       0x32
 .text.rtcSetDate
                0x0000000000005598       0x32 ..\..\..\MEGA\mega.X\dist\Atmega128A\production\mega.X.a(rtc.o)
                0x0000000000005598                rtcSetDate

.text.lcdClearlines
                0x00000000000055ca       0x30
 .text.lcdClearlines
                0x00000000000055ca       0x30 ..\..\..\MEGA\mega.X\dist\Atmega128A\production\mega.X.a(lcd.o)
                0x00000000000055ca                lcdClearlines

.text.menuStartItem
                0x00000000000055fa       0x30
 .text.menuStartItem
                0x00000000000055fa       0x30 ..\..\..\MEGA\mega.X\dist\Atmega128A\production\mega.X.a(menu.o)
                0x00000000000055fa                menuStartItem

.text.BuzStart  0x000000000000562a       0x30
 .text.BuzStart
                0x000000000000562a       0x30 ..\..\..\MEGA\mega.X\dist\Atmega128A\production\mega.X.a(buz.o)
                0x000000000000562a                BuzStart

.text.lcdClear  0x000000000000565a       0x2e
 .text.lcdClear
                0x000000000000565a       0x2e ..\..\..\MEGA\mega.X\dist\Atmega128A\production\mega.X.a(lcd.o)
                0x000000000000565a                lcdClear

.text.__vector_3
                0x0000000000005688       0x2e
 .text.__vector_3
                0x0000000000005688       0x2e ..\..\..\MEGA\mega.X\dist\Atmega128A\production\mega.X.a(csma_cd.o)
                0x0000000000005688                __vector_3

.text.rtcConvertbuffer.part.1
                0x00000000000056b6       0x2c
 .text.rtcConvertbuffer.part.1
                0x00000000000056b6       0x2c ..\..\..\MEGA\mega.X\dist\Atmega128A\production\mega.X.a(rtc.o)

.text.Send_byte
                0x00000000000056e2       0x2c
 .text.Send_byte
                0x00000000000056e2       0x2c ..\..\..\MEGA\mega.X\dist\Atmega128A\production\mega.X.a(twi.o)
                0x00000000000056e2                Send_byte

.text.digitalPinRead
                0x000000000000570e       0x2c
 .text.digitalPinRead
                0x000000000000570e       0x2c ..\..\..\MEGA\mega.X\dist\Atmega128A\production\mega.X.a(gpio.o)
                0x000000000000570e                digitalPinRead

.text.appEvent  0x000000000000573a       0x2a
 .text.appEvent
                0x000000000000573a       0x2a build/default/debug/_ext/633675352/app.o
                0x000000000000573a                appEvent

.text.lcdwriteCMD
                0x0000000000005764       0x2a
 .text.lcdwriteCMD
                0x0000000000005764       0x2a ..\..\..\MEGA\mega.X\dist\Atmega128A\production\mega.X.a(lcd.o)
                0x0000000000005764                lcdwriteCMD

.text.getByte.part.0
                0x000000000000578e       0x2a
 .text.getByte.part.0
                0x000000000000578e       0x2a ..\..\..\MEGA\mega.X\dist\Atmega128A\production\mega.X.a(buffers.o)

.text.uNumberToString
                0x00000000000057b8       0x2a
 .text.uNumberToString
                0x00000000000057b8       0x2a ..\..\..\MEGA\mega.X\dist\Atmega128A\production\mega.X.a(utility.o)
                0x00000000000057b8                uNumberToString

.text.appEventCencel
                0x00000000000057e2       0x28
 .text.appEventCencel
                0x00000000000057e2       0x28 build/default/debug/src/appEvents.o
                0x00000000000057e2                appEventCencel

.text.appEventEnter
                0x000000000000580a       0x28
 .text.appEventEnter
                0x000000000000580a       0x28 build/default/debug/src/appEvents.o
                0x000000000000580a                appEventEnter

.text.rtc_getDate
                0x0000000000005832       0x28
 .text.rtc_getDate
                0x0000000000005832       0x28 ..\..\..\MEGA\mega.X\dist\Atmega128A\production\mega.X.a(rtc.o)
                0x0000000000005832                rtc_getDate

.text.lcdIsCurrentNumber
                0x000000000000585a       0x26
 .text.lcdIsCurrentNumber
                0x000000000000585a       0x26 ..\..\..\MEGA\mega.X\dist\Atmega128A\production\mega.X.a(lcd.o)
                0x000000000000585a                lcdIsCurrentNumber

.text.putByte.part.1
                0x0000000000005880       0x26
 .text.putByte.part.1
                0x0000000000005880       0x26 ..\..\..\MEGA\mega.X\dist\Atmega128A\production\mega.X.a(buffers.o)

.text.keypadGetEvent
                0x00000000000058a6       0x24
 .text.keypadGetEvent
                0x00000000000058a6       0x24 ..\..\..\MEGA\mega.X\dist\Atmega128A\production\mega.X.a(keypad.o)
                0x00000000000058a6                keypadGetEvent

.text.avrlibc   0x00000000000058ca       0x24
 .text.avrlibc  0x00000000000058ca       0x24 c:/program files/microchip/xc8/v2.32/avr/bin/../lib/gcc/avr/5.4.0/../../../../avr/lib/avr51/memx-const\libc.a(strlen_M.o)
                0x00000000000058ca                strlen

.text.appMemSaveDate
                0x00000000000058ee       0x22
 .text.appMemSaveDate
                0x00000000000058ee       0x22 build/default/debug/_ext/633675352/appDataMangments.o
                0x00000000000058ee                appMemSaveDate

.text.appMemLoadDate
                0x0000000000005910       0x22
 .text.appMemLoadDate
                0x0000000000005910       0x22 build/default/debug/_ext/633675352/appDataMangments.o
                0x0000000000005910                appMemLoadDate

.text.buzInit   0x0000000000005932       0x22
 .text.buzInit  0x0000000000005932       0x22 ..\..\..\MEGA\mega.X\dist\Atmega128A\production\mega.X.a(buz.o)
                0x0000000000005932                buzInit

.text.avrlibc.fplib
                0x0000000000005954       0x22
 .text.avrlibc.fplib
                0x0000000000005954       0x22 c:/program files/microchip/xc8/v2.32/avr/bin/../lib/gcc/avr/5.4.0/../../../../avr/lib/avr51/memx-const\libm.a(fp_round.o)
                0x0000000000005954                __fp_round

.text.libgcc.mul
                0x0000000000005976       0x20
 .text.libgcc.mul
                0x0000000000005976       0x20 c:/program files/microchip/xc8/v2.32/avr/bin/../lib/gcc/avr/5.4.0/avr51/memx-const\libgcc.a(_mulsi3.o)
                0x0000000000005976                __mulsi3

.text.libgcc.mul
                0x0000000000005996       0x1e
 .text.libgcc.mul
                0x0000000000005996       0x1e c:/program files/microchip/xc8/v2.32/avr/bin/../lib/gcc/avr/5.4.0/avr51/memx-const\libgcc.a(_umulhisi3.o)
                0x0000000000005996                __umulhisi3

.text.appMenu   0x00000000000059b4       0x1c
 .text.appMenu  0x00000000000059b4       0x1c build/default/debug/_ext/633675352/appMenu.o
                0x00000000000059b4                appMenu

.text.appCommFree
                0x00000000000059d0       0x1c
 .text.appCommFree
                0x00000000000059d0       0x1c build/default/debug/src/appComm.o
                0x00000000000059d0                appCommFree

.text.getSystemTick
                0x00000000000059ec       0x1a
 .text.getSystemTick
                0x00000000000059ec       0x1a ..\..\..\MEGA\mega.X\dist\Atmega128A\production\mega.X.a(sys.o)
                0x00000000000059ec                getSystemTick

.text.appInit   0x0000000000005a06       0x18
 .text.appInit  0x0000000000005a06       0x18 build/default/debug/_ext/633675352/app.o
                0x0000000000005a06                appInit

.text.MenuInit  0x0000000000005a1e       0x18
 .text.MenuInit
                0x0000000000005a1e       0x18 ..\..\..\MEGA\mega.X\dist\Atmega128A\production\mega.X.a(menu.o)
                0x0000000000005a1e                MenuInit

.text.systemTickInit
                0x0000000000005a36       0x16
 .text.systemTickInit
                0x0000000000005a36       0x16 ..\..\..\MEGA\mega.X\dist\Atmega128A\production\mega.X.a(sys.o)
                0x0000000000005a36                systemTickInit

.text.lcdwriteCGRAM
                0x0000000000005a4c       0x16
 .text.lcdwriteCGRAM
                0x0000000000005a4c       0x16 ..\..\..\MEGA\mega.X\dist\Atmega128A\production\mega.X.a(lcd.o)
                0x0000000000005a4c                lcdwriteCGRAM

.text.libgcc.mul
                0x0000000000005a62       0x16
 .text.libgcc.mul
                0x0000000000005a62       0x16 c:/program files/microchip/xc8/v2.32/avr/bin/../lib/gcc/avr/5.4.0/avr51/memx-const\libgcc.a(_muluhisi3.o)
                0x0000000000005a62                __muluhisi3

.text.libgcc    0x0000000000005a78       0x16
 .text.libgcc   0x0000000000005a78       0x16 c:/program files/microchip/xc8/v2.32/avr/bin/../lib/gcc/avr/5.4.0/avr51/memx-const\libgcc.a(_xload_3.o)
                0x0000000000005a78                __xload_3

.text.exEEPROMInit
                0x0000000000005a8e       0x14
 .text.exEEPROMInit
                0x0000000000005a8e       0x14 ..\..\..\MEGA\mega.X\dist\Atmega128A\production\mega.X.a(exEEPROM.o)
                0x0000000000005a8e                exEEPROMInit

.text.appMemEraseConfig
                0x0000000000005aa2       0x12
 .text.appMemEraseConfig
                0x0000000000005aa2       0x12 build/default/debug/_ext/633675352/appDataMangments.o
                0x0000000000005aa2                appMemEraseConfig

.text.appMemEraseData
                0x0000000000005ab4       0x12
 .text.appMemEraseData
                0x0000000000005ab4       0x12 build/default/debug/_ext/633675352/appDataMangments.o
                0x0000000000005ab4                appMemEraseData

.text.rtcGetCurrentTime
                0x0000000000005ac6       0x12
 .text.rtcGetCurrentTime
                0x0000000000005ac6       0x12 ..\..\..\MEGA\mega.X\dist\Atmega128A\production\mega.X.a(rtc.o)
                0x0000000000005ac6                rtcGetCurrentTime

.text.libgcc    0x0000000000005ad8       0x12
 .text.libgcc   0x0000000000005ad8       0x12 c:/program files/microchip/xc8/v2.32/avr/bin/../lib/gcc/avr/5.4.0/avr51/memx-const\libgcc.a(_tablejump2.o)
                0x0000000000005ad8                __tablejump2__

.text.libgcc    0x0000000000005aea       0x12
 .text.libgcc   0x0000000000005aea       0x12 c:/program files/microchip/xc8/v2.32/avr/bin/../lib/gcc/avr/5.4.0/avr51/memx-const\libgcc.a(_xload_2.o)
                0x0000000000005aea                __xload_2

.text.avrlibc   0x0000000000005afc       0x12
 .text.avrlibc  0x0000000000005afc       0x12 c:/program files/microchip/xc8/v2.32/avr/bin/../lib/gcc/avr/5.4.0/../../../../avr/lib/avr51/memx-const\libc.a(isspace.o)
                0x0000000000005afc                isspace

.text.appMenuIsLCDReady
                0x0000000000005b0e       0x10
 .text.appMenuIsLCDReady
                0x0000000000005b0e       0x10 build/default/debug/_ext/633675352/appMenu.o
                0x0000000000005b0e                appMenuIsLCDReady

.text.byteBufferInit
                0x0000000000005b1e       0x10
 .text.byteBufferInit
                0x0000000000005b1e       0x10 ..\..\..\MEGA\mega.X\dist\Atmega128A\production\mega.X.a(buffers.o)
                0x0000000000005b1e                byteBufferInit

.text.getByte   0x0000000000005b2e       0x10
 .text.getByte  0x0000000000005b2e       0x10 ..\..\..\MEGA\mega.X\dist\Atmega128A\production\mega.X.a(buffers.o)
                0x0000000000005b2e                getByte

.text.putByte   0x0000000000005b3e       0x10
 .text.putByte  0x0000000000005b3e       0x10 ..\..\..\MEGA\mega.X\dist\Atmega128A\production\mega.X.a(buffers.o)
                0x0000000000005b3e                putByte

.text.rtcIsSetDone
                0x0000000000005b4e       0x10
 .text.rtcIsSetDone
                0x0000000000005b4e       0x10 ..\..\..\MEGA\mega.X\dist\Atmega128A\production\mega.X.a(rtc.o)
                0x0000000000005b4e                rtcIsSetDone

.text.IsCommunicationOpen
                0x0000000000005b5e       0x10
 .text.IsCommunicationOpen
                0x0000000000005b5e       0x10 ..\..\..\MEGA\mega.X\dist\Atmega128A\production\mega.X.a(csma_cd.o)
                0x0000000000005b5e                IsCommunicationOpen

.text.appMemInit
                0x0000000000005b6e        0xe
 .text.appMemInit
                0x0000000000005b6e        0xe build/default/debug/_ext/633675352/appDataMangments.o
                0x0000000000005b6e                appMemInit

.text.appEventInit
                0x0000000000005b7c        0xe
 .text.appEventInit
                0x0000000000005b7c        0xe build/default/debug/src/appEvents.o
                0x0000000000005b7c                appEventInit

.text.appEventSetStart
                0x0000000000005b8a        0xe
 .text.appEventSetStart
                0x0000000000005b8a        0xe build/default/debug/src/appEvents.o
                0x0000000000005b8a                appEventSetStart

.text.avrlibc.fplib
                0x0000000000005b98        0xe
 .text.avrlibc.fplib
                0x0000000000005b98        0xe c:/program files/microchip/xc8/v2.32/avr/bin/../lib/gcc/avr/5.4.0/../../../../avr/lib/avr51/memx-const\libm.a(fp_pscA.o)
                0x0000000000005b98                __fp_pscA

.text.avrlibc.fplib
                0x0000000000005ba6        0xe
 .text.avrlibc.fplib
                0x0000000000005ba6        0xe c:/program files/microchip/xc8/v2.32/avr/bin/../lib/gcc/avr/5.4.0/../../../../avr/lib/avr51/memx-const\libm.a(fp_pscB.o)
                0x0000000000005ba6                __fp_pscB

.text.avrlibc.fplib
                0x0000000000005bb4        0xe
 .text.avrlibc.fplib
                0x0000000000005bb4        0xe c:/program files/microchip/xc8/v2.32/avr/bin/../lib/gcc/avr/5.4.0/../../../../avr/lib/avr51/memx-const\libm.a(fp_zero.o)
                0x0000000000005bb4                __fp_zero
                0x0000000000005bb6                __fp_szero

.text.libgcc    0x0000000000005bc2        0xe
 .text.libgcc   0x0000000000005bc2        0xe c:/program files/microchip/xc8/v2.32/avr/bin/../lib/gcc/avr/5.4.0/avr51/memx-const\libgcc.a(_xload_1.o)
                0x0000000000005bc2                __xload_1

.text.appMenuClearEvent
                0x0000000000005bd0        0xc
 .text.appMenuClearEvent
                0x0000000000005bd0        0xc build/default/debug/_ext/633675352/appMenu.o
                0x0000000000005bd0                appMenuClearEvent

.text.appMenuInit
                0x0000000000005bdc        0xc
 .text.appMenuInit
                0x0000000000005bdc        0xc build/default/debug/_ext/633675352/appMenu.o
                0x0000000000005bdc                appMenuInit

.text.appCommReady
                0x0000000000005be8        0xc
 .text.appCommReady
                0x0000000000005be8        0xc build/default/debug/src/appComm.o
                0x0000000000005be8                appCommReady

.text.appCommNotReady
                0x0000000000005bf4        0xc
 .text.appCommNotReady
                0x0000000000005bf4        0xc build/default/debug/src/appComm.o
                0x0000000000005bf4                appCommNotReady

.text.lcdNoCursor
                0x0000000000005c00        0xc
 .text.lcdNoCursor
                0x0000000000005c00        0xc ..\..\..\MEGA\mega.X\dist\Atmega128A\production\mega.X.a(lcd.o)
                0x0000000000005c00                lcdNoCursor

.text.lcdNoBlink
                0x0000000000005c0c        0xc
 .text.lcdNoBlink
                0x0000000000005c0c        0xc ..\..\..\MEGA\mega.X\dist\Atmega128A\production\mega.X.a(lcd.o)
                0x0000000000005c0c                lcdNoBlink

.text.rtcSync   0x0000000000005c18        0xc
 .text.rtcSync  0x0000000000005c18        0xc ..\..\..\MEGA\mega.X\dist\Atmega128A\production\mega.X.a(rtc.o)
                0x0000000000005c18                rtcSync

.text.setSencodEvent
                0x0000000000005c24        0xc
 .text.setSencodEvent
                0x0000000000005c24        0xc ..\..\..\MEGA\mega.X\dist\Atmega128A\production\mega.X.a(rtc.o)
                0x0000000000005c24                setSencodEvent

.text.clearSecondEvent
                0x0000000000005c30        0xc
 .text.clearSecondEvent
                0x0000000000005c30        0xc ..\..\..\MEGA\mega.X\dist\Atmega128A\production\mega.X.a(rtc.o)
                0x0000000000005c30                clearSecondEvent

.text.menuOpen  0x0000000000005c3c        0xc
 .text.menuOpen
                0x0000000000005c3c        0xc ..\..\..\MEGA\mega.X\dist\Atmega128A\production\mega.X.a(menu.o)
                0x0000000000005c3c                menuOpen

.text.avrlibc.fplib
                0x0000000000005c48        0xc
 .text.avrlibc.fplib
                0x0000000000005c48        0xc c:/program files/microchip/xc8/v2.32/avr/bin/../lib/gcc/avr/5.4.0/../../../../avr/lib/avr51/memx-const\libm.a(fp_inf.o)
                0x0000000000005c48                __fp_inf

.text.avrlibc   0x0000000000005c54        0xc
 .text.avrlibc  0x0000000000005c54        0xc c:/program files/microchip/xc8/v2.32/avr/bin/../lib/gcc/avr/5.4.0/../../../../avr/lib/avr51/memx-const\libc.a(atol_M.o)
                0x0000000000005c54                atol

.text.appStartMenu
                0x0000000000005c60        0xa
 .text.appStartMenu
                0x0000000000005c60        0xa build/default/debug/_ext/633675352/appMenu.o
                0x0000000000005c60                appStartMenu

.text.rtcSecondEvent
                0x0000000000005c6a        0xa
 .text.rtcSecondEvent
                0x0000000000005c6a        0xa ..\..\..\MEGA\mega.X\dist\Atmega128A\production\mega.X.a(rtc.o)
                0x0000000000005c6a                rtcSecondEvent

.text.menuIsOpen
                0x0000000000005c74        0xa
 .text.menuIsOpen
                0x0000000000005c74        0xa ..\..\..\MEGA\mega.X\dist\Atmega128A\production\mega.X.a(menu.o)
                0x0000000000005c74                menuIsOpen

.text.twiInitFram
                0x0000000000005c7e        0xa
 .text.twiInitFram
                0x0000000000005c7e        0xa ..\..\..\MEGA\mega.X\dist\Atmega128A\production\mega.X.a(twi.o)
                0x0000000000005c7e                twiInitFram

.text.OnHostFrame
                0x0000000000005c88        0xa
 .text.OnHostFrame
                0x0000000000005c88        0xa ..\..\..\MEGA\mega.X\dist\Atmega128A\production\mega.X.a(csma_cd.o)
                0x0000000000005c88                OnHostFrame
