Archive member included to satisfy reference by file (symbol)

..\..\..\MEGA\mega.X\dist\Atmega128A\production\mega.X.a(sys.o)
                              build/default/debug/src/appComm.o (getSystemTick)
..\..\..\MEGA\mega.X\dist\Atmega128A\production\mega.X.a(lcd.o)
                              build/default/debug/src/appEvents.o (lcdBlink)
..\..\..\MEGA\mega.X\dist\Atmega128A\production\mega.X.a(buffers.o)
                              build/default/debug/src/appComm.o (byteBufferInit)
..\..\..\MEGA\mega.X\dist\Atmega128A\production\mega.X.a(keypad.o)
                              build/default/debug/src/app.o (keypadGetEvent)
..\..\..\MEGA\mega.X\dist\Atmega128A\production\mega.X.a(rtc.o)
                              ..\..\..\MEGA\mega.X\dist\Atmega128A\production\mega.X.a(sys.o) (rtcSync)
..\..\..\MEGA\mega.X\dist\Atmega128A\production\mega.X.a(menu.o)
                              build/default/debug/src/appMenu.o (NullItem)
..\..\..\MEGA\mega.X\dist\Atmega128A\production\mega.X.a(buz.o)
                              build/default/debug/src/app.o (buzGenerateSignalTime)
..\..\..\MEGA\mega.X\dist\Atmega128A\production\mega.X.a(exEEPROM.o)
                              build/default/debug/src/appDataMangments.o (exEEPROMSave)
..\..\..\MEGA\mega.X\dist\Atmega128A\production\mega.X.a(csma_cd.o)
                              build/default/debug/src/appComm.o (gsReceiveFrame)
..\..\..\MEGA\mega.X\dist\Atmega128A\production\mega.X.a(utility.o)
                              ..\..\..\MEGA\mega.X\dist\Atmega128A\production\mega.X.a(rtc.o) (appShfitBuffer)
..\..\..\MEGA\mega.X\dist\Atmega128A\production\mega.X.a(twi.o)
                              ..\..\..\MEGA\mega.X\dist\Atmega128A\production\mega.X.a(exEEPROM.o) (Send_stop)
..\..\..\MEGA\mega.X\dist\Atmega128A\production\mega.X.a(mega.o)
                              C:/Program Files/Microchip/MPLABX/v6.00/packs/Microchip/ATmega_DFP/2.4.131/xc8/avr/lib/avr51/memx-const/crtatmega128a.o (main)
c:/program files/microchip/xc8/v2.32/avr/bin/../lib/gcc/avr/5.4.0/../../../../avr/lib/avr51/memx-const\libm.a(divsf3.o)
                              build/default/debug/src/appMenu.o (__divsf3)
c:/program files/microchip/xc8/v2.32/avr/bin/../lib/gcc/avr/5.4.0/../../../../avr/lib/avr51/memx-const\libm.a(divsf3x.o)
                              c:/program files/microchip/xc8/v2.32/avr/bin/../lib/gcc/avr/5.4.0/../../../../avr/lib/avr51/memx-const\libm.a(divsf3.o) (__divsf3x)
c:/program files/microchip/xc8/v2.32/avr/bin/../lib/gcc/avr/5.4.0/../../../../avr/lib/avr51/memx-const\libm.a(fixunssfsi.o)
                              build/default/debug/src/appMenu.o (__fixunssfsi)
c:/program files/microchip/xc8/v2.32/avr/bin/../lib/gcc/avr/5.4.0/../../../../avr/lib/avr51/memx-const\libm.a(floatsisf.o)
                              build/default/debug/src/appMenu.o (__floatsisf)
c:/program files/microchip/xc8/v2.32/avr/bin/../lib/gcc/avr/5.4.0/../../../../avr/lib/avr51/memx-const\libm.a(fp_inf.o)
                              c:/program files/microchip/xc8/v2.32/avr/bin/../lib/gcc/avr/5.4.0/../../../../avr/lib/avr51/memx-const\libm.a(divsf3x.o) (__fp_inf)
c:/program files/microchip/xc8/v2.32/avr/bin/../lib/gcc/avr/5.4.0/../../../../avr/lib/avr51/memx-const\libm.a(fp_nan.o)
                              c:/program files/microchip/xc8/v2.32/avr/bin/../lib/gcc/avr/5.4.0/../../../../avr/lib/avr51/memx-const\libm.a(divsf3x.o) (__fp_nan)
c:/program files/microchip/xc8/v2.32/avr/bin/../lib/gcc/avr/5.4.0/../../../../avr/lib/avr51/memx-const\libm.a(fp_pscA.o)
                              c:/program files/microchip/xc8/v2.32/avr/bin/../lib/gcc/avr/5.4.0/../../../../avr/lib/avr51/memx-const\libm.a(divsf3x.o) (__fp_pscA)
c:/program files/microchip/xc8/v2.32/avr/bin/../lib/gcc/avr/5.4.0/../../../../avr/lib/avr51/memx-const\libm.a(fp_pscB.o)
                              c:/program files/microchip/xc8/v2.32/avr/bin/../lib/gcc/avr/5.4.0/../../../../avr/lib/avr51/memx-const\libm.a(divsf3x.o) (__fp_pscB)
c:/program files/microchip/xc8/v2.32/avr/bin/../lib/gcc/avr/5.4.0/../../../../avr/lib/avr51/memx-const\libm.a(fp_round.o)
                              c:/program files/microchip/xc8/v2.32/avr/bin/../lib/gcc/avr/5.4.0/../../../../avr/lib/avr51/memx-const\libm.a(divsf3.o) (__fp_round)
c:/program files/microchip/xc8/v2.32/avr/bin/../lib/gcc/avr/5.4.0/../../../../avr/lib/avr51/memx-const\libm.a(fp_split3.o)
                              c:/program files/microchip/xc8/v2.32/avr/bin/../lib/gcc/avr/5.4.0/../../../../avr/lib/avr51/memx-const\libm.a(divsf3x.o) (__fp_split3)
c:/program files/microchip/xc8/v2.32/avr/bin/../lib/gcc/avr/5.4.0/../../../../avr/lib/avr51/memx-const\libm.a(fp_zero.o)
                              c:/program files/microchip/xc8/v2.32/avr/bin/../lib/gcc/avr/5.4.0/../../../../avr/lib/avr51/memx-const\libm.a(fixunssfsi.o) (__fp_zero)
c:/program files/microchip/xc8/v2.32/avr/bin/../lib/gcc/avr/5.4.0/avr51/memx-const\libgcc.a(_mulsi3.o)
[...]
Memory Configuration

Name             Origin             Length             Attributes
text             0x0000000000000000 0x0000000000020000 xr
data             0x0000000000800100 0x0000000000001000 rw !x
eeprom           0x0000000000810000 0x0000000000001000 rw !x
fuse             0x0000000000820000 0x0000000000000003 rw !x
lock             0x0000000000830000 0x0000000000000400 rw !x
signature        0x0000000000840000 0x0000000000000400 rw !x
user_signatures  0x0000000000850000 0x0000000000000400 rw !x
*default*        0x0000000000000000 0xffffffffffffffff

Linker script and memory map

Address of section .data set to 0x800100
LOAD C:/Program Files/Microchip/MPLABX/v6.00/packs/Microchip/ATmega_DFP/2.4.131/xc8/avr/lib/avr51/memx-const/crtatmega128a.o
                0x0000000000000001                __MPLAB_BUILD = 0x1
LOAD build/default/debug/src/appComm.o
LOAD build/default/debug/src/appEvents.o
LOAD build/default/debug/src/app.o
LOAD build/default/debug/src/appDataMangments.o
LOAD build/default/debug/src/appMenu.o
LOAD build/default/debug/src/appMenueTime.o
LOAD ..\..\..\MEGA\mega.X\dist\Atmega128A\production\mega.X.a
START GROUP
LOAD c:/program files/microchip/xc8/v2.32/avr/bin/../lib/gcc/avr/5.4.0/../../../../avr/lib/avr51/memx-const\libm.a
END GROUP
                0x0000000000000001                __MPLAB_DEBUG = 0x1
                0x0000000000000001                __DEBUG = 0x1
                0x0000000000000001                __MPLAB_DEBUGGER_SIMULATOR = 0x1
START GROUP
LOAD c:/program files/microchip/xc8/v2.32/avr/bin/../lib/gcc/avr/5.4.0/avr51/memx-const\libgcc.a
LOAD c:/program files/microchip/xc8/v2.32/avr/bin/../lib/gcc/avr/5.4.0/../../../../avr/lib/avr51/memx-const\libm.a
LOAD c:/program files/microchip/xc8/v2.32/avr/bin/../lib/gcc/avr/5.4.0/../../../../avr/lib/avr51/memx-const\libc.a
LOAD C:/Program Files/Microchip/MPLABX/v6.00/packs/Microchip/ATmega_DFP/2.4.131/xc8/avr/lib/avr51/memx-const\libatmega128a.a
END GROUP
                [0x0000000000000000]                __TEXT_REGION_ORIGIN__ = DEFINED (__TEXT_REGION_ORIGIN__)?__TEXT_REGION_ORIGIN__:0x0
                [0x0000000000800100]                __DATA_REGION_ORIGIN__ = DEFINED (__DATA_REGION_ORIGIN__)?__DATA_REGION_ORIGIN__:0x800100
                [0x0000000000020000]                __TEXT_REGION_LENGTH__ = DEFINED (__TEXT_REGION_LENGTH__)?__TEXT_REGION_LENGTH__:0x20000
                [0x0000000000001000]                __DATA_REGION_LENGTH__ = DEFINED (__DATA_REGION_LENGTH__)?__DATA_REGION_LENGTH__:0xff00
                [0x0000000000001000]                __EEPROM_REGION_LENGTH__ = DEFINED (__EEPROM_REGION_LENGTH__)?__EEPROM_REGION_LENGTH__:0x10000
                [0x0000000000000003]                __FUSE_REGION_LENGTH__ = DEFINED (__FUSE_REGION_LENGTH__)?__FUSE_REGION_LENGTH__:0x400
                0x0000000000000400                __LOCK_REGION_LENGTH__ = DEFINED (__LOCK_REGION_LENGTH__)?__LOCK_REGION_LENGTH__:0x400
                0x0000000000000400                __SIGNATURE_REGION_LENGTH__ = DEFINED (__SIGNATURE_REGION_LENGTH__)?__SIGNATURE_REGION_LENGTH__:0x400
                0x0000000000000400                __USER_SIGNATURE_REGION_LENGTH__ = DEFINED (__USER_SIGNATURE_REGION_LENGTH__)?__USER_SIGNATURE_REGION_LENGTH__:0x400

.hash
 *(.hash)

.dynsym
 *(.dynsym)

.dynstr
 *(.dynstr)

.gnu.version
 *(.gnu.version)

.gnu.version_d
 *(.gnu.version_d)

.gnu.version_r
 *(.gnu.version_r)

.rel.init
 *(.rel.init)

.rela.init
 *(.rela.init)

.rel.text
 *(.rel.text)
 *(.rel.text.*)
 *(.rel.gnu.linkonce.t*)

.rela.text
 *(.rela.text)
 *(.rela.text.*)
 *(.rela.gnu.linkonce.t*)

.rel.fini
 *(.rel.fini)

.rela.fini
 *(.rela.fini)

.rel.rodata
 *(.rel.rodata)
 *(.rel.rodata.*)
 *(.rel.gnu.linkonce.r*)

.rela.rodata
 *(.rela.rodata)
 *(.rela.rodata.*)
 *(.rela.gnu.linkonce.r*)

.rel.data
 *(.rel.data)
 *(.rel.data.*)
 *(.rel.gnu.linkonce.d*)

.rela.data
 *(.rela.data)
 *(.rela.data.*)
 *(.rela.gnu.linkonce.d*)

.rel.ctors
 *(.rel.ctors)

.rela.ctors
 *(.rela.ctors)

.rel.dtors
 *(.rel.dtors)

.rela.dtors
 *(.rela.dtors)

.rel.got
 *(.rel.got)

.rela.got
 *(.rela.got)

.rel.bss
 *(.rel.bss)

.rela.bss
 *(.rela.bss)

.rel.plt
 *(.rel.plt)

.rela.plt
 *(.rela.plt)

.text           0x0000000000000000      0x114
 *(.vectors)
 .vectors       0x0000000000000000       0x8c C:/Program Files/Microchip/MPLABX/v6.00/packs/Microchip/ATmega_DFP/2.4.131/xc8/avr/lib/avr51/memx-const/crtatmega128a.o
                0x0000000000000000                __vector_default
                0x0000000000000000                __vectors
 *(.vectors)
 *(.progmem.gcc*)
 .progmem.gcc_sw_table.appCurrentTimeShow
                0x000000000000008c        0xe build/default/debug/src/app.o
 .progmem.gcc_sw_table.appMemCreatePoint
                0x000000000000009a        0xe build/default/debug/src/appDataMangments.o
 .progmem.gcc_sw_table.appMenuDate
                0x00000000000000a8        0xe build/default/debug/src/appMenueTime.o
 *(.dinit)
 .dinit         0x00000000000000b6        0x5 data_init
                0x00000000000000bc                . = ALIGN (0x2)
 *fill*         0x00000000000000bb        0x1 
                0x00000000000000bc                __trampolines_start = .
 *(.trampolines)
 .trampolines   0x00000000000000bc        0x0 linker stubs
 *(.trampolines*)
                0x00000000000000bc                __trampolines_end = .
 *libprintf_flt.a:*(.progmem.data)
 *libc.a:*(.progmem.data)
                0x00000000000000bc                . = ALIGN (0x2)
 *(.jumptables)
 *(.jumptables*)
 *(.lowtext)
 *(.lowtext*)
                0x00000000000000bc                __ctors_start = .
 *(.ctors)
                0x00000000000000bc                __ctors_end = .
                0x00000000000000bc                __dtors_start = .
 *(.dtors)
                0x00000000000000bc                __dtors_end = .
 SORT(*)(.ctors)
 SORT(*)(.dtors)
 *(.init0)
 .init0         0x00000000000000bc        0x0 C:/Program Files/Microchip/MPLABX/v6.00/packs/Microchip/ATmega_DFP/2.4.131/xc8/avr/lib/avr51/memx-const/crtatmega128a.o
                0x00000000000000bc                __init
 *(.init0)
 *(.init1)
 *(.init1)
 *(.init2)
 .init2         0x00000000000000bc        0xc C:/Program Files/Microchip/MPLABX/v6.00/packs/Microchip/ATmega_DFP/2.4.131/xc8/avr/lib/avr51/memx-const/crtatmega128a.o
 *(.init2)
 *(.init3)
 *(.init3)
 *(.init4)
 .init4         0x00000000000000c8       0x40 c:/program files/microchip/xc8/v2.32/avr/bin/../lib/gcc/avr/5.4.0/avr51/memx-const\libgcc.a(_copy_data.o)
                0x00000000000000c8                __do_copy_data
                0x00000000000000fa                __do_clear_bss
 *(.init4)
 *(.init5)
 *(.init5)
 *(.init6)
 *(.init6)
 *(.init7)
 *(.init7)
 *(.init8)
 *(.init8)
 *(.init9)
 .init9         0x0000000000000108        0x8 C:/Program Files/Microchip/MPLABX/v6.00/packs/Microchip/ATmega_DFP/2.4.131/xc8/avr/lib/avr51/memx-const/crtatmega128a.o
 *(.init9)
                0x0000000000000110                . = ALIGN (0x2)
 *(.fini9)
 .fini9         0x0000000000000110        0x0 c:/program files/microchip/xc8/v2.32/avr/bin/../lib/gcc/avr/5.4.0/avr51/memx-const\libgcc.a(_exit.o)
                0x0000000000000110                _exit
                0x0000000000000110                exit
 *(.fini9)
 *(.fini8)
 *(.fini8)
 *(.fini7)
 *(.fini7)
 *(.fini6)
 *(.fini6)
 *(.fini5)
 *(.fini5)
 *(.fini4)
 *(.fini4)
 *(.fini3)
 *(.fini3)
 *(.fini2)
 *(.fini2)
 *(.fini1)
 *(.fini1)
 *(.fini0)
 .fini0         0x0000000000000110        0x4 c:/program files/microchip/xc8/v2.32/avr/bin/../lib/gcc/avr/5.4.0/avr51/memx-const\libgcc.a(_exit.o)
 *(.fini0)
                0x0000000000000114                _etext = .

.data           0x0000000000800100        0x0 load address 0x0000000000000114
                [!provide]                        PROVIDE (__data_start, .)
 *(.gnu.linkonce.d*)
 *(.gnu.linkonce.r*)
                0x0000000000800100                . = ALIGN (0x2)
                0x0000000000800100                _edata = .
                [!provide]                        PROVIDE (__data_end, .)

.bss            0x0000000000800100      0x1ff
                [!provide]                        PROVIDE (__bss_start, .)
 *(COMMON)
 COMMON         0x0000000000800100       0x21 build/default/debug/src/appComm.o
                0x0000000000800100                gu8appComBuzState
                0x0000000000800101                gu8appRequest
                0x000000000080010b                gu8FramIndex
                0x000000000080010c                gsResponseTimeOut
                0x0000000000800114                gu8appCommRequestAddress
                0x0000000000800115                gu8appCommRequestState
                0x0000000000800116                gu8appCommDataIndex
                0x0000000000800117                gu8appCommFlags2
                0x0000000000800118                gu8ZoneID
                0x0000000000800119                gstRequest
                0x000000000080011f                gu8appCommPingDataIndex
                0x0000000000800120                gu8appCommFlags
 COMMON         0x0000000000800121        0x3 build/default/debug/src/appEvents.o
                0x0000000000800121                gu8memStartIndex
                0x0000000000800122                gu8Step
                0x0000000000800123                gu8EventNumber
 COMMON         0x0000000000800124        0x6 build/default/debug/src/app.o
                0x0000000000800124                gu8appMasterState
                0x0000000000800125                gu8ShowID
                0x0000000000800128                gu8ShowDataIndex
                0x0000000000800129                gu8DataShowState
 COMMON         0x000000000080012a      0x123 build/default/debug/src/appDataMangments.o
                0x000000000080012a                gu8appZone
                0x000000000080013a                gu8appErrorCode
                0x000000000080013b                gu8PointsData
                0x000000000080023b                gu8appMemIndex
                0x000000000080023c                gu8callPoint
                0x0000000000800245                gstExeeprom
                0x000000000080024b                gu8appLastConfig
                0x000000000080024c                gu8appMemZoneDevice
 COMMON         0x000000000080024d        0x2 build/default/debug/src/appMenu.o
                0x000000000080024d                gu8MnueFlags
                0x000000000080024e                gu8appMenueState
 COMMON         0x000000000080024f        0x1 build/default/debug/src/appMenueTime.o
                0x000000000080024f                gu8YearIndex
 COMMON         0x0000000000800250        0x6 ..\..\..\MEGA\mega.X\dist\Atmega128A\production\mega.X.a(sys.o)
                0x0000000000800250                gTaskTick
                0x0000000000800251                gSystemTick
                0x0000000000800255                gu8ErrorCode
 COMMON         0x0000000000800256       0x24 ..\..\..\MEGA\mega.X\dist\Atmega128A\production\mega.X.a(lcd.o)
                0x0000000000800256                gu8LCDPosition
                0x0000000000800257                gu8LcdOPtion
                0x0000000000800258                gu8LcdBufferIndex
                0x0000000000800259                gu8LCDBuffer
                0x0000000000800279                gu8lcdState
 COMMON         0x000000000080027a       0x20 ..\..\..\MEGA\mega.X\dist\Atmega128A\production\mega.X.a(keypad.o)
                0x000000000080027a                gu8Keypad01RepeatCounter
                0x000000000080027b                gu8KEYPAD01Counters
                0x000000000080028b                gstKeypadDescriptor
                0x0000000000800291                gu8Keypad01LastKey
                0x0000000000800292                gu8KeypadBufferEvents
 COMMON         0x000000000080029a       0x17 ..\..\..\MEGA\mega.X\dist\Atmega128A\production\mega.X.a(rtc.o)
                0x000000000080029a                gu8sentSec
                0x000000000080029b                gu32RTC
                0x000000000080029f                gu8rtcBuffer
                0x00000000008002a7                gu8TanthSec
                0x00000000008002a8                gu8rtcStates
                0x00000000008002a9                gstRtcTWI
 COMMON         0x00000000008002b1        0x4 ..\..\..\MEGA\mega.X\dist\Atmega128A\production\mega.X.a(menu.o)
                0x00000000008002b1                gu8OPenMenueFlag
                0x00000000008002b2                gpCurrentMenuItem
 COMMON         0x00000000008002b5        0xd ..\..\..\MEGA\mega.X\dist\Atmega128A\production\mega.X.a(buz.o)
                0x00000000008002b5                offTime
                0x00000000008002b9                gu8BuzState
                0x00000000008002ba                gsbuzTime
 COMMON         0x00000000008002c2        0x4 ..\..\..\MEGA\mega.X\dist\Atmega128A\production\mega.X.a(exEEPROM.o)
                0x00000000008002c2                gu8PageReminder
                0x00000000008002c3                gu8exEEpromIndex
                0x00000000008002c4                gu8eepromTwiState
                0x00000000008002c5                gu8eepromsate
 COMMON         0x00000000008002c6       0x36 ..\..\..\MEGA\mega.X\dist\Atmega128A\production\mega.X.a(csma_cd.o)
                0x00000000008002c6                gu8Data
                0x00000000008002c7                gu8collisionCounter
                0x00000000008002c8                gsTransmissionFrame
                0x00000000008002d2                gu8SendByteCount
                0x00000000008002d3                gu8ReceiveBuf
                0x00000000008002de                gu8csmaStatus
                0x00000000008002df                gpFcomHostCallback
                0x00000000008002e1                gu16timeValue
                0x00000000008002e3                gu8SendBuf
                0x00000000008002ee                gu8Address
                0x00000000008002ef                gpFcomClientCallback
                0x00000000008002f1                gu8ReceiveByteCount
                0x00000000008002f2                gsReceiveFrame
 COMMON         0x00000000008002fc        0x1 ..\..\..\MEGA\mega.X\dist\Atmega128A\production\mega.X.a(twi.o)
                0x00000000008002fc                gu8TW_READY
 COMMON         0x00000000008002fd        0x2 c:/program files/microchip/xc8/v2.32/avr/bin/../lib/gcc/avr/5.4.0/../../../../avr/lib/avr51/memx-const\libc.a(errno.o)
                0x00000000008002fd                errno
                [!provide]                        PROVIDE (__bss_end, .)
                0x0000000000000114                __data_load_start = LOADADDR (.data)
                0x0000000000000114                __data_load_end = (__data_load_start + SIZEOF (.data))

.noinit         0x00000000008002ff        0x0
                [!provide]                        PROVIDE (__noinit_start, .)
 *(.noinit*)
                [!provide]                        PROVIDE (__noinit_end, .)
                0x00000000008002ff                _end = .

.eeprom         0x0000000000810000        0x0
 *(.eeprom*)
                0x0000000000810000                __eeprom_end = .

.fuse
 *(.fuse)
 *(.lfuse)
 *(.hfuse)
 *(.efuse)

.lock
 *(.lock*)

.signature
 *(.signature*)

.user_signatures
 *(.user_signatures*)

.stab
 *(.stab)

.stabstr
 *(.stabstr)

.stab.excl
 *(.stab.excl)

.stab.exclstr
 *(.stab.exclstr)

.stab.index
 *(.stab.index)

.stab.indexstr
 *(.stab.indexstr)

.comment        0x0000000000000000       0x5b
 *(.comment)
 .comment       0x0000000000000000       0x2f build/default/debug/src/appComm.o
                                         0x30 (size before relaxing)
 .comment       0x000000000000002f       0x30 build/default/debug/src/appEvents.o
 .comment       0x000000000000002f       0x30 build/default/debug/src/app.o
 .comment       0x000000000000002f       0x30 build/default/debug/src/appDataMangments.o
 .comment       0x000000000000002f       0x30 build/default/debug/src/appMenu.o
 .comment       0x000000000000002f       0x30 build/default/debug/src/appMenueTime.o
 .comment       0x000000000000002f       0x30 ..\..\..\MEGA\mega.X\dist\Atmega128A\production\mega.X.a(sys.o)
 .comment       0x000000000000002f       0x30 ..\..\..\MEGA\mega.X\dist\Atmega128A\production\mega.X.a(lcd.o)
 .comment       0x000000000000002f       0x30 ..\..\..\MEGA\mega.X\dist\Atmega128A\production\mega.X.a(buffers.o)
 .comment       0x000000000000002f       0x30 ..\..\..\MEGA\mega.X\dist\Atmega128A\production\mega.X.a(keypad.o)
 .comment       0x000000000000002f       0x30 ..\..\..\MEGA\mega.X\dist\Atmega128A\production\mega.X.a(rtc.o)
 .comment       0x000000000000002f       0x30 ..\..\..\MEGA\mega.X\dist\Atmega128A\production\mega.X.a(menu.o)
 .comment       0x000000000000002f       0x30 ..\..\..\MEGA\mega.X\dist\Atmega128A\production\mega.X.a(buz.o)
 .comment       0x000000000000002f       0x30 ..\..\..\MEGA\mega.X\dist\Atmega128A\production\mega.X.a(exEEPROM.o)
 .comment       0x000000000000002f       0x30 ..\..\..\MEGA\mega.X\dist\Atmega128A\production\mega.X.a(csma_cd.o)
 .comment       0x000000000000002f       0x30 ..\..\..\MEGA\mega.X\dist\Atmega128A\production\mega.X.a(utility.o)
 .comment       0x000000000000002f       0x30 ..\..\..\MEGA\mega.X\dist\Atmega128A\production\mega.X.a(twi.o)
 .comment       0x000000000000002f       0x30 ..\..\..\MEGA\mega.X\dist\Atmega128A\production\mega.X.a(mega.o)
 .comment       0x000000000000002f       0x2c c:/program files/microchip/xc8/v2.32/avr/bin/../lib/gcc/avr/5.4.0/../../../../avr/lib/avr51/memx-const\libc.a(atoi_M.o)
                                         0x2d (size before relaxing)
 .comment       0x000000000000005b       0x2d c:/program files/microchip/xc8/v2.32/avr/bin/../lib/gcc/avr/5.4.0/../../../../avr/lib/avr51/memx-const\libc.a(atol_M.o)
 .comment       0x000000000000005b       0x2d c:/program files/microchip/xc8/v2.32/avr/bin/../lib/gcc/avr/5.4.0/../../../../avr/lib/avr51/memx-const\libc.a(strtol.o)
 .comment       0x000000000000005b       0x2d c:/program files/microchip/xc8/v2.32/avr/bin/../lib/gcc/avr/5.4.0/../../../../avr/lib/avr51/memx-const\libc.a(strtok.o)
 .comment       0x000000000000005b       0x2d c:/program files/microchip/xc8/v2.32/avr/bin/../lib/gcc/avr/5.4.0/../../../../avr/lib/avr51/memx-const\libc.a(strcmp_M.o)
 .comment       0x000000000000005b       0x2d c:/program files/microchip/xc8/v2.32/avr/bin/../lib/gcc/avr/5.4.0/../../../../avr/lib/avr51/memx-const\libc.a(strlen_M.o)
 .comment       0x000000000000005b       0x2d c:/program files/microchip/xc8/v2.32/avr/bin/../lib/gcc/avr/5.4.0/../../../../avr/lib/avr51/memx-const\libc.a(strncpy_M.o)
 .comment       0x000000000000005b       0x2d c:/program files/microchip/xc8/v2.32/avr/bin/../lib/gcc/avr/5.4.0/../../../../avr/lib/avr51/memx-const\libc.a(strtok_r_M.o)
 .comment       0x000000000000005b       0x2d c:/program files/microchip/xc8/v2.32/avr/bin/../lib/gcc/avr/5.4.0/../../../../avr/lib/avr51/memx-const\libc.a(sprintf.o)
 .comment       0x000000000000005b       0x2d c:/program files/microchip/xc8/v2.32/avr/bin/../lib/gcc/avr/5.4.0/../../../../avr/lib/avr51/memx-const\libc.a(vfprintf_std.o)
 .comment       0x000000000000005b       0x2d c:/program files/microchip/xc8/v2.32/avr/bin/../lib/gcc/avr/5.4.0/../../../../avr/lib/avr51/memx-const\libc.a(errno.o)
 .comment       0x000000000000005b       0x2d c:/program files/microchip/xc8/v2.32/avr/bin/../lib/gcc/avr/5.4.0/../../../../avr/lib/avr51/memx-const\libc.a(strnlen_M.o)
 .comment       0x000000000000005b       0x2d c:/program files/microchip/xc8/v2.32/avr/bin/../lib/gcc/avr/5.4.0/../../../../avr/lib/avr51/memx-const\libc.a(fputc.o)

.stack.descriptors.hdr
                0x0000000000000000      0x214
 .stack.descriptors.hdr
                0x0000000000000000        0xe c:/program files/microchip/xc8/v2.32/avr/bin/../lib/gcc/avr/5.4.0/../../../../avr/lib/avr51/memx-const\libm.a(divsf3.o)
 .stack.descriptors.hdr
                0x000000000000000e        0xe c:/program files/microchip/xc8/v2.32/avr/bin/../lib/gcc/avr/5.4.0/../../../../avr/lib/avr51/memx-const\libm.a(divsf3x.o)
 .stack.descriptors.hdr
                0x000000000000001c        0xe c:/program files/microchip/xc8/v2.32/avr/bin/../lib/gcc/avr/5.4.0/../../../../avr/lib/avr51/memx-const\libm.a(fixunssfsi.o)
 .stack.descriptors.hdr
                0x000000000000002a        0xe c:/program files/microchip/xc8/v2.32/avr/bin/../lib/gcc/avr/5.4.0/../../../../avr/lib/avr51/memx-const\libm.a(floatsisf.o)
 .stack.descriptors.hdr
                0x0000000000000038        0xe c:/program files/microchip/xc8/v2.32/avr/bin/../lib/gcc/avr/5.4.0/../../../../avr/lib/avr51/memx-const\libm.a(fp_inf.o)
 .stack.descriptors.hdr
                0x0000000000000046        0xe c:/program files/microchip/xc8/v2.32/avr/bin/../lib/gcc/avr/5.4.0/../../../../avr/lib/avr51/memx-const\libm.a(fp_nan.o)
 .stack.descriptors.hdr
                0x0000000000000054        0xe c:/program files/microchip/xc8/v2.32/avr/bin/../lib/gcc/avr/5.4.0/../../../../avr/lib/avr51/memx-const\libm.a(fp_pscA.o)
 .stack.descriptors.hdr
                0x0000000000000062        0xe c:/program files/microchip/xc8/v2.32/avr/bin/../lib/gcc/avr/5.4.0/../../../../avr/lib/avr51/memx-const\libm.a(fp_pscB.o)
 .stack.descriptors.hdr
                0x0000000000000070        0xe c:/program files/microchip/xc8/v2.32/avr/bin/../lib/gcc/avr/5.4.0/../../../../avr/lib/avr51/memx-const\libm.a(fp_round.o)
 .stack.descriptors.hdr
                0x000000000000007e        0xe c:/program files/microchip/xc8/v2.32/avr/bin/../lib/gcc/avr/5.4.0/../../../../avr/lib/avr51/memx-const\libm.a(fp_split3.o)
 .stack.descriptors.hdr
                0x000000000000008c        0xe c:/program files/microchip/xc8/v2.32/avr/bin/../lib/gcc/avr/5.4.0/../../../../avr/lib/avr51/memx-const\libm.a(fp_zero.o)
 .stack.descriptors.hdr
                0x000000000000009a        0xe c:/program files/microchip/xc8/v2.32/avr/bin/../lib/gcc/avr/5.4.0/avr51/memx-const\libgcc.a(_mulsi3.o)
 .stack.descriptors.hdr
                0x00000000000000a8        0xe c:/program files/microchip/xc8/v2.32/avr/bin/../lib/gcc/avr/5.4.0/avr51/memx-const\libgcc.a(_divmodhi4.o)
 .stack.descriptors.hdr
                0x00000000000000b6        0xe c:/program files/microchip/xc8/v2.32/avr/bin/../lib/gcc/avr/5.4.0/avr51/memx-const\libgcc.a(_udivmodsi4.o)
 .stack.descriptors.hdr
                0x00000000000000c4        0xe c:/program files/microchip/xc8/v2.32/avr/bin/../lib/gcc/avr/5.4.0/avr51/memx-const\libgcc.a(_exit.o)
 .stack.descriptors.hdr
                0x00000000000000d2        0xe c:/program files/microchip/xc8/v2.32/avr/bin/../lib/gcc/avr/5.4.0/avr51/memx-const\libgcc.a(_tablejump2.o)
 .stack.descriptors.hdr
                0x00000000000000e0        0xe c:/program files/microchip/xc8/v2.32/avr/bin/../lib/gcc/avr/5.4.0/avr51/memx-const\libgcc.a(_umulhisi3.o)
 .stack.descriptors.hdr
                0x00000000000000ee        0xe c:/program files/microchip/xc8/v2.32/avr/bin/../lib/gcc/avr/5.4.0/avr51/memx-const\libgcc.a(_muluhisi3.o)
 .stack.descriptors.hdr
                0x00000000000000fc        0xe c:/program files/microchip/xc8/v2.32/avr/bin/../lib/gcc/avr/5.4.0/avr51/memx-const\libgcc.a(_xload_1.o)
 .stack.descriptors.hdr
                0x000000000000010a        0xe c:/program files/microchip/xc8/v2.32/avr/bin/../lib/gcc/avr/5.4.0/avr51/memx-const\libgcc.a(_xload_2.o)
 .stack.descriptors.hdr
                0x0000000000000118        0xe c:/program files/microchip/xc8/v2.32/avr/bin/../lib/gcc/avr/5.4.0/avr51/memx-const\libgcc.a(_xload_3.o)
 .stack.descriptors.hdr
                0x0000000000000126        0xe c:/program files/microchip/xc8/v2.32/avr/bin/../lib/gcc/avr/5.4.0/avr51/memx-const\libgcc.a(_udivmodhi4.o)
 .stack.descriptors.hdr
                0x0000000000000134        0xe c:/program files/microchip/xc8/v2.32/avr/bin/../lib/gcc/avr/5.4.0/../../../../avr/lib/avr51/memx-const\libc.a(atoi_M.o)
 .stack.descriptors.hdr
                0x0000000000000142        0xe c:/program files/microchip/xc8/v2.32/avr/bin/../lib/gcc/avr/5.4.0/../../../../avr/lib/avr51/memx-const\libc.a(atol_M.o)
 .stack.descriptors.hdr
                0x0000000000000150        0xe c:/program files/microchip/xc8/v2.32/avr/bin/../lib/gcc/avr/5.4.0/../../../../avr/lib/avr51/memx-const\libc.a(strtol.o)
 .stack.descriptors.hdr
                0x000000000000015e        0xe c:/program files/microchip/xc8/v2.32/avr/bin/../lib/gcc/avr/5.4.0/../../../../avr/lib/avr51/memx-const\libc.a(isspace.o)
 .stack.descriptors.hdr
                0x000000000000016c        0xe c:/program files/microchip/xc8/v2.32/avr/bin/../lib/gcc/avr/5.4.0/../../../../avr/lib/avr51/memx-const\libc.a(strtok.o)
 .stack.descriptors.hdr
                0x000000000000017a        0xe c:/program files/microchip/xc8/v2.32/avr/bin/../lib/gcc/avr/5.4.0/../../../../avr/lib/avr51/memx-const\libc.a(strcmp_M.o)
 .stack.descriptors.hdr
                0x0000000000000188        0xe c:/program files/microchip/xc8/v2.32/avr/bin/../lib/gcc/avr/5.4.0/../../../../avr/lib/avr51/memx-const\libc.a(strlen_M.o)
 .stack.descriptors.hdr
                0x0000000000000196        0xe c:/program files/microchip/xc8/v2.32/avr/bin/../lib/gcc/avr/5.4.0/../../../../avr/lib/avr51/memx-const\libc.a(strncpy_M.o)
 .stack.descriptors.hdr
                0x00000000000001a4        0xe c:/program files/microchip/xc8/v2.32/avr/bin/../lib/gcc/avr/5.4.0/../../../../avr/lib/avr51/memx-const\libc.a(strtok_r_M.o)
 .stack.descriptors.hdr
                0x00000000000001b2        0xe c:/program files/microchip/xc8/v2.32/avr/bin/../lib/gcc/avr/5.4.0/../../../../avr/lib/avr51/memx-const\libc.a(sprintf.o)
 .stack.descriptors.hdr
                0x00000000000001c0        0xe c:/program files/microchip/xc8/v2.32/avr/bin/../lib/gcc/avr/5.4.0/../../../../avr/lib/avr51/memx-const\libc.a(vfprintf_std.o)
 .stack.descriptors.hdr
                0x00000000000001ce        0xe c:/program files/microchip/xc8/v2.32/avr/bin/../lib/gcc/avr/5.4.0/../../../../avr/lib/avr51/memx-const\libc.a(errno.o)
 .stack.descriptors.hdr
                0x00000000000001dc        0xe c:/program files/microchip/xc8/v2.32/avr/bin/../lib/gcc/avr/5.4.0/../../../../avr/lib/avr51/memx-const\libc.a(cty_isfalse.o)
 .stack.descriptors.hdr
                0x00000000000001ea        0xe c:/program files/microchip/xc8/v2.32/avr/bin/../lib/gcc/avr/5.4.0/../../../../avr/lib/avr51/memx-const\libc.a(strnlen_M.o)
 .stack.descriptors.hdr
                0x00000000000001f8        0xe c:/program files/microchip/xc8/v2.32/avr/bin/../lib/gcc/avr/5.4.0/../../../../avr/lib/avr51/memx-const\libc.a(fputc.o)
 .stack.descriptors.hdr
                0x0000000000000206        0xe c:/program files/microchip/xc8/v2.32/avr/bin/../lib/gcc/avr/5.4.0/../../../../avr/lib/avr51/memx-const\libc.a(ultoa_invert.o)

.note.gnu.build-id
 *(.note.gnu.build-id)

.debug
 *(.debug)

.line
 *(.line)

.debug_srcinfo
 *(.debug_srcinfo)

.debug_sfnames
 *(.debug_sfnames)

.debug_aranges  0x0000000000000000      0x7f0
 *(.debug_aranges)
 .debug_aranges
                0x0000000000000000       0x98 build/default/debug/src/appComm.o
 .debug_aranges
                0x0000000000000098       0x70 build/default/debug/src/appEvents.o
 .debug_aranges
                0x0000000000000108       0x48 build/default/debug/src/app.o
 .debug_aranges
                0x0000000000000150       0xa8 build/default/debug/src/appDataMangments.o
 .debug_aranges
                0x00000000000001f8       0x60 build/default/debug/src/appMenu.o
 .debug_aranges
                0x0000000000000258       0x40 build/default/debug/src/appMenueTime.o
 .debug_aranges
                0x0000000000000298       0x58 ..\..\..\MEGA\mega.X\dist\Atmega128A\production\mega.X.a(sys.o)
 .debug_aranges
                0x00000000000002f0       0xc0 ..\..\..\MEGA\mega.X\dist\Atmega128A\production\mega.X.a(lcd.o)
 .debug_aranges
                0x00000000000003b0       0x98 ..\..\..\MEGA\mega.X\dist\Atmega128A\production\mega.X.a(buffers.o)
 .debug_aranges
                0x0000000000000448       0x48 ..\..\..\MEGA\mega.X\dist\Atmega128A\production\mega.X.a(keypad.o)
 .debug_aranges
                0x0000000000000490       0xa0 ..\..\..\MEGA\mega.X\dist\Atmega128A\production\mega.X.a(rtc.o)
 .debug_aranges
                0x0000000000000530       0x98 ..\..\..\MEGA\mega.X\dist\Atmega128A\production\mega.X.a(menu.o)
 .debug_aranges
                0x00000000000005c8       0x50 ..\..\..\MEGA\mega.X\dist\Atmega128A\production\mega.X.a(buz.o)
 .debug_aranges
                0x0000000000000618       0x38 ..\..\..\MEGA\mega.X\dist\Atmega128A\production\mega.X.a(exEEPROM.o)
 .debug_aranges
                0x0000000000000650       0xb0 ..\..\..\MEGA\mega.X\dist\Atmega128A\production\mega.X.a(csma_cd.o)
 .debug_aranges
                0x0000000000000700       0x50 ..\..\..\MEGA\mega.X\dist\Atmega128A\production\mega.X.a(utility.o)
 .debug_aranges
                0x0000000000000750       0x80 ..\..\..\MEGA\mega.X\dist\Atmega128A\production\mega.X.a(twi.o)
 .debug_aranges
                0x00000000000007d0       0x20 ..\..\..\MEGA\mega.X\dist\Atmega128A\production\mega.X.a(mega.o)

.debug_pubnames
 *(.debug_pubnames)

.debug_info     0x0000000000000000     0xf31b
 *(.debug_info .gnu.linkonce.wi.*)
 .debug_info    0x0000000000000000      0x780 C:/Program Files/Microchip/MPLABX/v6.00/packs/Microchip/ATmega_DFP/2.4.131/xc8/avr/lib/avr51/memx-const/crtatmega128a.o
 .debug_info    0x0000000000000780     0x1236 build/default/debug/src/appComm.o
 .debug_info    0x00000000000019b6      0x78f build/default/debug/src/appEvents.o
 .debug_info    0x0000000000002145      0xefe build/default/debug/src/app.o
 .debug_info    0x0000000000003043     0x228d build/default/debug/src/appDataMangments.o
 .debug_info    0x00000000000052d0      0x7df build/default/debug/src/appMenu.o
 .debug_info    0x0000000000005aaf     0x17da build/default/debug/src/appMenueTime.o
 .debug_info    0x0000000000007289      0x702 ..\..\..\MEGA\mega.X\dist\Atmega128A\production\mega.X.a(sys.o)
 .debug_info    0x000000000000798b     0x1e9b ..\..\..\MEGA\mega.X\dist\Atmega128A\production\mega.X.a(lcd.o)
 .debug_info    0x0000000000009826      0xa46 ..\..\..\MEGA\mega.X\dist\Atmega128A\production\mega.X.a(buffers.o)
 .debug_info    0x000000000000a26c      0xb6e ..\..\..\MEGA\mega.X\dist\Atmega128A\production\mega.X.a(keypad.o)
 .debug_info    0x000000000000adda      0x9fe ..\..\..\MEGA\mega.X\dist\Atmega128A\production\mega.X.a(rtc.o)
 .debug_info    0x000000000000b7d8      0xd7e ..\..\..\MEGA\mega.X\dist\Atmega128A\production\mega.X.a(menu.o)
 .debug_info    0x000000000000c556      0x7d3 ..\..\..\MEGA\mega.X\dist\Atmega128A\production\mega.X.a(buz.o)
 .debug_info    0x000000000000cd29      0x642 ..\..\..\MEGA\mega.X\dist\Atmega128A\production\mega.X.a(exEEPROM.o)
 .debug_info    0x000000000000d36b      0xbd2 ..\..\..\MEGA\mega.X\dist\Atmega128A\production\mega.X.a(csma_cd.o)
 .debug_info    0x000000000000df3d      0x7aa ..\..\..\MEGA\mega.X\dist\Atmega128A\production\mega.X.a(utility.o)
 .debug_info    0x000000000000e6e7      0x781 ..\..\..\MEGA\mega.X\dist\Atmega128A\production\mega.X.a(twi.o)
 .debug_info    0x000000000000ee68      0x4b3 ..\..\..\MEGA\mega.X\dist\Atmega128A\production\mega.X.a(mega.o)

.debug_abbrev   0x0000000000000000     0x2eb7
 *(.debug_abbrev)
 .debug_abbrev  0x0000000000000000      0x718 C:/Program Files/Microchip/MPLABX/v6.00/packs/Microchip/ATmega_DFP/2.4.131/xc8/avr/lib/avr51/memx-const/crtatmega128a.o
 .debug_abbrev  0x0000000000000718      0x32b build/default/debug/src/appComm.o
 .debug_abbrev  0x0000000000000a43      0x159 build/default/debug/src/appEvents.o
 .debug_abbrev  0x0000000000000b9c      0x187 build/default/debug/src/app.o
 .debug_abbrev  0x0000000000000d23      0x35a build/default/debug/src/appDataMangments.o
 .debug_abbrev  0x000000000000107d      0x180 build/default/debug/src/appMenu.o
 .debug_abbrev  0x00000000000011fd      0x18f build/default/debug/src/appMenueTime.o
 .debug_abbrev  0x000000000000138c      0x1db ..\..\..\MEGA\mega.X\dist\Atmega128A\production\mega.X.a(sys.o)
 .debug_abbrev  0x0000000000001567      0x3f8 ..\..\..\MEGA\mega.X\dist\Atmega128A\production\mega.X.a(lcd.o)
 .debug_abbrev  0x000000000000195f      0x1f8 ..\..\..\MEGA\mega.X\dist\Atmega128A\production\mega.X.a(buffers.o)
 .debug_abbrev  0x0000000000001b57      0x27c ..\..\..\MEGA\mega.X\dist\Atmega128A\production\mega.X.a(keypad.o)
 .debug_abbrev  0x0000000000001dd3      0x2af ..\..\..\MEGA\mega.X\dist\Atmega128A\production\mega.X.a(rtc.o)
 .debug_abbrev  0x0000000000002082      0x2f6 ..\..\..\MEGA\mega.X\dist\Atmega128A\production\mega.X.a(menu.o)
 .debug_abbrev  0x0000000000002378      0x1d2 ..\..\..\MEGA\mega.X\dist\Atmega128A\production\mega.X.a(buz.o)
 .debug_abbrev  0x000000000000254a      0x144 ..\..\..\MEGA\mega.X\dist\Atmega128A\production\mega.X.a(exEEPROM.o)
 .debug_abbrev  0x000000000000268e      0x325 ..\..\..\MEGA\mega.X\dist\Atmega128A\production\mega.X.a(csma_cd.o)
 .debug_abbrev  0x00000000000029b3      0x1f4 ..\..\..\MEGA\mega.X\dist\Atmega128A\production\mega.X.a(utility.o)
 .debug_abbrev  0x0000000000002ba7      0x22e ..\..\..\MEGA\mega.X\dist\Atmega128A\production\mega.X.a(twi.o)
 .debug_abbrev  0x0000000000002dd5       0xe2 ..\..\..\MEGA\mega.X\dist\Atmega128A\production\mega.X.a(mega.o)

.debug_line     0x0000000000000000     0x5d42
 *(.debug_line .debug_line.* .debug_line_end)
 .debug_line    0x0000000000000000      0x16d C:/Program Files/Microchip/MPLABX/v6.00/packs/Microchip/ATmega_DFP/2.4.131/xc8/avr/lib/avr51/memx-const/crtatmega128a.o
 .debug_line    0x000000000000016d      0xa42 build/default/debug/src/appComm.o
 .debug_line    0x0000000000000baf      0x3db build/default/debug/src/appEvents.o
 .debug_line    0x0000000000000f8a      0x469 build/default/debug/src/app.o
 .debug_line    0x00000000000013f3      0xcfc build/default/debug/src/appDataMangments.o
 .debug_line    0x00000000000020ef      0x1e7 build/default/debug/src/appMenu.o
 .debug_line    0x00000000000022d6      0x63a build/default/debug/src/appMenueTime.o
 .debug_line    0x0000000000002910      0x34f ..\..\..\MEGA\mega.X\dist\Atmega128A\production\mega.X.a(sys.o)
 .debug_line    0x0000000000002c5f      0xc3a ..\..\..\MEGA\mega.X\dist\Atmega128A\production\mega.X.a(lcd.o)
 .debug_line    0x0000000000003899      0x38a ..\..\..\MEGA\mega.X\dist\Atmega128A\production\mega.X.a(buffers.o)
 .debug_line    0x0000000000003c23      0x314 ..\..\..\MEGA\mega.X\dist\Atmega128A\production\mega.X.a(keypad.o)
 .debug_line    0x0000000000003f37      0x504 ..\..\..\MEGA\mega.X\dist\Atmega128A\production\mega.X.a(rtc.o)
 .debug_line    0x000000000000443b      0x3e7 ..\..\..\MEGA\mega.X\dist\Atmega128A\production\mega.X.a(menu.o)
 .debug_line    0x0000000000004822      0x214 ..\..\..\MEGA\mega.X\dist\Atmega128A\production\mega.X.a(buz.o)
 .debug_line    0x0000000000004a36      0x367 ..\..\..\MEGA\mega.X\dist\Atmega128A\production\mega.X.a(exEEPROM.o)
 .debug_line    0x0000000000004d9d      0x637 ..\..\..\MEGA\mega.X\dist\Atmega128A\production\mega.X.a(csma_cd.o)
 .debug_line    0x00000000000053d4      0x31e ..\..\..\MEGA\mega.X\dist\Atmega128A\production\mega.X.a(utility.o)
 .debug_line    0x00000000000056f2      0x448 ..\..\..\MEGA\mega.X\dist\Atmega128A\production\mega.X.a(twi.o)
 .debug_line    0x0000000000005b3a      0x208 ..\..\..\MEGA\mega.X\dist\Atmega128A\production\mega.X.a(mega.o)

.debug_frame    0x0000000000000000     0x1588
 *(.debug_frame)
 .debug_frame   0x0000000000000000      0x1c0 build/default/debug/src/appComm.o
 .debug_frame   0x00000000000001c0       0xec build/default/debug/src/appEvents.o
 .debug_frame   0x00000000000002ac       0xe8 build/default/debug/src/app.o
 .debug_frame   0x0000000000000394      0x274 build/default/debug/src/appDataMangments.o
 .debug_frame   0x0000000000000608       0xcc build/default/debug/src/appMenu.o
 .debug_frame   0x00000000000006d4       0xe0 build/default/debug/src/appMenueTime.o
 .debug_frame   0x00000000000007b4      0x150 ..\..\..\MEGA\mega.X\dist\Atmega128A\production\mega.X.a(sys.o)
 .debug_frame   0x0000000000000904      0x1d0 ..\..\..\MEGA\mega.X\dist\Atmega128A\production\mega.X.a(lcd.o)
 .debug_frame   0x0000000000000ad4      0x1a4 ..\..\..\MEGA\mega.X\dist\Atmega128A\production\mega.X.a(buffers.o)
 .debug_frame   0x0000000000000c78       0x9c ..\..\..\MEGA\mega.X\dist\Atmega128A\production\mega.X.a(keypad.o)
 .debug_frame   0x0000000000000d14      0x1b0 ..\..\..\MEGA\mega.X\dist\Atmega128A\production\mega.X.a(rtc.o)
 .debug_frame   0x0000000000000ec4      0x11c ..\..\..\MEGA\mega.X\dist\Atmega128A\production\mega.X.a(menu.o)
 .debug_frame   0x0000000000000fe0       0x98 ..\..\..\MEGA\mega.X\dist\Atmega128A\production\mega.X.a(buz.o)
 .debug_frame   0x0000000000001078       0xd8 ..\..\..\MEGA\mega.X\dist\Atmega128A\production\mega.X.a(exEEPROM.o)
 .debug_frame   0x0000000000001150      0x1d0 ..\..\..\MEGA\mega.X\dist\Atmega128A\production\mega.X.a(csma_cd.o)
 .debug_frame   0x0000000000001320      0x13c ..\..\..\MEGA\mega.X\dist\Atmega128A\production\mega.X.a(utility.o)
 .debug_frame   0x000000000000145c      0x108 ..\..\..\MEGA\mega.X\dist\Atmega128A\production\mega.X.a(twi.o)
 .debug_frame   0x0000000000001564       0x24 ..\..\..\MEGA\mega.X\dist\Atmega128A\production\mega.X.a(mega.o)

.debug_str      0x0000000000000000      0xb26
 *(.debug_str)
 .debug_str     0x0000000000000000      0x27d C:/Program Files/Microchip/MPLABX/v6.00/packs/Microchip/ATmega_DFP/2.4.131/xc8/avr/lib/avr51/memx-const/crtatmega128a.o
 .debug_str     0x000000000000027d       0xc9 build/default/debug/src/appComm.o
 .debug_str     0x0000000000000346       0x5f build/default/debug/src/appEvents.o
 .debug_str     0x00000000000003a5      0x1d7 build/default/debug/src/app.o
 .debug_str     0x000000000000057c      0x170 build/default/debug/src/appDataMangments.o
 .debug_str     0x00000000000006ec       0x26 build/default/debug/src/appMenu.o
 .debug_str     0x0000000000000712      0x166 build/default/debug/src/appMenueTime.o
 .debug_str     0x0000000000000878       0x28 ..\..\..\MEGA\mega.X\dist\Atmega128A\production\mega.X.a(sys.o)
 .debug_str     0x00000000000008a0       0x42 ..\..\..\MEGA\mega.X\dist\Atmega128A\production\mega.X.a(lcd.o)
 .debug_str     0x00000000000008e2       0x48 ..\..\..\MEGA\mega.X\dist\Atmega128A\production\mega.X.a(buffers.o)
 .debug_str     0x000000000000092a       0x33 ..\..\..\MEGA\mega.X\dist\Atmega128A\production\mega.X.a(keypad.o)
 .debug_str     0x000000000000095d       0x46 ..\..\..\MEGA\mega.X\dist\Atmega128A\production\mega.X.a(rtc.o)
 .debug_str     0x00000000000009a3       0x47 ..\..\..\MEGA\mega.X\dist\Atmega128A\production\mega.X.a(menu.o)
 .debug_str     0x00000000000009ea       0x29 ..\..\..\MEGA\mega.X\dist\Atmega128A\production\mega.X.a(buz.o)
 .debug_str     0x0000000000000a13       0x6d ..\..\..\MEGA\mega.X\dist\Atmega128A\production\mega.X.a(exEEPROM.o)
 .debug_str     0x0000000000000a80        0xd ..\..\..\MEGA\mega.X\dist\Atmega128A\production\mega.X.a(csma_cd.o)
 .debug_str     0x0000000000000a8d        0xe ..\..\..\MEGA\mega.X\dist\Atmega128A\production\mega.X.a(utility.o)
 .debug_str     0x0000000000000a9b        0xe ..\..\..\MEGA\mega.X\dist\Atmega128A\production\mega.X.a(twi.o)
 .debug_str     0x0000000000000aa9       0x7d ..\..\..\MEGA\mega.X\dist\Atmega128A\production\mega.X.a(mega.o)

.debug_loc      0x0000000000000000     0x634a
 *(.debug_loc)
 .debug_loc     0x0000000000000000      0x4cb build/default/debug/src/appComm.o
 .debug_loc     0x00000000000004cb      0x431 build/default/debug/src/appEvents.o
 .debug_loc     0x00000000000008fc      0x1e6 build/default/debug/src/app.o
 .debug_loc     0x0000000000000ae2      0x9cb build/default/debug/src/appDataMangments.o
 .debug_loc     0x00000000000014ad      0x157 build/default/debug/src/appMenu.o
 .debug_loc     0x0000000000001604      0x312 build/default/debug/src/appMenueTime.o
 .debug_loc     0x0000000000001916      0x497 ..\..\..\MEGA\mega.X\dist\Atmega128A\production\mega.X.a(sys.o)
 .debug_loc     0x0000000000001dad     0x19cc ..\..\..\MEGA\mega.X\dist\Atmega128A\production\mega.X.a(lcd.o)
 .debug_loc     0x0000000000003779      0x8a8 ..\..\..\MEGA\mega.X\dist\Atmega128A\production\mega.X.a(buffers.o)
 .debug_loc     0x0000000000004021      0x5b7 ..\..\..\MEGA\mega.X\dist\Atmega128A\production\mega.X.a(keypad.o)
 .debug_loc     0x00000000000045d8      0x4f5 ..\..\..\MEGA\mega.X\dist\Atmega128A\production\mega.X.a(rtc.o)
 .debug_loc     0x0000000000004acd      0x2a9 ..\..\..\MEGA\mega.X\dist\Atmega128A\production\mega.X.a(menu.o)
 .debug_loc     0x0000000000004d76      0x2b4 ..\..\..\MEGA\mega.X\dist\Atmega128A\production\mega.X.a(buz.o)
 .debug_loc     0x000000000000502a      0x493 ..\..\..\MEGA\mega.X\dist\Atmega128A\production\mega.X.a(exEEPROM.o)
 .debug_loc     0x00000000000054bd      0x5ce ..\..\..\MEGA\mega.X\dist\Atmega128A\production\mega.X.a(csma_cd.o)
 .debug_loc     0x0000000000005a8b      0x570 ..\..\..\MEGA\mega.X\dist\Atmega128A\production\mega.X.a(utility.o)
 .debug_loc     0x0000000000005ffb      0x327 ..\..\..\MEGA\mega.X\dist\Atmega128A\production\mega.X.a(twi.o)
 .debug_loc     0x0000000000006322       0x28 ..\..\..\MEGA\mega.X\dist\Atmega128A\production\mega.X.a(mega.o)

.debug_macinfo
 *(.debug_macinfo)

.debug_weaknames
 *(.debug_weaknames)

.debug_funcnames
 *(.debug_funcnames)

.debug_typenames
 *(.debug_typenames)

.debug_varnames
 *(.debug_varnames)

.debug_pubtypes
 *(.debug_pubtypes)

.debug_ranges   0x0000000000000000      0xd50
 *(.debug_ranges)
 .debug_ranges  0x0000000000000000       0xe8 build/default/debug/src/appComm.o
 .debug_ranges  0x00000000000000e8       0x60 build/default/debug/src/appEvents.o
 .debug_ranges  0x0000000000000148       0x38 build/default/debug/src/app.o
 .debug_ranges  0x0000000000000180       0xf8 build/default/debug/src/appDataMangments.o
 .debug_ranges  0x0000000000000278       0x50 build/default/debug/src/appMenu.o
 .debug_ranges  0x00000000000002c8       0x30 build/default/debug/src/appMenueTime.o
 .debug_ranges  0x00000000000002f8       0x60 ..\..\..\MEGA\mega.X\dist\Atmega128A\production\mega.X.a(sys.o)
 .debug_ranges  0x0000000000000358      0x470 ..\..\..\MEGA\mega.X\dist\Atmega128A\production\mega.X.a(lcd.o)
 .debug_ranges  0x00000000000007c8      0x118 ..\..\..\MEGA\mega.X\dist\Atmega128A\production\mega.X.a(buffers.o)
 .debug_ranges  0x00000000000008e0       0x68 ..\..\..\MEGA\mega.X\dist\Atmega128A\production\mega.X.a(keypad.o)
 .debug_ranges  0x0000000000000948       0x90 ..\..\..\MEGA\mega.X\dist\Atmega128A\production\mega.X.a(rtc.o)
 .debug_ranges  0x00000000000009d8       0xa0 ..\..\..\MEGA\mega.X\dist\Atmega128A\production\mega.X.a(menu.o)
 .debug_ranges  0x0000000000000a78       0x70 ..\..\..\MEGA\mega.X\dist\Atmega128A\production\mega.X.a(buz.o)
 .debug_ranges  0x0000000000000ae8       0x28 ..\..\..\MEGA\mega.X\dist\Atmega128A\production\mega.X.a(exEEPROM.o)
 .debug_ranges  0x0000000000000b10       0xe8 ..\..\..\MEGA\mega.X\dist\Atmega128A\production\mega.X.a(csma_cd.o)
 .debug_ranges  0x0000000000000bf8       0xa0 ..\..\..\MEGA\mega.X\dist\Atmega128A\production\mega.X.a(utility.o)
 .debug_ranges  0x0000000000000c98       0xa8 ..\..\..\MEGA\mega.X\dist\Atmega128A\production\mega.X.a(twi.o)
 .debug_ranges  0x0000000000000d40       0x10 ..\..\..\MEGA\mega.X\dist\Atmega128A\production\mega.X.a(mega.o)

.debug_macro
 *(.debug_macro)
OUTPUT(dist/default/debug/appMaster.X.debug.elf elf32-avr)
LOAD linker stubs
LOAD data_init

.note.gnu.avr.deviceinfo
                0x0000000000000000       0x40
 .note.gnu.avr.deviceinfo
                0x0000000000000000       0x40 C:/Program Files/Microchip/MPLABX/v6.00/packs/Microchip/ATmega_DFP/2.4.131/xc8/avr/lib/avr51/memx-const/crtatmega128a.o

.bss            0x00000000008002ff        0x2
 .bss           0x00000000008002ff        0x2 c:/program files/microchip/xc8/v2.32/avr/bin/../lib/gcc/avr/5.4.0/../../../../avr/lib/avr51/memx-const\libc.a(strtok.o)

.progmemx.data  0x0000000000000114      0x13f
 .progmemx.data
                0x0000000000000114      0x13f build/default/debug/src/appMenueTime.o

.progmemx.data  0x0000000000000253      0x114
 .progmemx.data
                0x0000000000000253      0x114 build/default/debug/src/app.o

.progmemx.data  0x0000000000000367      0x113
 .progmemx.data
                0x0000000000000367      0x113 build/default/debug/src/appDataMangments.o

.progmemx.data  0x000000000000047a       0xb6
 .progmemx.data
                0x000000000000047a       0xb6 build/default/debug/src/appMenu.o

.progmemx.data.EraseZone
                0x0000000000000530       0x11
 .progmemx.data.EraseZone
                0x0000000000000530       0x11 build/default/debug/src/appMenu.o
                0x0000000000000530                EraseZone

.progmemx.data.EraseData
                0x0000000000000541       0x11
 .progmemx.data.EraseData
                0x0000000000000541       0x11 build/default/debug/src/appMenu.o
                0x0000000000000541                EraseData

.progmemx.data.ResetData
                0x0000000000000552       0x11
 .progmemx.data.ResetData
                0x0000000000000552       0x11 build/default/debug/src/appMenu.o
                0x0000000000000552                ResetData

.progmemx.data.RepNetwork
                0x0000000000000563       0x11
 .progmemx.data.RepNetwork
                0x0000000000000563       0x11 build/default/debug/src/appMenu.o
                0x0000000000000563                RepNetwork

.progmemx.data.TestNetWork
                0x0000000000000574       0x11
 .progmemx.data.TestNetWork
                0x0000000000000574       0x11 build/default/debug/src/appMenu.o
                0x0000000000000574                TestNetWork

.progmemx.data.ResetSystem
                0x0000000000000585       0x11
 .progmemx.data.ResetSystem
                0x0000000000000585       0x11 build/default/debug/src/appMenu.o
                0x0000000000000585                ResetSystem

.progmemx.data.Zones
                0x0000000000000596       0x11
 .progmemx.data.Zones
                0x0000000000000596       0x11 build/default/debug/src/appMenu.o
                0x0000000000000596                Zones

.progmemx.data.Points
                0x00000000000005a7       0x11
 .progmemx.data.Points
                0x00000000000005a7       0x11 build/default/debug/src/appMenu.o
                0x00000000000005a7                Points

.progmemx.data.NetWork
                0x00000000000005b8       0x11
 .progmemx.data.NetWork
                0x00000000000005b8       0x11 build/default/debug/src/appMenu.o
                0x00000000000005b8                NetWork

.progmemx.data.Reset
                0x00000000000005c9       0x11
 .progmemx.data.Reset
                0x00000000000005c9       0x11 build/default/debug/src/appMenu.o
                0x00000000000005c9                Reset

.progmemx.data.Summary
                0x00000000000005da       0x11
 .progmemx.data.Summary
                0x00000000000005da       0x11 build/default/debug/src/appMenu.o
                0x00000000000005da                Summary

.progmemx.data.Report
                0x00000000000005eb       0x11
 .progmemx.data.Report
                0x00000000000005eb       0x11 build/default/debug/src/appMenu.o
                0x00000000000005eb                Report

.progmemx.data.Date
                0x00000000000005fc       0x11
 .progmemx.data.Date
                0x00000000000005fc       0x11 build/default/debug/src/appMenu.o
                0x00000000000005fc                Date

.progmemx.data.Time
                0x000000000000060d       0x11
 .progmemx.data.Time
                0x000000000000060d       0x11 build/default/debug/src/appMenu.o
                0x000000000000060d                Time

.progmemx.data.System
                0x000000000000061e       0x11
 .progmemx.data.System
                0x000000000000061e       0x11 build/default/debug/src/appMenu.o
                0x000000000000061e                System

.progmemx.data.User
                0x000000000000062f       0x11
 .progmemx.data.User
                0x000000000000062f       0x11 build/default/debug/src/appMenu.o
                0x000000000000062f                User

.progmemx.data.Menu
                0x0000000000000640       0x11
 .progmemx.data.Menu
                0x0000000000000640       0x11 build/default/debug/src/appMenu.o
                0x0000000000000640                Menu

.progmemx.data.NullItem
                0x0000000000000651       0x11
 .progmemx.data.NullItem
                0x0000000000000651       0x11 ..\..\..\MEGA\mega.X\dist\Atmega128A\production\mega.X.a(menu.o)
                0x0000000000000651                NullItem

.progmemx.data.gu8RtcMonthYear
                0x0000000000000662        0xc
 .progmemx.data.gu8RtcMonthYear
                0x0000000000000662        0xc ..\..\..\MEGA\mega.X\dist\Atmega128A\production\mega.X.a(rtc.o)

.progmemx.data.gu8RtcMonthLeapYear
                0x000000000000066e        0xc
 .progmemx.data.gu8RtcMonthLeapYear
                0x000000000000066e        0xc ..\..\..\MEGA\mega.X\dist\Atmega128A\production\mega.X.a(rtc.o)

.progmemx.data.CGRAM_FIVE
                0x000000000000067a        0x8
 .progmemx.data.CGRAM_FIVE
                0x000000000000067a        0x8 ..\..\..\MEGA\mega.X\dist\Atmega128A\production\mega.X.a(lcd.o)
                0x000000000000067a                CGRAM_FIVE

.progmemx.data.CGRAM_FOUR
                0x0000000000000682        0x8
 .progmemx.data.CGRAM_FOUR
                0x0000000000000682        0x8 ..\..\..\MEGA\mega.X\dist\Atmega128A\production\mega.X.a(lcd.o)
                0x0000000000000682                CGRAM_FOUR

.progmemx.data.CGRAM_THREE
                0x000000000000068a        0x8
 .progmemx.data.CGRAM_THREE
                0x000000000000068a        0x8 ..\..\..\MEGA\mega.X\dist\Atmega128A\production\mega.X.a(lcd.o)
                0x000000000000068a                CGRAM_THREE

.progmemx.data.CGRAM_TWO
                0x0000000000000692        0x8
 .progmemx.data.CGRAM_TWO
                0x0000000000000692        0x8 ..\..\..\MEGA\mega.X\dist\Atmega128A\production\mega.X.a(lcd.o)
                0x0000000000000692                CGRAM_TWO

.progmemx.data.CGRAM_ONE
                0x000000000000069a        0x8
 .progmemx.data.CGRAM_ONE
                0x000000000000069a        0x8 ..\..\..\MEGA\mega.X\dist\Atmega128A\production\mega.X.a(lcd.o)
                0x000000000000069a                CGRAM_ONE

.progmemx.data.CGRAM_ZERO
                0x00000000000006a2        0x8
 .progmemx.data.CGRAM_ZERO
                0x00000000000006a2        0x8 ..\..\..\MEGA\mega.X\dist\Atmega128A\production\mega.X.a(lcd.o)
                0x00000000000006a2                CGRAM_ZERO

.progmemx.data  0x00000000000006aa        0x3
 .progmemx.data
                0x00000000000006aa        0x3 ..\..\..\MEGA\mega.X\dist\Atmega128A\production\mega.X.a(utility.o)

.progmemx.data  0x00000000000006ad        0x2
 .progmemx.data
                0x00000000000006ad        0x2 build/default/debug/src/appEvents.o

.text.appMemCreatePoint
                0x00000000000006b0      0x50c
 .text.appMemCreatePoint
                0x00000000000006b0      0x50c build/default/debug/src/appDataMangments.o
                0x00000000000006b0                appMemCreatePoint

.text.appMemCreateZone
                0x0000000000000bbc      0x462
 .text.appMemCreateZone
                0x0000000000000bbc      0x462 build/default/debug/src/appDataMangments.o
                0x0000000000000bbc                appMemCreateZone

.text.avrlibc   0x000000000000101e      0x450
 .text.avrlibc  0x000000000000101e      0x450 c:/program files/microchip/xc8/v2.32/avr/bin/../lib/gcc/avr/5.4.0/../../../../avr/lib/avr51/memx-const\libc.a(vfprintf_std.o)
                0x000000000000101e                vfprintf

.text.appCommunications
                0x000000000000146e      0x428
 .text.appCommunications
                0x000000000000146e      0x428 build/default/debug/src/appComm.o
                0x000000000000146e                appCommunications

.text.appMenuDate
                0x0000000000001896      0x378
 .text.appMenuDate
                0x0000000000001896      0x378 build/default/debug/src/appMenueTime.o
                0x0000000000001896                appMenuDate

.text.avrlibc   0x0000000000001c0e      0x2e6
 .text.avrlibc  0x0000000000001c0e      0x2e6 c:/program files/microchip/xc8/v2.32/avr/bin/../lib/gcc/avr/5.4.0/../../../../avr/lib/avr51/memx-const\libc.a(strtol.o)
                0x0000000000001c0e                strtol

.text.appMemoryStart
                0x0000000000001ef4      0x236
 .text.appMemoryStart
                0x0000000000001ef4      0x236 build/default/debug/src/appDataMangments.o
                0x0000000000001ef4                appMemoryStart

.text.appDataResPons
                0x000000000000212a      0x234
 .text.appDataResPons
                0x000000000000212a      0x234 build/default/debug/src/appComm.o
                0x000000000000212a                appDataResPons

.text.appCommClinentResponse
                0x000000000000235e      0x1fa
 .text.appCommClinentResponse
                0x000000000000235e      0x1fa build/default/debug/src/appComm.o
                0x000000000000235e                appCommClinentResponse

.text.appshowData
                0x0000000000002558      0x1f6
 .text.appshowData
                0x0000000000002558      0x1f6 build/default/debug/src/app.o
                0x0000000000002558                appshowData

.text.appMenueDateEvents
                0x000000000000274e      0x1e8
 .text.appMenueDateEvents
                0x000000000000274e      0x1e8 build/default/debug/src/appMenueTime.o
                0x000000000000274e                appMenueDateEvents

.text.appMenueTime
                0x0000000000002936      0x1e6
 .text.appMenueTime
                0x0000000000002936      0x1e6 build/default/debug/src/appMenueTime.o
                0x0000000000002936                appMenueTime

.text.appCurrentTimeShow
                0x0000000000002b1c      0x1c4
 .text.appCurrentTimeShow
                0x0000000000002b1c      0x1c4 build/default/debug/src/app.o
                0x0000000000002b1c                appCurrentTimeShow

.text.appMemRease
                0x0000000000002ce0      0x1ac
 .text.appMemRease
                0x0000000000002ce0      0x1ac build/default/debug/src/appDataMangments.o
                0x0000000000002ce0                appMemRease

.text.rtcConvertDateToTime
                0x0000000000002e8c      0x18e
 .text.rtcConvertDateToTime
                0x0000000000002e8c      0x18e ..\..\..\MEGA\mega.X\dist\Atmega128A\production\mega.X.a(rtc.o)
                0x0000000000002e8c                rtcConvertDateToTime

.text.appMemEraseZone
                0x000000000000301a      0x17c
 .text.appMemEraseZone
                0x000000000000301a      0x17c build/default/debug/src/appDataMangments.o
                0x000000000000301a                appMemEraseZone

.text.rtcConvertTimeToDate
                0x0000000000003196      0x154
 .text.rtcConvertTimeToDate
                0x0000000000003196      0x154 ..\..\..\MEGA\mega.X\dist\Atmega128A\production\mega.X.a(rtc.o)
                0x0000000000003196                rtcConvertTimeToDate

.text.exEEPROMLoad
                0x00000000000032ea      0x150
 .text.exEEPROMLoad
                0x00000000000032ea      0x150 ..\..\..\MEGA\mega.X\dist\Atmega128A\production\mega.X.a(exEEPROM.o)
                0x00000000000032ea                exEEPROMLoad

.text.appMemEvents
                0x000000000000343a      0x13c
 .text.appMemEvents
                0x000000000000343a      0x13c build/default/debug/src/appDataMangments.o
                0x000000000000343a                appMemEvents

.text.__vector_30
                0x0000000000003576      0x134
 .text.__vector_30
                0x0000000000003576      0x134 ..\..\..\MEGA\mega.X\dist\Atmega128A\production\mega.X.a(csma_cd.o)
                0x0000000000003576                __vector_30

.text.lcdSend   0x00000000000036aa      0x12a
 .text.lcdSend  0x00000000000036aa      0x12a ..\..\..\MEGA\mega.X\dist\Atmega128A\production\mega.X.a(lcd.o)
                0x00000000000036aa                lcdSend

.text.keypad01ButtonScan.part.0
                0x00000000000037d4      0x122
 .text.keypad01ButtonScan.part.0
                0x00000000000037d4      0x122 ..\..\..\MEGA\mega.X\dist\Atmega128A\production\mega.X.a(keypad.o)

.text.exEEPROMSave
                0x00000000000038f6      0x11c
 .text.exEEPROMSave
                0x00000000000038f6      0x11c ..\..\..\MEGA\mega.X\dist\Atmega128A\production\mega.X.a(exEEPROM.o)
                0x00000000000038f6                exEEPROMSave

.text.Send_to_TWI
                0x0000000000003a12      0x11a
 .text.Send_to_TWI
                0x0000000000003a12      0x11a ..\..\..\MEGA\mega.X\dist\Atmega128A\production\mega.X.a(twi.o)
                0x0000000000003a12                Send_to_TWI

.text.appMemPowerOn
                0x0000000000003b2c      0x10c
 .text.appMemPowerOn
                0x0000000000003b2c      0x10c build/default/debug/src/appDataMangments.o
                0x0000000000003b2c                appMemPowerOn

.text.appMenueTimeEvents
                0x0000000000003c38      0x10c
 .text.appMenueTimeEvents
                0x0000000000003c38      0x10c build/default/debug/src/appMenueTime.o
                0x0000000000003c38                appMenueTimeEvents

.text.menueReadEvents
                0x0000000000003d44      0x106
 .text.menueReadEvents
                0x0000000000003d44      0x106 ..\..\..\MEGA\mega.X\dist\Atmega128A\production\mega.X.a(menu.o)
                0x0000000000003d44                menueReadEvents

.text.__vector_12
                0x0000000000003e4a      0x106
 .text.__vector_12
                0x0000000000003e4a      0x106 ..\..\..\MEGA\mega.X\dist\Atmega128A\production\mega.X.a(csma_cd.o)
                0x0000000000003e4a                __vector_12

.text.startup.main
                0x0000000000003f50       0xe2
 .text.startup.main
                0x0000000000003f50       0xe2 ..\..\..\MEGA\mega.X\dist\Atmega128A\production\mega.X.a(mega.o)
                0x0000000000003f50                main

.text.avrlibc.fplib
                0x0000000000004032       0xde
 .text.avrlibc.fplib
                0x0000000000004032       0xde c:/program files/microchip/xc8/v2.32/avr/bin/../lib/gcc/avr/5.4.0/../../../../avr/lib/avr51/memx-const\libm.a(divsf3x.o)
                0x0000000000004032                __divsf3x
                0x000000000000405a                __divsf3_pse

.text.exEEPROMSavePage
                0x0000000000004110       0xdc
 .text.exEEPROMSavePage
                0x0000000000004110       0xdc ..\..\..\MEGA\mega.X\dist\Atmega128A\production\mega.X.a(exEEPROM.o)
                0x0000000000004110                exEEPROMSavePage

.text.appCommRequestHandle
                0x00000000000041ec       0xd8
 .text.appCommRequestHandle
                0x00000000000041ec       0xd8 build/default/debug/src/appComm.o
                0x00000000000041ec                appCommRequestHandle

.text.lcdUpdate
                0x00000000000042c4       0xd0
 .text.lcdUpdate
                0x00000000000042c4       0xd0 ..\..\..\MEGA\mega.X\dist\Atmega128A\production\mega.X.a(lcd.o)
                0x00000000000042c4                lcdUpdate

.text.rtcSwUpdate
                0x0000000000004394       0xc6
 .text.rtcSwUpdate
                0x0000000000004394       0xc6 ..\..\..\MEGA\mega.X\dist\Atmega128A\production\mega.X.a(rtc.o)
                0x0000000000004394                rtcSwUpdate

.text.lcdInit   0x000000000000445a       0xc2
 .text.lcdInit  0x000000000000445a       0xc2 ..\..\..\MEGA\mega.X\dist\Atmega128A\production\mega.X.a(lcd.o)
                0x000000000000445a                lcdInit

.text.updateProgressBar
                0x000000000000451c       0xc0
 .text.updateProgressBar
                0x000000000000451c       0xc0 build/default/debug/src/appMenu.o
                0x000000000000451c                updateProgressBar

.text.csmaInit  0x00000000000045dc       0xc0
 .text.csmaInit
                0x00000000000045dc       0xc0 ..\..\..\MEGA\mega.X\dist\Atmega128A\production\mega.X.a(csma_cd.o)
                0x00000000000045dc                csmaInit

.text.avrlibc   0x000000000000469c       0xbc
 .text.avrlibc  0x000000000000469c       0xbc c:/program files/microchip/xc8/v2.32/avr/bin/../lib/gcc/avr/5.4.0/../../../../avr/lib/avr51/memx-const\libc.a(ultoa_invert.o)
                0x000000000000469c                __ultoa_invert

.text.appMain   0x0000000000004758       0xba
 .text.appMain  0x0000000000004758       0xba build/default/debug/src/app.o
                0x0000000000004758                appMain

.text.appPingResPonse
                0x0000000000004812       0xb6
 .text.appPingResPonse
                0x0000000000004812       0xb6 build/default/debug/src/appComm.o
                0x0000000000004812                appPingResPonse

.text.buzDriver
                0x00000000000048c8       0xb2
 .text.buzDriver
                0x00000000000048c8       0xb2 ..\..\..\MEGA\mega.X\dist\Atmega128A\production\mega.X.a(buz.o)
                0x00000000000048c8                buzDriver

.text.ReceiverParsingFram.part.1
                0x000000000000497a       0xae
 .text.ReceiverParsingFram.part.1
                0x000000000000497a       0xae ..\..\..\MEGA\mega.X\dist\Atmega128A\production\mega.X.a(csma_cd.o)

.text.appEventRemove
                0x0000000000004a28       0xa8
 .text.appEventRemove
                0x0000000000004a28       0xa8 build/default/debug/src/appEvents.o
                0x0000000000004a28                appEventRemove

.text.__vector_15
                0x0000000000004ad0       0xa8
 .text.__vector_15
                0x0000000000004ad0       0xa8 ..\..\..\MEGA\mega.X\dist\Atmega128A\production\mega.X.a(sys.o)
                0x0000000000004ad0                __vector_15

.text.appCommTraffic
                0x0000000000004b78       0xa2
 .text.appCommTraffic
                0x0000000000004b78       0xa2 build/default/debug/src/appComm.o
                0x0000000000004b78                appCommTraffic

.text.lcdwrite  0x0000000000004c1a       0xa2
 .text.lcdwrite
                0x0000000000004c1a       0xa2 ..\..\..\MEGA\mega.X\dist\Atmega128A\production\mega.X.a(lcd.o)
                0x0000000000004c1a                lcdwrite

.text.appShfitBuffer
                0x0000000000004cbc       0x9e
 .text.appShfitBuffer
                0x0000000000004cbc       0x9e ..\..\..\MEGA\mega.X\dist\Atmega128A\production\mega.X.a(utility.o)
                0x0000000000004cbc                appShfitBuffer

.text           0x0000000000004d5a       0x9e
 .text          0x0000000000004d5a       0x9e c:/program files/microchip/xc8/v2.32/avr/bin/../lib/gcc/avr/5.4.0/../../../../avr/lib/avr51/memx-const\libc.a(strtok_r_M.o)
                0x0000000000004d5a                strtok_r

.text.buzGenerateSignalTime
                0x0000000000004df8       0x9a
 .text.buzGenerateSignalTime
                0x0000000000004df8       0x9a ..\..\..\MEGA\mega.X\dist\Atmega128A\production\mega.X.a(buz.o)
                0x0000000000004df8                buzGenerateSignalTime

.text.appEventDown
                0x0000000000004e92       0x98
 .text.appEventDown
                0x0000000000004e92       0x98 build/default/debug/src/appEvents.o
                0x0000000000004e92                appEventDown

.text.lcdReadByte
                0x0000000000004f2a       0x96
 .text.lcdReadByte
                0x0000000000004f2a       0x96 ..\..\..\MEGA\mega.X\dist\Atmega128A\production\mega.X.a(lcd.o)
                0x0000000000004f2a                lcdReadByte

.text.lcdSendCommdHigh
                0x0000000000004fc0       0x94
 .text.lcdSendCommdHigh
                0x0000000000004fc0       0x94 ..\..\..\MEGA\mega.X\dist\Atmega128A\production\mega.X.a(lcd.o)
                0x0000000000004fc0                lcdSendCommdHigh

.text.lcdWaitBusy
                0x0000000000005054       0x8c
 .text.lcdWaitBusy
                0x0000000000005054       0x8c ..\..\..\MEGA\mega.X\dist\Atmega128A\production\mega.X.a(lcd.o)
                0x0000000000005054                lcdWaitBusy

.text.keypadSync
                0x00000000000050e0       0x8c
 .text.keypadSync
                0x00000000000050e0       0x8c ..\..\..\MEGA\mega.X\dist\Atmega128A\production\mega.X.a(keypad.o)
                0x00000000000050e0                keypadSync

.text.rtccSoftTime
                0x000000000000516c       0x8c
 .text.rtccSoftTime
                0x000000000000516c       0x8c ..\..\..\MEGA\mega.X\dist\Atmega128A\production\mega.X.a(rtc.o)
                0x000000000000516c                rtccSoftTime

.text.rtcHwUpdate
                0x00000000000051f8       0x86
 .text.rtcHwUpdate
                0x00000000000051f8       0x86 ..\..\..\MEGA\mega.X\dist\Atmega128A\production\mega.X.a(rtc.o)
                0x00000000000051f8                rtcHwUpdate

.text.menuAction
                0x000000000000527e       0x86
 .text.menuAction
                0x000000000000527e       0x86 ..\..\..\MEGA\mega.X\dist\Atmega128A\production\mega.X.a(menu.o)
                0x000000000000527e                menuAction

.text.menuLCDReader
                0x0000000000005304       0x7c
 .text.menuLCDReader
                0x0000000000005304       0x7c ..\..\..\MEGA\mega.X\dist\Atmega128A\production\mega.X.a(menu.o)
                0x0000000000005304                menuLCDReader

.text.appEventNumber
                0x0000000000005380       0x7a
 .text.appEventNumber
                0x0000000000005380       0x7a build/default/debug/src/appEvents.o
                0x0000000000005380                appEventNumber

.text.Encapsulate
                0x00000000000053fa       0x7a
 .text.Encapsulate
                0x00000000000053fa       0x7a ..\..\..\MEGA\mega.X\dist\Atmega128A\production\mega.X.a(csma_cd.o)
                0x00000000000053fa                Encapsulate

.text.avrlibc.fplib
                0x0000000000005474       0x7a
 .text.avrlibc.fplib
                0x0000000000005474       0x7a c:/program files/microchip/xc8/v2.32/avr/bin/../lib/gcc/avr/5.4.0/../../../../avr/lib/avr51/memx-const\libm.a(floatsisf.o)
                0x0000000000005474                __floatunsisf
                0x0000000000005478                __floatsisf

.text.avrlibc   0x00000000000054ee       0x78
 .text.avrlibc  0x00000000000054ee       0x78 c:/program files/microchip/xc8/v2.32/avr/bin/../lib/gcc/avr/5.4.0/../../../../avr/lib/avr51/memx-const\libc.a(fputc.o)
                0x00000000000054ee                fputc

.text.appCommInit
                0x0000000000005566       0x74
 .text.appCommInit
                0x0000000000005566       0x74 build/default/debug/src/appComm.o
                0x0000000000005566                appCommInit

.text.menueDriver
                0x00000000000055da       0x72
 .text.menueDriver
                0x00000000000055da       0x72 ..\..\..\MEGA\mega.X\dist\Atmega128A\production\mega.X.a(menu.o)
                0x00000000000055da                menueDriver

.text.lcdCgramGenrate
                0x000000000000564c       0x70
 .text.lcdCgramGenrate
                0x000000000000564c       0x70 ..\..\..\MEGA\mega.X\dist\Atmega128A\production\mega.X.a(lcd.o)
                0x000000000000564c                lcdCgramGenrate

.text.keypadDriverInit
                0x00000000000056bc       0x6c
 .text.keypadDriverInit
                0x00000000000056bc       0x6c ..\..\..\MEGA\mega.X\dist\Atmega128A\production\mega.X.a(keypad.o)
                0x00000000000056bc                keypadDriverInit

.text.appEventUp
                0x0000000000005728       0x6a
 .text.appEventUp
                0x0000000000005728       0x6a build/default/debug/src/appEvents.o
                0x0000000000005728                appEventUp

.text.sysIsTimeout
                0x0000000000005792       0x62
 .text.sysIsTimeout
                0x0000000000005792       0x62 ..\..\..\MEGA\mega.X\dist\Atmega128A\production\mega.X.a(sys.o)
                0x0000000000005792                sysIsTimeout

.text.appEventMove
                0x00000000000057f4       0x60
 .text.appEventMove
                0x00000000000057f4       0x60 build/default/debug/src/appEvents.o
                0x00000000000057f4                appEventMove

.text.appMemValidtionConfig
                0x0000000000005854       0x60
 .text.appMemValidtionConfig
                0x0000000000005854       0x60 build/default/debug/src/appDataMangments.o
                0x0000000000005854                appMemValidtionConfig

.text.avrlibc   0x00000000000058b4       0x60
 .text.avrlibc  0x00000000000058b4       0x60 c:/program files/microchip/xc8/v2.32/avr/bin/../lib/gcc/avr/5.4.0/../../../../avr/lib/avr51/memx-const\libc.a(sprintf.o)
                0x00000000000058b4                sprintf

.text.avrlibc.fplib
                0x0000000000005914       0x5e
 .text.avrlibc.fplib
                0x0000000000005914       0x5e c:/program files/microchip/xc8/v2.32/avr/bin/../lib/gcc/avr/5.4.0/../../../../avr/lib/avr51/memx-const\libm.a(fixunssfsi.o)
                0x0000000000005914                __fixunssfsi

.text.lcdBlink  0x0000000000005972       0x58
 .text.lcdBlink
                0x0000000000005972       0x58 ..\..\..\MEGA\mega.X\dist\Atmega128A\production\mega.X.a(lcd.o)
                0x0000000000005972                lcdBlink

.text.lcdHwInit
                0x00000000000059ca       0x52
 .text.lcdHwInit
                0x00000000000059ca       0x52 ..\..\..\MEGA\mega.X\dist\Atmega128A\production\mega.X.a(lcd.o)
                0x00000000000059ca                lcdHwInit

.text.TWI_start
                0x0000000000005a1c       0x4c
 .text.TWI_start
                0x0000000000005a1c       0x4c ..\..\..\MEGA\mega.X\dist\Atmega128A\production\mega.X.a(twi.o)
                0x0000000000005a1c                TWI_start

.text.appCommRequestGetBuffer
                0x0000000000005a68       0x48
 .text.appCommRequestGetBuffer
                0x0000000000005a68       0x48 build/default/debug/src/appComm.o
                0x0000000000005a68                appCommRequestGetBuffer

.text.Get_byte  0x0000000000005ab0       0x48
 .text.Get_byte
                0x0000000000005ab0       0x48 ..\..\..\MEGA\mega.X\dist\Atmega128A\production\mega.X.a(twi.o)
                0x0000000000005ab0                Get_byte

.text.avrlibc   0x0000000000005af8       0x46
 .text.avrlibc  0x0000000000005af8       0x46 c:/program files/microchip/xc8/v2.32/avr/bin/../lib/gcc/avr/5.4.0/../../../../avr/lib/avr51/memx-const\libc.a(strncpy_M.o)
                0x0000000000005af8                strncpy

.text.avrlibc.fplib
                0x0000000000005b3e       0x44
 .text.avrlibc.fplib
                0x0000000000005b3e       0x44 c:/program files/microchip/xc8/v2.32/avr/bin/../lib/gcc/avr/5.4.0/../../../../avr/lib/avr51/memx-const\libm.a(fp_split3.o)
                0x0000000000005b3e                __fp_split3
                0x0000000000005b4e                __fp_splitA

.text.libgcc.div
                0x0000000000005b82       0x44
 .text.libgcc.div
                0x0000000000005b82       0x44 c:/program files/microchip/xc8/v2.32/avr/bin/../lib/gcc/avr/5.4.0/avr51/memx-const\libgcc.a(_udivmodsi4.o)
                0x0000000000005b82                __udivmodsi4

.text.avrlibc   0x0000000000005bc6       0x44
 .text.avrlibc  0x0000000000005bc6       0x44 c:/program files/microchip/xc8/v2.32/avr/bin/../lib/gcc/avr/5.4.0/../../../../avr/lib/avr51/memx-const\libc.a(strcmp_M.o)
                0x0000000000005bc6                strcmp

.text.appCommRequestPutBuffer
                0x0000000000005c0a       0x42
 .text.appCommRequestPutBuffer
                0x0000000000005c0a       0x42 build/default/debug/src/appComm.o
                0x0000000000005c0a                appCommRequestPutBuffer

.text.StartTransmission
                0x0000000000005c4c       0x40
 .text.StartTransmission
                0x0000000000005c4c       0x40 ..\..\..\MEGA\mega.X\dist\Atmega128A\production\mega.X.a(csma_cd.o)
                0x0000000000005c4c                StartTransmission

.text.rtcInit   0x0000000000005c8c       0x3e
 .text.rtcInit  0x0000000000005c8c       0x3e ..\..\..\MEGA\mega.X\dist\Atmega128A\production\mega.X.a(rtc.o)
                0x0000000000005c8c                rtcInit

.text.rtcDriver
                0x0000000000005cca       0x3e
 .text.rtcDriver
                0x0000000000005cca       0x3e ..\..\..\MEGA\mega.X\dist\Atmega128A\production\mega.X.a(rtc.o)
                0x0000000000005cca                rtcDriver

.text.FramNetWork
                0x0000000000005d08       0x3a
 .text.FramNetWork
                0x0000000000005d08       0x3a ..\..\..\MEGA\mega.X\dist\Atmega128A\production\mega.X.a(csma_cd.o)
                0x0000000000005d08                FramNetWork

.text.appMemRemoveEvent
                0x0000000000005d42       0x38
 .text.appMemRemoveEvent
                0x0000000000005d42       0x38 build/default/debug/src/appDataMangments.o
                0x0000000000005d42                appMemRemoveEvent

.text.keypad01SwitchScan
                0x0000000000005d7a       0x38
 .text.keypad01SwitchScan
                0x0000000000005d7a       0x38 ..\..\..\MEGA\mega.X\dist\Atmega128A\production\mega.X.a(keypad.o)
                0x0000000000005d7a                keypad01SwitchScan

.text.avrlibc   0x0000000000005db2       0x38
 .text.avrlibc  0x0000000000005db2       0x38 c:/program files/microchip/xc8/v2.32/avr/bin/../lib/gcc/avr/5.4.0/../../../../avr/lib/avr51/memx-const\libc.a(strnlen_M.o)
                0x0000000000005db2                strnlen

.text.appMemNext
                0x0000000000005dea       0x36
 .text.appMemNext
                0x0000000000005dea       0x36 build/default/debug/src/appDataMangments.o
                0x0000000000005dea                appMemNext

.text.getlcdData
                0x0000000000005e20       0x34
 .text.getlcdData
                0x0000000000005e20       0x34 ..\..\..\MEGA\mega.X\dist\Atmega128A\production\mega.X.a(lcd.o)
                0x0000000000005e20                getlcdData

.text.Send_adr  0x0000000000005e54       0x34
 .text.Send_adr
                0x0000000000005e54       0x34 ..\..\..\MEGA\mega.X\dist\Atmega128A\production\mega.X.a(twi.o)
                0x0000000000005e54                Send_adr

.text.rtcSetDate
                0x0000000000005e88       0x32
 .text.rtcSetDate
                0x0000000000005e88       0x32 ..\..\..\MEGA\mega.X\dist\Atmega128A\production\mega.X.a(rtc.o)
                0x0000000000005e88                rtcSetDate

.text.appCommGetBuzzerState
                0x0000000000005eba       0x30
 .text.appCommGetBuzzerState
                0x0000000000005eba       0x30 build/default/debug/src/appComm.o
                0x0000000000005eba                appCommGetBuzzerState

.text.appEventCencel
                0x0000000000005eea       0x30
 .text.appEventCencel
                0x0000000000005eea       0x30 build/default/debug/src/appEvents.o
                0x0000000000005eea                appEventCencel

.text.appEventEnter
                0x0000000000005f1a       0x30
 .text.appEventEnter
                0x0000000000005f1a       0x30 build/default/debug/src/appEvents.o
                0x0000000000005f1a                appEventEnter

.text.menuStartItem
                0x0000000000005f4a       0x30
 .text.menuStartItem
                0x0000000000005f4a       0x30 ..\..\..\MEGA\mega.X\dist\Atmega128A\production\mega.X.a(menu.o)
                0x0000000000005f4a                menuStartItem

.text.Init_TWI  0x0000000000005f7a       0x30
 .text.Init_TWI
                0x0000000000005f7a       0x30 ..\..\..\MEGA\mega.X\dist\Atmega128A\production\mega.X.a(twi.o)
                0x0000000000005f7a                Init_TWI

.text.__vector_3
                0x0000000000005faa       0x2e
 .text.__vector_3
                0x0000000000005faa       0x2e ..\..\..\MEGA\mega.X\dist\Atmega128A\production\mega.X.a(csma_cd.o)
                0x0000000000005faa                __vector_3

.text.lcdReplace
                0x0000000000005fd8       0x2c
 .text.lcdReplace
                0x0000000000005fd8       0x2c ..\..\..\MEGA\mega.X\dist\Atmega128A\production\mega.X.a(lcd.o)
                0x0000000000005fd8                lcdReplace

.text.rtcConvertbuffer.part.1
                0x0000000000006004       0x2c
 .text.rtcConvertbuffer.part.1
                0x0000000000006004       0x2c ..\..\..\MEGA\mega.X\dist\Atmega128A\production\mega.X.a(rtc.o)

.text.Send_byte
                0x0000000000006030       0x2c
 .text.Send_byte
                0x0000000000006030       0x2c ..\..\..\MEGA\mega.X\dist\Atmega128A\production\mega.X.a(twi.o)
                0x0000000000006030                Send_byte

.text.appEvent  0x000000000000605c       0x2a
 .text.appEvent
                0x000000000000605c       0x2a build/default/debug/src/app.o
                0x000000000000605c                appEvent

.text.getByte.part.0
                0x0000000000006086       0x2a
 .text.getByte.part.0
                0x0000000000006086       0x2a ..\..\..\MEGA\mega.X\dist\Atmega128A\production\mega.X.a(buffers.o)

.text.uNumberToString
                0x00000000000060b0       0x2a
 .text.uNumberToString
                0x00000000000060b0       0x2a ..\..\..\MEGA\mega.X\dist\Atmega128A\production\mega.X.a(utility.o)
                0x00000000000060b0                uNumberToString

.text.rtc_getDate
                0x00000000000060da       0x28
 .text.rtc_getDate
                0x00000000000060da       0x28 ..\..\..\MEGA\mega.X\dist\Atmega128A\production\mega.X.a(rtc.o)
                0x00000000000060da                rtc_getDate

.text.libgcc.div
                0x0000000000006102       0x28
 .text.libgcc.div
                0x0000000000006102       0x28 c:/program files/microchip/xc8/v2.32/avr/bin/../lib/gcc/avr/5.4.0/avr51/memx-const\libgcc.a(_divmodhi4.o)
                0x0000000000006102                _div
                0x0000000000006102                __divmodhi4

.text.libgcc.div
                0x000000000000612a       0x28
 .text.libgcc.div
                0x000000000000612a       0x28 c:/program files/microchip/xc8/v2.32/avr/bin/../lib/gcc/avr/5.4.0/avr51/memx-const\libgcc.a(_udivmodhi4.o)
                0x000000000000612a                __udivmodhi4

.text.putByte.part.1
                0x0000000000006152       0x26
 .text.putByte.part.1
                0x0000000000006152       0x26 ..\..\..\MEGA\mega.X\dist\Atmega128A\production\mega.X.a(buffers.o)

.text.lcdIsCurrentNumber
                0x0000000000006178       0x24
 .text.lcdIsCurrentNumber
                0x0000000000006178       0x24 ..\..\..\MEGA\mega.X\dist\Atmega128A\production\mega.X.a(lcd.o)
                0x0000000000006178                lcdIsCurrentNumber

.text.keypadGetEvent
                0x000000000000619c       0x24
 .text.keypadGetEvent
                0x000000000000619c       0x24 ..\..\..\MEGA\mega.X\dist\Atmega128A\production\mega.X.a(keypad.o)
                0x000000000000619c                keypadGetEvent

.text.avrlibc   0x00000000000061c0       0x24
 .text.avrlibc  0x00000000000061c0       0x24 c:/program files/microchip/xc8/v2.32/avr/bin/../lib/gcc/avr/5.4.0/../../../../avr/lib/avr51/memx-const\libc.a(strlen_M.o)
                0x00000000000061c0                strlen

.text.appInit   0x00000000000061e4       0x22
 .text.appInit  0x00000000000061e4       0x22 build/default/debug/src/app.o
                0x00000000000061e4                appInit

.text.appMemSaveDate
                0x0000000000006206       0x22
 .text.appMemSaveDate
                0x0000000000006206       0x22 build/default/debug/src/appDataMangments.o
                0x0000000000006206                appMemSaveDate

.text.appMemLoadDate
                0x0000000000006228       0x22
 .text.appMemLoadDate
                0x0000000000006228       0x22 build/default/debug/src/appDataMangments.o
                0x0000000000006228                appMemLoadDate

.text.avrlibc.fplib
                0x000000000000624a       0x22
 .text.avrlibc.fplib
                0x000000000000624a       0x22 c:/program files/microchip/xc8/v2.32/avr/bin/../lib/gcc/avr/5.4.0/../../../../avr/lib/avr51/memx-const\libm.a(fp_round.o)
                0x000000000000624a                __fp_round

.text.libgcc.mul
                0x000000000000626c       0x20
 .text.libgcc.mul
                0x000000000000626c       0x20 c:/program files/microchip/xc8/v2.32/avr/bin/../lib/gcc/avr/5.4.0/avr51/memx-const\libgcc.a(_mulsi3.o)
                0x000000000000626c                __mulsi3

.text.libgcc.mul
                0x000000000000628c       0x1e
 .text.libgcc.mul
                0x000000000000628c       0x1e c:/program files/microchip/xc8/v2.32/avr/bin/../lib/gcc/avr/5.4.0/avr51/memx-const\libgcc.a(_umulhisi3.o)
                0x000000000000628c                __umulhisi3

.text.appCommFree
                0x00000000000062aa       0x1c
 .text.appCommFree
                0x00000000000062aa       0x1c build/default/debug/src/appComm.o
                0x00000000000062aa                appCommFree

.text.appMenu   0x00000000000062c6       0x1c
 .text.appMenu  0x00000000000062c6       0x1c build/default/debug/src/appMenu.o
                0x00000000000062c6                appMenu

.text.lcdClearlines
                0x00000000000062e2       0x1c
 .text.lcdClearlines
                0x00000000000062e2       0x1c ..\..\..\MEGA\mega.X\dist\Atmega128A\production\mega.X.a(lcd.o)
                0x00000000000062e2                lcdClearlines

.text.buzInit   0x00000000000062fe       0x1a
 .text.buzInit  0x00000000000062fe       0x1a ..\..\..\MEGA\mega.X\dist\Atmega128A\production\mega.X.a(buz.o)
                0x00000000000062fe                buzInit

.text.getSystemTick
                0x0000000000006318       0x18
 .text.getSystemTick
                0x0000000000006318       0x18 ..\..\..\MEGA\mega.X\dist\Atmega128A\production\mega.X.a(sys.o)
                0x0000000000006318                getSystemTick

.text.lcdClear  0x0000000000006330       0x18
 .text.lcdClear
                0x0000000000006330       0x18 ..\..\..\MEGA\mega.X\dist\Atmega128A\production\mega.X.a(lcd.o)
                0x0000000000006330                lcdClear

.text.MenuInit  0x0000000000006348       0x18
 .text.MenuInit
                0x0000000000006348       0x18 ..\..\..\MEGA\mega.X\dist\Atmega128A\production\mega.X.a(menu.o)
                0x0000000000006348                MenuInit

.text.systemTickInit
                0x0000000000006360       0x16
 .text.systemTickInit
                0x0000000000006360       0x16 ..\..\..\MEGA\mega.X\dist\Atmega128A\production\mega.X.a(sys.o)
                0x0000000000006360                systemTickInit

.text.libgcc.mul
                0x0000000000006376       0x16
 .text.libgcc.mul
                0x0000000000006376       0x16 c:/program files/microchip/xc8/v2.32/avr/bin/../lib/gcc/avr/5.4.0/avr51/memx-const\libgcc.a(_muluhisi3.o)
                0x0000000000006376                __muluhisi3

.text.libgcc    0x000000000000638c       0x16
 .text.libgcc   0x000000000000638c       0x16 c:/program files/microchip/xc8/v2.32/avr/bin/../lib/gcc/avr/5.4.0/avr51/memx-const\libgcc.a(_xload_3.o)
                0x000000000000638c                __xload_3

.text.lcdwriteCGRAM
                0x00000000000063a2       0x14
 .text.lcdwriteCGRAM
                0x00000000000063a2       0x14 ..\..\..\MEGA\mega.X\dist\Atmega128A\production\mega.X.a(lcd.o)
                0x00000000000063a2                lcdwriteCGRAM

.text.exEEPROMInit
                0x00000000000063b6       0x14
 .text.exEEPROMInit
                0x00000000000063b6       0x14 ..\..\..\MEGA\mega.X\dist\Atmega128A\production\mega.X.a(exEEPROM.o)
                0x00000000000063b6                exEEPROMInit

.text.appMemInit
                0x00000000000063ca       0x12
 .text.appMemInit
                0x00000000000063ca       0x12 build/default/debug/src/appDataMangments.o
                0x00000000000063ca                appMemInit

.text.appMemEraseConfig
                0x00000000000063dc       0x12
 .text.appMemEraseConfig
                0x00000000000063dc       0x12 build/default/debug/src/appDataMangments.o
                0x00000000000063dc                appMemEraseConfig

.text.appMemEraseData
                0x00000000000063ee       0x12
 .text.appMemEraseData
                0x00000000000063ee       0x12 build/default/debug/src/appDataMangments.o
                0x00000000000063ee                appMemEraseData

.text.rtcGetCurrentTime
                0x0000000000006400       0x12
 .text.rtcGetCurrentTime
                0x0000000000006400       0x12 ..\..\..\MEGA\mega.X\dist\Atmega128A\production\mega.X.a(rtc.o)
                0x0000000000006400                rtcGetCurrentTime

.text.libgcc    0x0000000000006412       0x12
 .text.libgcc   0x0000000000006412       0x12 c:/program files/microchip/xc8/v2.32/avr/bin/../lib/gcc/avr/5.4.0/avr51/memx-const\libgcc.a(_tablejump2.o)
                0x0000000000006412                __tablejump2__

.text.libgcc    0x0000000000006424       0x12
 .text.libgcc   0x0000000000006424       0x12 c:/program files/microchip/xc8/v2.32/avr/bin/../lib/gcc/avr/5.4.0/avr51/memx-const\libgcc.a(_xload_2.o)
                0x0000000000006424                __xload_2

.text.avrlibc   0x0000000000006436       0x12
 .text.avrlibc  0x0000000000006436       0x12 c:/program files/microchip/xc8/v2.32/avr/bin/../lib/gcc/avr/5.4.0/../../../../avr/lib/avr51/memx-const\libc.a(isspace.o)
                0x0000000000006436                isspace

.text.appMenuIsLCDReady
                0x0000000000006448       0x10
 .text.appMenuIsLCDReady
                0x0000000000006448       0x10 build/default/debug/src/appMenu.o
                0x0000000000006448                appMenuIsLCDReady

.text.byteBufferInit
                0x0000000000006458       0x10
 .text.byteBufferInit
                0x0000000000006458       0x10 ..\..\..\MEGA\mega.X\dist\Atmega128A\production\mega.X.a(buffers.o)
                0x0000000000006458                byteBufferInit

.text.getByte   0x0000000000006468       0x10
 .text.getByte  0x0000000000006468       0x10 ..\..\..\MEGA\mega.X\dist\Atmega128A\production\mega.X.a(buffers.o)
                0x0000000000006468                getByte

.text.putByte   0x0000000000006478       0x10
 .text.putByte  0x0000000000006478       0x10 ..\..\..\MEGA\mega.X\dist\Atmega128A\production\mega.X.a(buffers.o)
                0x0000000000006478                putByte

.text.rtcIsSetDone
                0x0000000000006488       0x10
 .text.rtcIsSetDone
                0x0000000000006488       0x10 ..\..\..\MEGA\mega.X\dist\Atmega128A\production\mega.X.a(rtc.o)
                0x0000000000006488                rtcIsSetDone

.text.IsCommunicationOpen
                0x0000000000006498       0x10
 .text.IsCommunicationOpen
                0x0000000000006498       0x10 ..\..\..\MEGA\mega.X\dist\Atmega128A\production\mega.X.a(csma_cd.o)
                0x0000000000006498                IsCommunicationOpen

.text.appEventInit
                0x00000000000064a8        0xe
 .text.appEventInit
                0x00000000000064a8        0xe build/default/debug/src/appEvents.o
                0x00000000000064a8                appEventInit

.text.appEventSetStart
                0x00000000000064b6        0xe
 .text.appEventSetStart
                0x00000000000064b6        0xe build/default/debug/src/appEvents.o
                0x00000000000064b6                appEventSetStart

.text.avrlibc.fplib
                0x00000000000064c4        0xe
 .text.avrlibc.fplib
                0x00000000000064c4        0xe c:/program files/microchip/xc8/v2.32/avr/bin/../lib/gcc/avr/5.4.0/../../../../avr/lib/avr51/memx-const\libm.a(fp_pscA.o)
                0x00000000000064c4                __fp_pscA

.text.avrlibc.fplib
                0x00000000000064d2        0xe
 .text.avrlibc.fplib
                0x00000000000064d2        0xe c:/program files/microchip/xc8/v2.32/avr/bin/../lib/gcc/avr/5.4.0/../../../../avr/lib/avr51/memx-const\libm.a(fp_pscB.o)
                0x00000000000064d2                __fp_pscB

.text.avrlibc.fplib
                0x00000000000064e0        0xe
 .text.avrlibc.fplib
                0x00000000000064e0        0xe c:/program files/microchip/xc8/v2.32/avr/bin/../lib/gcc/avr/5.4.0/../../../../avr/lib/avr51/memx-const\libm.a(fp_zero.o)
                0x00000000000064e0                __fp_zero
                0x00000000000064e2                __fp_szero

.text.libgcc    0x00000000000064ee        0xe
 .text.libgcc   0x00000000000064ee        0xe c:/program files/microchip/xc8/v2.32/avr/bin/../lib/gcc/avr/5.4.0/avr51/memx-const\libgcc.a(_xload_1.o)
                0x00000000000064ee                __xload_1

.text.appCommReady
                0x00000000000064fc        0xc
 .text.appCommReady
                0x00000000000064fc        0xc build/default/debug/src/appComm.o
                0x00000000000064fc                appCommReady

.text.appCommNotReady
                0x0000000000006508        0xc
 .text.appCommNotReady
                0x0000000000006508        0xc build/default/debug/src/appComm.o
                0x0000000000006508                appCommNotReady

.text.appMenuClearEvent
                0x0000000000006514        0xc
 .text.appMenuClearEvent
                0x0000000000006514        0xc build/default/debug/src/appMenu.o
                0x0000000000006514                appMenuClearEvent

.text.lcdNoCursor
                0x0000000000006520        0xc
 .text.lcdNoCursor
                0x0000000000006520        0xc ..\..\..\MEGA\mega.X\dist\Atmega128A\production\mega.X.a(lcd.o)
                0x0000000000006520                lcdNoCursor

.text.lcdNoBlink
                0x000000000000652c        0xc
 .text.lcdNoBlink
                0x000000000000652c        0xc ..\..\..\MEGA\mega.X\dist\Atmega128A\production\mega.X.a(lcd.o)
                0x000000000000652c                lcdNoBlink

.text.rtcSync   0x0000000000006538        0xc
 .text.rtcSync  0x0000000000006538        0xc ..\..\..\MEGA\mega.X\dist\Atmega128A\production\mega.X.a(rtc.o)
                0x0000000000006538                rtcSync

.text.setSencodEvent
                0x0000000000006544        0xc
 .text.setSencodEvent
                0x0000000000006544        0xc ..\..\..\MEGA\mega.X\dist\Atmega128A\production\mega.X.a(rtc.o)
                0x0000000000006544                setSencodEvent

.text.clearSecondEvent
                0x0000000000006550        0xc
 .text.clearSecondEvent
                0x0000000000006550        0xc ..\..\..\MEGA\mega.X\dist\Atmega128A\production\mega.X.a(rtc.o)
                0x0000000000006550                clearSecondEvent

.text.menuOpen  0x000000000000655c        0xc
 .text.menuOpen
                0x000000000000655c        0xc ..\..\..\MEGA\mega.X\dist\Atmega128A\production\mega.X.a(menu.o)
                0x000000000000655c                menuOpen

.text.avrlibc.fplib
                0x0000000000006568        0xc
 .text.avrlibc.fplib
                0x0000000000006568        0xc c:/program files/microchip/xc8/v2.32/avr/bin/../lib/gcc/avr/5.4.0/../../../../avr/lib/avr51/memx-const\libm.a(fp_inf.o)
                0x0000000000006568                __fp_inf

.text.avrlibc   0x0000000000006574        0xc
 .text.avrlibc  0x0000000000006574        0xc c:/program files/microchip/xc8/v2.32/avr/bin/../lib/gcc/avr/5.4.0/../../../../avr/lib/avr51/memx-const\libc.a(atol_M.o)
                0x0000000000006574                atol

.text.appMenuInit
                0x0000000000006580        0xa
 .text.appMenuInit
                0x0000000000006580        0xa build/default/debug/src/appMenu.o
                0x0000000000006580                appMenuInit

.text.appStartMenu
                0x000000000000658a        0xa
 .text.appStartMenu
                0x000000000000658a        0xa build/default/debug/src/appMenu.o
                0x000000000000658a                appStartMenu

.text.rtcSecondEvent
                0x0000000000006594        0xa
 .text.rtcSecondEvent
                0x0000000000006594        0xa ..\..\..\MEGA\mega.X\dist\Atmega128A\production\mega.X.a(rtc.o)
                0x0000000000006594                rtcSecondEvent

.text.menuIsOpen
                0x000000000000659e        0xa
 .text.menuIsOpen
                0x000000000000659e        0xa ..\..\..\MEGA\mega.X\dist\Atmega128A\production\mega.X.a(menu.o)
                0x000000000000659e                menuIsOpen

.text.OnHostFrame
                0x00000000000065a8        0xa
 .text.OnHostFrame
                0x00000000000065a8        0xa ..\..\..\MEGA\mega.X\dist\Atmega128A\production\mega.X.a(csma_cd.o)
                0x00000000000065a8                OnHostFrame

.text.OnClientFrame
                0x00000000000065b2        0xa
 .text.OnClientFrame
                0x00000000000065b2        0xa ..\..\..\MEGA\mega.X\dist\Atmega128A\production\mega.X.a(csma_cd.o)
                0x00000000000065b2                OnClientFrame

.text.twiInitFram
                0x00000000000065bc        0xa
 .text.twiInitFram
                0x00000000000065bc        0xa ..\..\..\MEGA\mega.X\dist\Atmega128A\production\mega.X.a(twi.o)
                0x00000000000065bc                twiInitFram

.text.appMenuReadEvents
                0x00000000000065c6        0x8
 .text.appMenuReadEvents
                0x00000000000065c6        0x8 build/default/debug/src/appMenu.o
                0x00000000000065c6                appMenuReadEvents

.text.appTimeDateInit
                0x00000000000065ce        0x8
 .text.appTimeDateInit
                0x00000000000065ce        0x8 build/default/debug/src/appMenueTime.o
                0x00000000000065ce                appTimeDateInit

.text.uStringToNumber
                0x00000000000065d6        0x8
 .text.uStringToNumber
                0x00000000000065d6        0x8 ..\..\..\MEGA\mega.X\dist\Atmega128A\production\mega.X.a(utility.o)
                0x00000000000065d6                uStringToNumber

.text.Send_stop
                0x00000000000065de        0x8
 .text.Send_stop