Archive member included to satisfy reference by file (symbol)

..\..\..\MEGA\mega.X\dist\Atmega128A\production\mega.X.a(sys.o)
                              build/default/production/src/appComm.o (getSystemTick)
..\..\..\MEGA\mega.X\dist\Atmega128A\production\mega.X.a(lcd.o)
                              build/default/production/src/appEvents.o (lcdBlink)
..\..\..\MEGA\mega.X\dist\Atmega128A\production\mega.X.a(buffers.o)
                              build/default/production/src/appComm.o (byteBufferInit)
..\..\..\MEGA\mega.X\dist\Atmega128A\production\mega.X.a(keypad.o)
                              build/default/production/src/app.o (keypadGetEvent)
..\..\..\MEGA\mega.X\dist\Atmega128A\production\mega.X.a(rtc.o)
                              ..\..\..\MEGA\mega.X\dist\Atmega128A\production\mega.X.a(sys.o) (rtcSync)
..\..\..\MEGA\mega.X\dist\Atmega128A\production\mega.X.a(menu.o)
                              build/default/production/src/appMenu.o (NullItem)
..\..\..\MEGA\mega.X\dist\Atmega128A\production\mega.X.a(buz.o)
                              build/default/production/src/app.o (buzGenerateSignalTime)
..\..\..\MEGA\mega.X\dist\Atmega128A\production\mega.X.a(exEEPROM.o)
                              build/default/production/src/appDataMangments.o (exEEPROMSave)
..\..\..\MEGA\mega.X\dist\Atmega128A\production\mega.X.a(csma_cd.o)
                              build/default/production/src/appComm.o (StartTransmission)
..\..\..\MEGA\mega.X\dist\Atmega128A\production\mega.X.a(utility.o)
                              ..\..\..\MEGA\mega.X\dist\Atmega128A\production\mega.X.a(rtc.o) (appShfitBuffer)
..\..\..\MEGA\mega.X\dist\Atmega128A\production\mega.X.a(twi.o)
                              ..\..\..\MEGA\mega.X\dist\Atmega128A\production\mega.X.a(exEEPROM.o) (Send_stop)
..\..\..\MEGA\mega.X\dist\Atmega128A\production\mega.X.a(mega.o)
                              C:/Program Files/Microchip/MPLABX/v6.00/packs/Microchip/ATmega_DFP/2.4.131/xc8/avr/lib/avr51/memx-const/crtatmega128a.o (main)
c:/program files/microchip/xc8/v2.32/avr/bin/../lib/gcc/avr/5.4.0/../../../../avr/lib/avr51/memx-const\libm.a(divsf3.o)
                              build/default/production/src/appMenu.o (__divsf3)
c:/program files/microchip/xc8/v2.32/avr/bin/../lib/gcc/avr/5.4.0/../../../../avr/lib/avr51/memx-const\libm.a(divsf3x.o)
                              c:/program files/microchip/xc8/v2.32/avr/bin/../lib/gcc/avr/5.4.0/../../../../avr/lib/avr51/memx-const\libm.a(divsf3.o) (__divsf3x)
c:/program files/microchip/xc8/v2.32/avr/bin/../lib/gcc/avr/5.4.0/../../../../avr/lib/avr51/memx-const\libm.a(fixunssfsi.o)
                              build/default/production/src/appMenu.o (__fixunssfsi)
c:/program files/microchip/xc8/v2.32/avr/bin/../lib/gcc/avr/5.4.0/../../../../avr/lib/avr51/memx-const\libm.a(floatsisf.o)
                              build/default/production/src/appMenu.o (__floatsisf)
c:/program files/microchip/xc8/v2.32/avr/bin/../lib/gcc/avr/5.4.0/../../../../avr/lib/avr51/memx-const\libm.a(fp_inf.o)
                              c:/program files/microchip/xc8/v2.32/avr/bin/../lib/gcc/avr/5.4.0/../../../../avr/lib/avr51/memx-const\libm.a(divsf3x.o) (__fp_inf)
c:/program files/microchip/xc8/v2.32/avr/bin/../lib/gcc/avr/5.4.0/../../../../avr/lib/avr51/memx-const\libm.a(fp_nan.o)
                              c:/program files/microchip/xc8/v2.32/avr/bin/../lib/gcc/avr/5.4.0/../../../../avr/lib/avr51/memx-const\libm.a(divsf3x.o) (__fp_nan)
c:/program files/microchip/xc8/v2.32/avr/bin/../lib/gcc/avr/5.4.0/../../../../avr/lib/avr51/memx-const\libm.a(fp_pscA.o)
                              c:/program files/microchip/xc8/v2.32/avr/bin/../lib/gcc/avr/5.4.0/../../../../avr/lib/avr51/memx-const\libm.a(divsf3x.o) (__fp_pscA)
c:/program files/microchip/xc8/v2.32/avr/bin/../lib/gcc/avr/5.4.0/../../../../avr/lib/avr51/memx-const\libm.a(fp_pscB.o)
                              c:/program files/microchip/xc8/v2.32/avr/bin/../lib/gcc/avr/5.4.0/../../../../avr/lib/avr51/memx-const\libm.a(divsf3x.o) (__fp_pscB)
c:/program files/microchip/xc8/v2.32/avr/bin/../lib/gcc/avr/5.4.0/../../../../avr/lib/avr51/memx-const\libm.a(fp_round.o)
                              c:/program files/microchip/xc8/v2.32/avr/bin/../lib/gcc/avr/5.4.0/../../../../avr/lib/avr51/memx-const\libm.a(divsf3.o) (__fp_round)
c:/program files/microchip/xc8/v2.32/avr/bin/../lib/gcc/avr/5.4.0/../../../../avr/lib/avr51/memx-const\libm.a(fp_split3.o)
                              c:/program files/microchip/xc8/v2.32/avr/bin/../lib/gcc/avr/5.4.0/../../../../avr/lib/avr51/memx-const\libm.a(divsf3x.o) (__fp_split3)
c:/program files/microchip/xc8/v2.32/avr/bin/../lib/gcc/avr/5.4.0/../../../../avr/lib/avr51/memx-const\libm.a(fp_zero.o)
                              c:/program files/microchip/xc8/v2.32/avr/bin/../lib/gcc/avr/5.4.0/../../../../avr/lib/avr51/memx-const\libm.a(fixunssfsi.o) (__fp_zero)
[...]
Memory Configuration

Name             Origin             Length             Attributes
text             0x0000000000000000 0x0000000000020000 xr
data             0x0000000000800100 0x0000000000001000 rw !x
eeprom           0x0000000000810000 0x0000000000001000 rw !x
fuse             0x0000000000820000 0x0000000000000003 rw !x
lock             0x0000000000830000 0x0000000000000400 rw !x
signature        0x0000000000840000 0x0000000000000400 rw !x
user_signatures  0x0000000000850000 0x0000000000000400 rw !x
*default*        0x0000000000000000 0xffffffffffffffff

Linker script and memory map

Address of section .data set to 0x800100
LOAD C:/Program Files/Microchip/MPLABX/v6.00/packs/Microchip/ATmega_DFP/2.4.131/xc8/avr/lib/avr51/memx-const/crtatmega128a.o
                0x0000000000000001                __MPLAB_BUILD = 0x1
LOAD build/default/production/src/appComm.o
LOAD build/default/production/src/appEvents.o
LOAD build/default/production/src/app.o
LOAD build/default/production/src/appDataMangments.o
LOAD build/default/production/src/appMenu.o
LOAD build/default/production/src/appMenueTime.o
LOAD ..\..\..\MEGA\mega.X\dist\Atmega128A\production\mega.X.a
START GROUP
LOAD c:/program files/microchip/xc8/v2.32/avr/bin/../lib/gcc/avr/5.4.0/../../../../avr/lib/avr51/memx-const\libm.a
END GROUP
START GROUP
LOAD c:/program files/microchip/xc8/v2.32/avr/bin/../lib/gcc/avr/5.4.0/avr51/memx-const\libgcc.a
LOAD c:/program files/microchip/xc8/v2.32/avr/bin/../lib/gcc/avr/5.4.0/../../../../avr/lib/avr51/memx-const\libm.a
LOAD c:/program files/microchip/xc8/v2.32/avr/bin/../lib/gcc/avr/5.4.0/../../../../avr/lib/avr51/memx-const\libc.a
LOAD C:/Program Files/Microchip/MPLABX/v6.00/packs/Microchip/ATmega_DFP/2.4.131/xc8/avr/lib/avr51/memx-const\libatmega128a.a
END GROUP
                [0x0000000000000000]                __TEXT_REGION_ORIGIN__ = DEFINED (__TEXT_REGION_ORIGIN__)?__TEXT_REGION_ORIGIN__:0x0
                [0x0000000000800100]                __DATA_REGION_ORIGIN__ = DEFINED (__DATA_REGION_ORIGIN__)?__DATA_REGION_ORIGIN__:0x800100
                [0x0000000000020000]                __TEXT_REGION_LENGTH__ = DEFINED (__TEXT_REGION_LENGTH__)?__TEXT_REGION_LENGTH__:0x20000
                [0x0000000000001000]                __DATA_REGION_LENGTH__ = DEFINED (__DATA_REGION_LENGTH__)?__DATA_REGION_LENGTH__:0xff00
                [0x0000000000001000]                __EEPROM_REGION_LENGTH__ = DEFINED (__EEPROM_REGION_LENGTH__)?__EEPROM_REGION_LENGTH__:0x10000
                [0x0000000000000003]                __FUSE_REGION_LENGTH__ = DEFINED (__FUSE_REGION_LENGTH__)?__FUSE_REGION_LENGTH__:0x400
                0x0000000000000400                __LOCK_REGION_LENGTH__ = DEFINED (__LOCK_REGION_LENGTH__)?__LOCK_REGION_LENGTH__:0x400
                0x0000000000000400                __SIGNATURE_REGION_LENGTH__ = DEFINED (__SIGNATURE_REGION_LENGTH__)?__SIGNATURE_REGION_LENGTH__:0x400
                0x0000000000000400                __USER_SIGNATURE_REGION_LENGTH__ = DEFINED (__USER_SIGNATURE_REGION_LENGTH__)?__USER_SIGNATURE_REGION_LENGTH__:0x400

.hash
 *(.hash)

.dynsym
 *(.dynsym)

.dynstr
 *(.dynstr)

.gnu.version
 *(.gnu.version)

.gnu.version_d
 *(.gnu.version_d)

.gnu.version_r
 *(.gnu.version_r)

.rel.init
 *(.rel.init)

.rela.init
 *(.rela.init)

.rel.text
 *(.rel.text)
 *(.rel.text.*)
 *(.rel.gnu.linkonce.t*)

.rela.text
 *(.rela.text)
 *(.rela.text.*)
 *(.rela.gnu.linkonce.t*)

.rel.fini
 *(.rel.fini)

.rela.fini
 *(.rela.fini)

.rel.rodata
 *(.rel.rodata)
 *(.rel.rodata.*)
 *(.rel.gnu.linkonce.r*)

.rela.rodata
 *(.rela.rodata)
 *(.rela.rodata.*)
 *(.rela.gnu.linkonce.r*)

.rel.data
 *(.rel.data)
 *(.rel.data.*)
 *(.rel.gnu.linkonce.d*)

.rela.data
 *(.rela.data)
 *(.rela.data.*)
 *(.rela.gnu.linkonce.d*)

.rel.ctors
 *(.rel.ctors)

.rela.ctors
 *(.rela.ctors)

.rel.dtors
 *(.rel.dtors)

.rela.dtors
 *(.rela.dtors)

.rel.got
 *(.rel.got)

.rela.got
 *(.rela.got)

.rel.bss
 *(.rel.bss)

.rela.bss
 *(.rela.bss)

.rel.plt
 *(.rel.plt)

.rela.plt
 *(.rela.plt)

.text           0x0000000000000000      0x114
 *(.vectors)
 .vectors       0x0000000000000000       0x8c C:/Program Files/Microchip/MPLABX/v6.00/packs/Microchip/ATmega_DFP/2.4.131/xc8/avr/lib/avr51/memx-const/crtatmega128a.o
                0x0000000000000000                __vector_default
                0x0000000000000000                __vectors
 *(.vectors)
 *(.progmem.gcc*)
 .progmem.gcc_sw_table.appCurrentTimeShow
                0x000000000000008c        0xe build/default/production/src/app.o
 .progmem.gcc_sw_table.appMemCreatePoint
                0x000000000000009a        0xe build/default/production/src/appDataMangments.o
 .progmem.gcc_sw_table.appMenuDate
                0x00000000000000a8        0xe build/default/production/src/appMenueTime.o
 *(.dinit)
 .dinit         0x00000000000000b6        0x5 data_init
                0x00000000000000bc                . = ALIGN (0x2)
 *fill*         0x00000000000000bb        0x1 
                0x00000000000000bc                __trampolines_start = .
 *(.trampolines)
 .trampolines   0x00000000000000bc        0x0 linker stubs
 *(.trampolines*)
                0x00000000000000bc                __trampolines_end = .
 *libprintf_flt.a:*(.progmem.data)
 *libc.a:*(.progmem.data)
                0x00000000000000bc                . = ALIGN (0x2)
 *(.jumptables)
 *(.jumptables*)
 *(.lowtext)
 *(.lowtext*)
                0x00000000000000bc                __ctors_start = .
 *(.ctors)
                0x00000000000000bc                __ctors_end = .
                0x00000000000000bc                __dtors_start = .
 *(.dtors)
                0x00000000000000bc                __dtors_end = .
 SORT(*)(.ctors)
 SORT(*)(.dtors)
 *(.init0)
 .init0         0x00000000000000bc        0x0 C:/Program Files/Microchip/MPLABX/v6.00/packs/Microchip/ATmega_DFP/2.4.131/xc8/avr/lib/avr51/memx-const/crtatmega128a.o
                0x00000000000000bc                __init
 *(.init0)
 *(.init1)
 *(.init1)
 *(.init2)
 .init2         0x00000000000000bc        0xc C:/Program Files/Microchip/MPLABX/v6.00/packs/Microchip/ATmega_DFP/2.4.131/xc8/avr/lib/avr51/memx-const/crtatmega128a.o
 *(.init2)
 *(.init3)
 *(.init3)
 *(.init4)
 .init4         0x00000000000000c8       0x40 c:/program files/microchip/xc8/v2.32/avr/bin/../lib/gcc/avr/5.4.0/avr51/memx-const\libgcc.a(_copy_data.o)
                0x00000000000000c8                __do_copy_data
                0x00000000000000fa                __do_clear_bss
 *(.init4)
 *(.init5)
 *(.init5)
 *(.init6)
 *(.init6)
 *(.init7)
 *(.init7)
 *(.init8)
 *(.init8)
 *(.init9)
 .init9         0x0000000000000108        0x8 C:/Program Files/Microchip/MPLABX/v6.00/packs/Microchip/ATmega_DFP/2.4.131/xc8/avr/lib/avr51/memx-const/crtatmega128a.o
 *(.init9)
                0x0000000000000110                . = ALIGN (0x2)
 *(.fini9)
 .fini9         0x0000000000000110        0x0 c:/program files/microchip/xc8/v2.32/avr/bin/../lib/gcc/avr/5.4.0/avr51/memx-const\libgcc.a(_exit.o)
                0x0000000000000110                _exit
                0x0000000000000110                exit
 *(.fini9)
 *(.fini8)
 *(.fini8)
 *(.fini7)
 *(.fini7)
 *(.fini6)
 *(.fini6)
 *(.fini5)
 *(.fini5)
 *(.fini4)
 *(.fini4)
 *(.fini3)
 *(.fini3)
 *(.fini2)
 *(.fini2)
 *(.fini1)
 *(.fini1)
 *(.fini0)
 .fini0         0x0000000000000110        0x4 c:/program files/microchip/xc8/v2.32/avr/bin/../lib/gcc/avr/5.4.0/avr51/memx-const\libgcc.a(_exit.o)
 *(.fini0)
                0x0000000000000114                _etext = .

.data           0x0000000000800100        0x0 load address 0x0000000000000114
                [!provide]                        PROVIDE (__data_start, .)
 *(.gnu.linkonce.d*)
 *(.gnu.linkonce.r*)
                0x0000000000800100                . = ALIGN (0x2)
                0x0000000000800100                _edata = .
                [!provide]                        PROVIDE (__data_end, .)

.bss            0x0000000000800100      0x1fe
                [!provide]                        PROVIDE (__bss_start, .)
 *(COMMON)
 COMMON         0x0000000000800100       0x20 build/default/production/src/appComm.o
                0x0000000000800100                gu8appComBuzState
                0x0000000000800101                gu8appRequest
                0x000000000080010b                gu8FramIndex
                0x000000000080010c                gsResponseTimeOut
                0x0000000000800114                gu8appCommRequestAddress
                0x0000000000800115                gu8appCommRequestState
                0x0000000000800116                gu8appCommDataIndex
                0x0000000000800117                gu8appCommFlags2
                0x0000000000800118                gstRequest
                0x000000000080011e                gu8appCommPingDataIndex
                0x000000000080011f                gu8appCommFlags
 COMMON         0x0000000000800120        0x3 build/default/production/src/appEvents.o
                0x0000000000800120                gu8memStartIndex
                0x0000000000800121                gu8Step
                0x0000000000800122                gu8EventNumber
 COMMON         0x0000000000800123        0x6 build/default/production/src/app.o
                0x0000000000800123                gu8appMasterState
                0x0000000000800124                gu8ShowID
                0x0000000000800127                gu8ShowDataIndex
                0x0000000000800128                gu8DataShowState
 COMMON         0x0000000000800129      0x123 build/default/production/src/appDataMangments.o
                0x0000000000800129                gu8appZone
                0x0000000000800139                gu8appErrorCode
                0x000000000080013a                gu8PointsData
                0x000000000080023a                gu8appMemIndex
                0x000000000080023b                gu8callPoint
                0x0000000000800244                gstExeeprom
                0x000000000080024a                gu8appLastConfig
                0x000000000080024b                gu8appMemZoneDevice
 COMMON         0x000000000080024c        0x2 build/default/production/src/appMenu.o
                0x000000000080024c                gu8MnueFlags
                0x000000000080024d                gu8appMenueState
 COMMON         0x000000000080024e        0x1 build/default/production/src/appMenueTime.o
                0x000000000080024e                gu8YearIndex
 COMMON         0x000000000080024f        0x6 ..\..\..\MEGA\mega.X\dist\Atmega128A\production\mega.X.a(sys.o)
                0x000000000080024f                gTaskTick
                0x0000000000800250                gSystemTick
                0x0000000000800254                gu8ErrorCode
 COMMON         0x0000000000800255       0x24 ..\..\..\MEGA\mega.X\dist\Atmega128A\production\mega.X.a(lcd.o)
                0x0000000000800255                gu8LCDPosition
                0x0000000000800256                gu8LcdOPtion
                0x0000000000800257                gu8LcdBufferIndex
                0x0000000000800258                gu8LCDBuffer
                0x0000000000800278                gu8lcdState
 COMMON         0x0000000000800279       0x20 ..\..\..\MEGA\mega.X\dist\Atmega128A\production\mega.X.a(keypad.o)
                0x0000000000800279                gu8Keypad01RepeatCounter
                0x000000000080027a                gu8KEYPAD01Counters
                0x000000000080028a                gstKeypadDescriptor
                0x0000000000800290                gu8Keypad01LastKey
                0x0000000000800291                gu8KeypadBufferEvents
 COMMON         0x0000000000800299       0x17 ..\..\..\MEGA\mega.X\dist\Atmega128A\production\mega.X.a(rtc.o)
                0x0000000000800299                gu8sentSec
                0x000000000080029a                gu32RTC
                0x000000000080029e                gu8rtcBuffer
                0x00000000008002a6                gu8TanthSec
                0x00000000008002a7                gu8rtcStates
                0x00000000008002a8                gstRtcTWI
 COMMON         0x00000000008002b0        0x4 ..\..\..\MEGA\mega.X\dist\Atmega128A\production\mega.X.a(menu.o)
                0x00000000008002b0                gu8OPenMenueFlag
                0x00000000008002b1                gpCurrentMenuItem
 COMMON         0x00000000008002b4        0xd ..\..\..\MEGA\mega.X\dist\Atmega128A\production\mega.X.a(buz.o)
                0x00000000008002b4                offTime
                0x00000000008002b8                gu8BuzState
                0x00000000008002b9                gsbuzTime
 COMMON         0x00000000008002c1        0x4 ..\..\..\MEGA\mega.X\dist\Atmega128A\production\mega.X.a(exEEPROM.o)
                0x00000000008002c1                gu8PageReminder
                0x00000000008002c2                gu8exEEpromIndex
                0x00000000008002c3                gu8eepromTwiState
                0x00000000008002c4                gu8eepromsate
 COMMON         0x00000000008002c5       0x36 ..\..\..\MEGA\mega.X\dist\Atmega128A\production\mega.X.a(csma_cd.o)
                0x00000000008002c5                gu8Data
                0x00000000008002c6                gu8collisionCounter
                0x00000000008002c7                gsTransmissionFrame
                0x00000000008002d1                gu8SendByteCount
                0x00000000008002d2                gu8ReceiveBuf
                0x00000000008002dd                gu8csmaStatus
                0x00000000008002de                gpFcomHostCallback
                0x00000000008002e0                gu16timeValue
                0x00000000008002e2                gu8SendBuf
                0x00000000008002ed                gu8Address
                0x00000000008002ee                gpFcomClientCallback
                0x00000000008002f0                gu8ReceiveByteCount
                0x00000000008002f1                gsReceiveFrame
 COMMON         0x00000000008002fb        0x1 ..\..\..\MEGA\mega.X\dist\Atmega128A\production\mega.X.a(twi.o)
                0x00000000008002fb                gu8TW_READY
 COMMON         0x00000000008002fc        0x2 c:/program files/microchip/xc8/v2.32/avr/bin/../lib/gcc/avr/5.4.0/../../../../avr/lib/avr51/memx-const\libc.a(errno.o)
                0x00000000008002fc                errno
                [!provide]                        PROVIDE (__bss_end, .)
                0x0000000000000114                __data_load_start = LOADADDR (.data)
                0x0000000000000114                __data_load_end = (__data_load_start + SIZEOF (.data))

.noinit         0x00000000008002fe        0x0
                [!provide]                        PROVIDE (__noinit_start, .)
 *(.noinit*)
                [!provide]                        PROVIDE (__noinit_end, .)
                0x00000000008002fe                _end = .

.eeprom         0x0000000000810000        0x0
 *(.eeprom*)
                0x0000000000810000                __eeprom_end = .

.fuse
 *(.fuse)
 *(.lfuse)
 *(.hfuse)
 *(.efuse)

.lock
 *(.lock*)

.signature
 *(.signature*)

.user_signatures
 *(.user_signatures*)

.stab
 *(.stab)

.stabstr
 *(.stabstr)

.stab.excl
 *(.stab.excl)

.stab.exclstr
 *(.stab.exclstr)

.stab.index
 *(.stab.index)

.stab.indexstr
 *(.stab.indexstr)

.comment        0x0000000000000000       0x5b
 *(.comment)
 .comment       0x0000000000000000       0x2f build/default/production/src/appComm.o
                                         0x30 (size before relaxing)
 .comment       0x000000000000002f       0x30 build/default/production/src/appEvents.o
 .comment       0x000000000000002f       0x30 build/default/production/src/app.o
 .comment       0x000000000000002f       0x30 build/default/production/src/appDataMangments.o
 .comment       0x000000000000002f       0x30 build/default/production/src/appMenu.o
 .comment       0x000000000000002f       0x30 build/default/production/src/appMenueTime.o
 .comment       0x000000000000002f       0x30 ..\..\..\MEGA\mega.X\dist\Atmega128A\production\mega.X.a(sys.o)
 .comment       0x000000000000002f       0x30 ..\..\..\MEGA\mega.X\dist\Atmega128A\production\mega.X.a(lcd.o)
 .comment       0x000000000000002f       0x30 ..\..\..\MEGA\mega.X\dist\Atmega128A\production\mega.X.a(buffers.o)
 .comment       0x000000000000002f       0x30 ..\..\..\MEGA\mega.X\dist\Atmega128A\production\mega.X.a(keypad.o)
 .comment       0x000000000000002f       0x30 ..\..\..\MEGA\mega.X\dist\Atmega128A\production\mega.X.a(rtc.o)
 .comment       0x000000000000002f       0x30 ..\..\..\MEGA\mega.X\dist\Atmega128A\production\mega.X.a(menu.o)
 .comment       0x000000000000002f       0x30 ..\..\..\MEGA\mega.X\dist\Atmega128A\production\mega.X.a(buz.o)
 .comment       0x000000000000002f       0x30 ..\..\..\MEGA\mega.X\dist\Atmega128A\production\mega.X.a(exEEPROM.o)
 .comment       0x000000000000002f       0x30 ..\..\..\MEGA\mega.X\dist\Atmega128A\production\mega.X.a(csma_cd.o)
 .comment       0x000000000000002f       0x30 ..\..\..\MEGA\mega.X\dist\Atmega128A\production\mega.X.a(utility.o)
 .comment       0x000000000000002f       0x30 ..\..\..\MEGA\mega.X\dist\Atmega128A\production\mega.X.a(twi.o)
 .comment       0x000000000000002f       0x30 ..\..\..\MEGA\mega.X\dist\Atmega128A\production\mega.X.a(mega.o)
 .comment       0x000000000000002f       0x2c c:/program files/microchip/xc8/v2.32/avr/bin/../lib/gcc/avr/5.4.0/../../../../avr/lib/avr51/memx-const\libc.a(atoi_M.o)
                                         0x2d (size before relaxing)
 .comment       0x000000000000005b       0x2d c:/program files/microchip/xc8/v2.32/avr/bin/../lib/gcc/avr/5.4.0/../../../../avr/lib/avr51/memx-const\libc.a(atol_M.o)
 .comment       0x000000000000005b       0x2d c:/program files/microchip/xc8/v2.32/avr/bin/../lib/gcc/avr/5.4.0/../../../../avr/lib/avr51/memx-const\libc.a(strtol.o)
 .comment       0x000000000000005b       0x2d c:/program files/microchip/xc8/v2.32/avr/bin/../lib/gcc/avr/5.4.0/../../../../avr/lib/avr51/memx-const\libc.a(strtok.o)
 .comment       0x000000000000005b       0x2d c:/program files/microchip/xc8/v2.32/avr/bin/../lib/gcc/avr/5.4.0/../../../../avr/lib/avr51/memx-const\libc.a(strcmp_M.o)
 .comment       0x000000000000005b       0x2d c:/program files/microchip/xc8/v2.32/avr/bin/../lib/gcc/avr/5.4.0/../../../../avr/lib/avr51/memx-const\libc.a(strlen_M.o)
 .comment       0x000000000000005b       0x2d c:/program files/microchip/xc8/v2.32/avr/bin/../lib/gcc/avr/5.4.0/../../../../avr/lib/avr51/memx-const\libc.a(strncpy_M.o)
 .comment       0x000000000000005b       0x2d c:/program files/microchip/xc8/v2.32/avr/bin/../lib/gcc/avr/5.4.0/../../../../avr/lib/avr51/memx-const\libc.a(strtok_r_M.o)
 .comment       0x000000000000005b       0x2d c:/program files/microchip/xc8/v2.32/avr/bin/../lib/gcc/avr/5.4.0/../../../../avr/lib/avr51/memx-const\libc.a(sprintf.o)
 .comment       0x000000000000005b       0x2d c:/program files/microchip/xc8/v2.32/avr/bin/../lib/gcc/avr/5.4.0/../../../../avr/lib/avr51/memx-const\libc.a(vfprintf_std.o)
 .comment       0x000000000000005b       0x2d c:/program files/microchip/xc8/v2.32/avr/bin/../lib/gcc/avr/5.4.0/../../../../avr/lib/avr51/memx-const\libc.a(errno.o)
 .comment       0x000000000000005b       0x2d c:/program files/microchip/xc8/v2.32/avr/bin/../lib/gcc/avr/5.4.0/../../../../avr/lib/avr51/memx-const\libc.a(strnlen_M.o)
 .comment       0x000000000000005b       0x2d c:/program files/microchip/xc8/v2.32/avr/bin/../lib/gcc/avr/5.4.0/../../../../avr/lib/avr51/memx-const\libc.a(fputc.o)

.stack.descriptors.hdr
                0x0000000000000000      0x214
 .stack.descriptors.hdr
                0x0000000000000000        0xe c:/program files/microchip/xc8/v2.32/avr/bin/../lib/gcc/avr/5.4.0/../../../../avr/lib/avr51/memx-const\libm.a(divsf3.o)
 .stack.descriptors.hdr
                0x000000000000000e        0xe c:/program files/microchip/xc8/v2.32/avr/bin/../lib/gcc/avr/5.4.0/../../../../avr/lib/avr51/memx-const\libm.a(divsf3x.o)
 .stack.descriptors.hdr
                0x000000000000001c        0xe c:/program files/microchip/xc8/v2.32/avr/bin/../lib/gcc/avr/5.4.0/../../../../avr/lib/avr51/memx-const\libm.a(fixunssfsi.o)
 .stack.descriptors.hdr
                0x000000000000002a        0xe c:/program files/microchip/xc8/v2.32/avr/bin/../lib/gcc/avr/5.4.0/../../../../avr/lib/avr51/memx-const\libm.a(floatsisf.o)
 .stack.descriptors.hdr
                0x0000000000000038        0xe c:/program files/microchip/xc8/v2.32/avr/bin/../lib/gcc/avr/5.4.0/../../../../avr/lib/avr51/memx-const\libm.a(fp_inf.o)
 .stack.descriptors.hdr
                0x0000000000000046        0xe c:/program files/microchip/xc8/v2.32/avr/bin/../lib/gcc/avr/5.4.0/../../../../avr/lib/avr51/memx-const\libm.a(fp_nan.o)
 .stack.descriptors.hdr
                0x0000000000000054        0xe c:/program files/microchip/xc8/v2.32/avr/bin/../lib/gcc/avr/5.4.0/../../../../avr/lib/avr51/memx-const\libm.a(fp_pscA.o)
 .stack.descriptors.hdr
                0x0000000000000062        0xe c:/program files/microchip/xc8/v2.32/avr/bin/../lib/gcc/avr/5.4.0/../../../../avr/lib/avr51/memx-const\libm.a(fp_pscB.o)
 .stack.descriptors.hdr
                0x0000000000000070        0xe c:/program files/microchip/xc8/v2.32/avr/bin/../lib/gcc/avr/5.4.0/../../../../avr/lib/avr51/memx-const\libm.a(fp_round.o)
 .stack.descriptors.hdr
                0x000000000000007e        0xe c:/program files/microchip/xc8/v2.32/avr/bin/../lib/gcc/avr/5.4.0/../../../../avr/lib/avr51/memx-const\libm.a(fp_split3.o)
 .stack.descriptors.hdr
                0x000000000000008c        0xe c:/program files/microchip/xc8/v2.32/avr/bin/../lib/gcc/avr/5.4.0/../../../../avr/lib/avr51/memx-const\libm.a(fp_zero.o)
 .stack.descriptors.hdr
                0x000000000000009a        0xe c:/program files/microchip/xc8/v2.32/avr/bin/../lib/gcc/avr/5.4.0/avr51/memx-const\libgcc.a(_mulsi3.o)
 .stack.descriptors.hdr
                0x00000000000000a8        0xe c:/program files/microchip/xc8/v2.32/avr/bin/../lib/gcc/avr/5.4.0/avr51/memx-const\libgcc.a(_divmodhi4.o)
 .stack.descriptors.hdr
                0x00000000000000b6        0xe c:/program files/microchip/xc8/v2.32/avr/bin/../lib/gcc/avr/5.4.0/avr51/memx-const\libgcc.a(_udivmodsi4.o)
 .stack.descriptors.hdr
                0x00000000000000c4        0xe c:/program files/microchip/xc8/v2.32/avr/bin/../lib/gcc/avr/5.4.0/avr51/memx-const\libgcc.a(_exit.o)
 .stack.descriptors.hdr
                0x00000000000000d2        0xe c:/program files/microchip/xc8/v2.32/avr/bin/../lib/gcc/avr/5.4.0/avr51/memx-const\libgcc.a(_tablejump2.o)
 .stack.descriptors.hdr
                0x00000000000000e0        0xe c:/program files/microchip/xc8/v2.32/avr/bin/../lib/gcc/avr/5.4.0/avr51/memx-const\libgcc.a(_umulhisi3.o)
 .stack.descriptors.hdr
                0x00000000000000ee        0xe c:/program files/microchip/xc8/v2.32/avr/bin/../lib/gcc/avr/5.4.0/avr51/memx-const\libgcc.a(_muluhisi3.o)
 .stack.descriptors.hdr
                0x00000000000000fc        0xe c:/program files/microchip/xc8/v2.32/avr/bin/../lib/gcc/avr/5.4.0/avr51/memx-const\libgcc.a(_xload_1.o)
 .stack.descriptors.hdr
                0x000000000000010a        0xe c:/program files/microchip/xc8/v2.32/avr/bin/../lib/gcc/avr/5.4.0/avr51/memx-const\libgcc.a(_xload_2.o)
 .stack.descriptors.hdr
                0x0000000000000118        0xe c:/program files/microchip/xc8/v2.32/avr/bin/../lib/gcc/avr/5.4.0/avr51/memx-const\libgcc.a(_xload_3.o)
 .stack.descriptors.hdr
                0x0000000000000126        0xe c:/program files/microchip/xc8/v2.32/avr/bin/../lib/gcc/avr/5.4.0/avr51/memx-const\libgcc.a(_udivmodhi4.o)
 .stack.descriptors.hdr
                0x0000000000000134        0xe c:/program files/microchip/xc8/v2.32/avr/bin/../lib/gcc/avr/5.4.0/../../../../avr/lib/avr51/memx-const\libc.a(atoi_M.o)
 .stack.descriptors.hdr
                0x0000000000000142        0xe c:/program files/microchip/xc8/v2.32/avr/bin/../lib/gcc/avr/5.4.0/../../../../avr/lib/avr51/memx-const\libc.a(atol_M.o)
 .stack.descriptors.hdr
                0x0000000000000150        0xe c:/program files/microchip/xc8/v2.32/avr/bin/../lib/gcc/avr/5.4.0/../../../../avr/lib/avr51/memx-const\libc.a(strtol.o)
 .stack.descriptors.hdr
                0x000000000000015e        0xe c:/program files/microchip/xc8/v2.32/avr/bin/../lib/gcc/avr/5.4.0/../../../../avr/lib/avr51/memx-const\libc.a(isspace.o)
 .stack.descriptors.hdr
                0x000000000000016c        0xe c:/program files/microchip/xc8/v2.32/avr/bin/../lib/gcc/avr/5.4.0/../../../../avr/lib/avr51/memx-const\libc.a(strtok.o)
 .stack.descriptors.hdr
                0x000000000000017a        0xe c:/program files/microchip/xc8/v2.32/avr/bin/../lib/gcc/avr/5.4.0/../../../../avr/lib/avr51/memx-const\libc.a(strcmp_M.o)
 .stack.descriptors.hdr
                0x0000000000000188        0xe c:/program files/microchip/xc8/v2.32/avr/bin/../lib/gcc/avr/5.4.0/../../../../avr/lib/avr51/memx-const\libc.a(strlen_M.o)
 .stack.descriptors.hdr
                0x0000000000000196        0xe c:/program files/microchip/xc8/v2.32/avr/bin/../lib/gcc/avr/5.4.0/../../../../avr/lib/avr51/memx-const\libc.a(strncpy_M.o)
 .stack.descriptors.hdr
                0x00000000000001a4        0xe c:/program files/microchip/xc8/v2.32/avr/bin/../lib/gcc/avr/5.4.0/../../../../avr/lib/avr51/memx-const\libc.a(strtok_r_M.o)
 .stack.descriptors.hdr
                0x00000000000001b2        0xe c:/program files/microchip/xc8/v2.32/avr/bin/../lib/gcc/avr/5.4.0/../../../../avr/lib/avr51/memx-const\libc.a(sprintf.o)
 .stack.descriptors.hdr
                0x00000000000001c0        0xe c:/program files/microchip/xc8/v2.32/avr/bin/../lib/gcc/avr/5.4.0/../../../../avr/lib/avr51/memx-const\libc.a(vfprintf_std.o)
 .stack.descriptors.hdr
                0x00000000000001ce        0xe c:/program files/microchip/xc8/v2.32/avr/bin/../lib/gcc/avr/5.4.0/../../../../avr/lib/avr51/memx-const\libc.a(errno.o)
 .stack.descriptors.hdr
                0x00000000000001dc        0xe c:/program files/microchip/xc8/v2.32/avr/bin/../lib/gcc/avr/5.4.0/../../../../avr/lib/avr51/memx-const\libc.a(cty_isfalse.o)
 .stack.descriptors.hdr
                0x00000000000001ea        0xe c:/program files/microchip/xc8/v2.32/avr/bin/../lib/gcc/avr/5.4.0/../../../../avr/lib/avr51/memx-const\libc.a(strnlen_M.o)
 .stack.descriptors.hdr
                0x00000000000001f8        0xe c:/program files/microchip/xc8/v2.32/avr/bin/../lib/gcc/avr/5.4.0/../../../../avr/lib/avr51/memx-const\libc.a(fputc.o)
 .stack.descriptors.hdr
                0x0000000000000206        0xe c:/program files/microchip/xc8/v2.32/avr/bin/../lib/gcc/avr/5.4.0/../../../../avr/lib/avr51/memx-const\libc.a(ultoa_invert.o)

.note.gnu.build-id
 *(.note.gnu.build-id)

.debug
 *(.debug)

.line
 *(.line)

.debug_srcinfo
 *(.debug_srcinfo)

.debug_sfnames
 *(.debug_sfnames)

.debug_aranges  0x0000000000000000      0x7f0
 *(.debug_aranges)
 .debug_aranges
                0x0000000000000000       0x98 build/default/production/src/appComm.o
 .debug_aranges
                0x0000000000000098       0x70 build/default/production/src/appEvents.o
 .debug_aranges
                0x0000000000000108       0x48 build/default/production/src/app.o
 .debug_aranges
                0x0000000000000150       0xa8 build/default/production/src/appDataMangments.o
 .debug_aranges
                0x00000000000001f8       0x60 build/default/production/src/appMenu.o
 .debug_aranges
                0x0000000000000258       0x40 build/default/production/src/appMenueTime.o
 .debug_aranges
                0x0000000000000298       0x58 ..\..\..\MEGA\mega.X\dist\Atmega128A\production\mega.X.a(sys.o)
 .debug_aranges
                0x00000000000002f0       0xc0 ..\..\..\MEGA\mega.X\dist\Atmega128A\production\mega.X.a(lcd.o)
 .debug_aranges
                0x00000000000003b0       0x98 ..\..\..\MEGA\mega.X\dist\Atmega128A\production\mega.X.a(buffers.o)
 .debug_aranges
                0x0000000000000448       0x48 ..\..\..\MEGA\mega.X\dist\Atmega128A\production\mega.X.a(keypad.o)
 .debug_aranges
                0x0000000000000490       0xa0 ..\..\..\MEGA\mega.X\dist\Atmega128A\production\mega.X.a(rtc.o)
 .debug_aranges
                0x0000000000000530       0x98 ..\..\..\MEGA\mega.X\dist\Atmega128A\production\mega.X.a(menu.o)
 .debug_aranges
                0x00000000000005c8       0x50 ..\..\..\MEGA\mega.X\dist\Atmega128A\production\mega.X.a(buz.o)
 .debug_aranges
                0x0000000000000618       0x38 ..\..\..\MEGA\mega.X\dist\Atmega128A\production\mega.X.a(exEEPROM.o)
 .debug_aranges
                0x0000000000000650       0xa8 ..\..\..\MEGA\mega.X\dist\Atmega128A\production\mega.X.a(csma_cd.o)
 .debug_aranges
                0x00000000000006f8       0x58 ..\..\..\MEGA\mega.X\dist\Atmega128A\production\mega.X.a(utility.o)
 .debug_aranges
                0x0000000000000750       0x80 ..\..\..\MEGA\mega.X\dist\Atmega128A\production\mega.X.a(twi.o)
 .debug_aranges
                0x00000000000007d0       0x20 ..\..\..\MEGA\mega.X\dist\Atmega128A\production\mega.X.a(mega.o)

.debug_pubnames
 *(.debug_pubnames)

.debug_info     0x0000000000000000     0xf313
 *(.debug_info .gnu.linkonce.wi.*)
 .debug_info    0x0000000000000000      0x780 C:/Program Files/Microchip/MPLABX/v6.00/packs/Microchip/ATmega_DFP/2.4.131/xc8/avr/lib/avr51/memx-const/crtatmega128a.o
 .debug_info    0x0000000000000780     0x120b build/default/production/src/appComm.o
 .debug_info    0x000000000000198b      0x782 build/default/production/src/appEvents.o
 .debug_info    0x000000000000210d      0xef1 build/default/production/src/app.o
 .debug_info    0x0000000000002ffe     0x2280 build/default/production/src/appDataMangments.o
 .debug_info    0x000000000000527e      0x7d2 build/default/production/src/appMenu.o
 .debug_info    0x0000000000005a50     0x17cd build/default/production/src/appMenueTime.o
 .debug_info    0x000000000000721d      0x702 ..\..\..\MEGA\mega.X\dist\Atmega128A\production\mega.X.a(sys.o)
 .debug_info    0x000000000000791f     0x1e9b ..\..\..\MEGA\mega.X\dist\Atmega128A\production\mega.X.a(lcd.o)
 .debug_info    0x00000000000097ba      0xa46 ..\..\..\MEGA\mega.X\dist\Atmega128A\production\mega.X.a(buffers.o)
 .debug_info    0x000000000000a200      0xb6e ..\..\..\MEGA\mega.X\dist\Atmega128A\production\mega.X.a(keypad.o)
 .debug_info    0x000000000000ad6e      0x9fe ..\..\..\MEGA\mega.X\dist\Atmega128A\production\mega.X.a(rtc.o)
 .debug_info    0x000000000000b76c      0xd7e ..\..\..\MEGA\mega.X\dist\Atmega128A\production\mega.X.a(menu.o)
 .debug_info    0x000000000000c4ea      0x7c5 ..\..\..\MEGA\mega.X\dist\Atmega128A\production\mega.X.a(buz.o)
 .debug_info    0x000000000000ccaf      0x642 ..\..\..\MEGA\mega.X\dist\Atmega128A\production\mega.X.a(exEEPROM.o)
 .debug_info    0x000000000000d2f1      0xbc1 ..\..\..\MEGA\mega.X\dist\Atmega128A\production\mega.X.a(csma_cd.o)
 .debug_info    0x000000000000deb2      0x82d ..\..\..\MEGA\mega.X\dist\Atmega128A\production\mega.X.a(utility.o)
 .debug_info    0x000000000000e6df      0x781 ..\..\..\MEGA\mega.X\dist\Atmega128A\production\mega.X.a(twi.o)
 .debug_info    0x000000000000ee60      0x4b3 ..\..\..\MEGA\mega.X\dist\Atmega128A\production\mega.X.a(mega.o)

.debug_abbrev   0x0000000000000000     0x2e83
 *(.debug_abbrev)
 .debug_abbrev  0x0000000000000000      0x718 C:/Program Files/Microchip/MPLABX/v6.00/packs/Microchip/ATmega_DFP/2.4.131/xc8/avr/lib/avr51/memx-const/crtatmega128a.o
 .debug_abbrev  0x0000000000000718      0x311 build/default/production/src/appComm.o
 .debug_abbrev  0x0000000000000a29      0x159 build/default/production/src/appEvents.o
 .debug_abbrev  0x0000000000000b82      0x187 build/default/production/src/app.o
 .debug_abbrev  0x0000000000000d09      0x35a build/default/production/src/appDataMangments.o
 .debug_abbrev  0x0000000000001063      0x180 build/default/production/src/appMenu.o
 .debug_abbrev  0x00000000000011e3      0x18f build/default/production/src/appMenueTime.o
 .debug_abbrev  0x0000000000001372      0x1db ..\..\..\MEGA\mega.X\dist\Atmega128A\production\mega.X.a(sys.o)
 .debug_abbrev  0x000000000000154d      0x3f8 ..\..\..\MEGA\mega.X\dist\Atmega128A\production\mega.X.a(lcd.o)
 .debug_abbrev  0x0000000000001945      0x1f8 ..\..\..\MEGA\mega.X\dist\Atmega128A\production\mega.X.a(buffers.o)
 .debug_abbrev  0x0000000000001b3d      0x27c ..\..\..\MEGA\mega.X\dist\Atmega128A\production\mega.X.a(keypad.o)
 .debug_abbrev  0x0000000000001db9      0x2af ..\..\..\MEGA\mega.X\dist\Atmega128A\production\mega.X.a(rtc.o)
 .debug_abbrev  0x0000000000002068      0x2f6 ..\..\..\MEGA\mega.X\dist\Atmega128A\production\mega.X.a(menu.o)
 .debug_abbrev  0x000000000000235e      0x1c9 ..\..\..\MEGA\mega.X\dist\Atmega128A\production\mega.X.a(buz.o)
 .debug_abbrev  0x0000000000002527      0x144 ..\..\..\MEGA\mega.X\dist\Atmega128A\production\mega.X.a(exEEPROM.o)
 .debug_abbrev  0x000000000000266b      0x314 ..\..\..\MEGA\mega.X\dist\Atmega128A\production\mega.X.a(csma_cd.o)
 .debug_abbrev  0x000000000000297f      0x1f4 ..\..\..\MEGA\mega.X\dist\Atmega128A\production\mega.X.a(utility.o)
 .debug_abbrev  0x0000000000002b73      0x22e ..\..\..\MEGA\mega.X\dist\Atmega128A\production\mega.X.a(twi.o)
 .debug_abbrev  0x0000000000002da1       0xe2 ..\..\..\MEGA\mega.X\dist\Atmega128A\production\mega.X.a(mega.o)

.debug_line     0x0000000000000000     0x5e81
 *(.debug_line .debug_line.* .debug_line_end)
 .debug_line    0x0000000000000000      0x16d C:/Program Files/Microchip/MPLABX/v6.00/packs/Microchip/ATmega_DFP/2.4.131/xc8/avr/lib/avr51/memx-const/crtatmega128a.o
 .debug_line    0x000000000000016d      0xaef build/default/production/src/appComm.o
 .debug_line    0x0000000000000c5c      0x3db build/default/production/src/appEvents.o
 .debug_line    0x0000000000001037      0x469 build/default/production/src/app.o
 .debug_line    0x00000000000014a0      0xcfc build/default/production/src/appDataMangments.o
 .debug_line    0x000000000000219c      0x1e7 build/default/production/src/appMenu.o
 .debug_line    0x0000000000002383      0x63a build/default/production/src/appMenueTime.o
 .debug_line    0x00000000000029bd      0x34f ..\..\..\MEGA\mega.X\dist\Atmega128A\production\mega.X.a(sys.o)
 .debug_line    0x0000000000002d0c      0xc3a ..\..\..\MEGA\mega.X\dist\Atmega128A\production\mega.X.a(lcd.o)
 .debug_line    0x0000000000003946      0x38a ..\..\..\MEGA\mega.X\dist\Atmega128A\production\mega.X.a(buffers.o)
 .debug_line    0x0000000000003cd0      0x314 ..\..\..\MEGA\mega.X\dist\Atmega128A\production\mega.X.a(keypad.o)
 .debug_line    0x0000000000003fe4      0x504 ..\..\..\MEGA\mega.X\dist\Atmega128A\production\mega.X.a(rtc.o)
 .debug_line    0x00000000000044e8      0x3e7 ..\..\..\MEGA\mega.X\dist\Atmega128A\production\mega.X.a(menu.o)
 .debug_line    0x00000000000048cf      0x214 ..\..\..\MEGA\mega.X\dist\Atmega128A\production\mega.X.a(buz.o)
 .debug_line    0x0000000000004ae3      0x367 ..\..\..\MEGA\mega.X\dist\Atmega128A\production\mega.X.a(exEEPROM.o)
 .debug_line    0x0000000000004e4a      0x663 ..\..\..\MEGA\mega.X\dist\Atmega128A\production\mega.X.a(csma_cd.o)
 .debug_line    0x00000000000054ad      0x384 ..\..\..\MEGA\mega.X\dist\Atmega128A\production\mega.X.a(utility.o)
 .debug_line    0x0000000000005831      0x448 ..\..\..\MEGA\mega.X\dist\Atmega128A\production\mega.X.a(twi.o)
 .debug_line    0x0000000000005c79      0x208 ..\..\..\MEGA\mega.X\dist\Atmega128A\production\mega.X.a(mega.o)

.debug_frame    0x0000000000000000     0x1588
 *(.debug_frame)
 .debug_frame   0x0000000000000000      0x1c0 build/default/production/src/appComm.o
 .debug_frame   0x00000000000001c0       0xec build/default/production/src/appEvents.o
 .debug_frame   0x00000000000002ac       0xe8 build/default/production/src/app.o
 .debug_frame   0x0000000000000394      0x274 build/default/production/src/appDataMangments.o
 .debug_frame   0x0000000000000608       0xcc build/default/production/src/appMenu.o
 .debug_frame   0x00000000000006d4       0xe0 build/default/production/src/appMenueTime.o
 .debug_frame   0x00000000000007b4      0x150 ..\..\..\MEGA\mega.X\dist\Atmega128A\production\mega.X.a(sys.o)
 .debug_frame   0x0000000000000904      0x1d0 ..\..\..\MEGA\mega.X\dist\Atmega128A\production\mega.X.a(lcd.o)
 .debug_frame   0x0000000000000ad4      0x1a4 ..\..\..\MEGA\mega.X\dist\Atmega128A\production\mega.X.a(buffers.o)
 .debug_frame   0x0000000000000c78       0x9c ..\..\..\MEGA\mega.X\dist\Atmega128A\production\mega.X.a(keypad.o)
 .debug_frame   0x0000000000000d14      0x1b0 ..\..\..\MEGA\mega.X\dist\Atmega128A\production\mega.X.a(rtc.o)
 .debug_frame   0x0000000000000ec4      0x11c ..\..\..\MEGA\mega.X\dist\Atmega128A\production\mega.X.a(menu.o)
 .debug_frame   0x0000000000000fe0       0x98 ..\..\..\MEGA\mega.X\dist\Atmega128A\production\mega.X.a(buz.o)
 .debug_frame   0x0000000000001078       0xd8 ..\..\..\MEGA\mega.X\dist\Atmega128A\production\mega.X.a(exEEPROM.o)
 .debug_frame   0x0000000000001150      0x1c0 ..\..\..\MEGA\mega.X\dist\Atmega128A\production\mega.X.a(csma_cd.o)
 .debug_frame   0x0000000000001310      0x14c ..\..\..\MEGA\mega.X\dist\Atmega128A\production\mega.X.a(utility.o)
 .debug_frame   0x000000000000145c      0x108 ..\..\..\MEGA\mega.X\dist\Atmega128A\production\mega.X.a(twi.o)
 .debug_frame   0x0000000000001564       0x24 ..\..\..\MEGA\mega.X\dist\Atmega128A\production\mega.X.a(mega.o)

.debug_str      0x0000000000000000      0xb26
 *(.debug_str)
 .debug_str     0x0000000000000000      0x27d C:/Program Files/Microchip/MPLABX/v6.00/packs/Microchip/ATmega_DFP/2.4.131/xc8/avr/lib/avr51/memx-const/crtatmega128a.o
 .debug_str     0x000000000000027d       0xc9 build/default/production/src/appComm.o
 .debug_str     0x0000000000000346       0x5f build/default/production/src/appEvents.o
 .debug_str     0x00000000000003a5      0x1d7 build/default/production/src/app.o
 .debug_str     0x000000000000057c      0x170 build/default/production/src/appDataMangments.o
 .debug_str     0x00000000000006ec       0x26 build/default/production/src/appMenu.o
 .debug_str     0x0000000000000712      0x166 build/default/production/src/appMenueTime.o
 .debug_str     0x0000000000000878       0x28 ..\..\..\MEGA\mega.X\dist\Atmega128A\production\mega.X.a(sys.o)
 .debug_str     0x00000000000008a0       0x42 ..\..\..\MEGA\mega.X\dist\Atmega128A\production\mega.X.a(lcd.o)
 .debug_str     0x00000000000008e2       0x48 ..\..\..\MEGA\mega.X\dist\Atmega128A\production\mega.X.a(buffers.o)
 .debug_str     0x000000000000092a       0x33 ..\..\..\MEGA\mega.X\dist\Atmega128A\production\mega.X.a(keypad.o)
 .debug_str     0x000000000000095d       0x46 ..\..\..\MEGA\mega.X\dist\Atmega128A\production\mega.X.a(rtc.o)
 .debug_str     0x00000000000009a3       0x47 ..\..\..\MEGA\mega.X\dist\Atmega128A\production\mega.X.a(menu.o)
 .debug_str     0x00000000000009ea       0x29 ..\..\..\MEGA\mega.X\dist\Atmega128A\production\mega.X.a(buz.o)
 .debug_str     0x0000000000000a13       0x6d ..\..\..\MEGA\mega.X\dist\Atmega128A\production\mega.X.a(exEEPROM.o)
 .debug_str     0x0000000000000a80        0xd ..\..\..\MEGA\mega.X\dist\Atmega128A\production\mega.X.a(csma_cd.o)
 .debug_str     0x0000000000000a8d        0xe ..\..\..\MEGA\mega.X\dist\Atmega128A\production\mega.X.a(utility.o)
 .debug_str     0x0000000000000a9b        0xe ..\..\..\MEGA\mega.X\dist\Atmega128A\production\mega.X.a(twi.o)
 .debug_str     0x0000000000000aa9       0x7d ..\..\..\MEGA\mega.X\dist\Atmega128A\production\mega.X.a(mega.o)

.debug_loc      0x0000000000000000     0x6452
 *(.debug_loc)
 .debug_loc     0x0000000000000000      0x4d9 build/default/production/src/appComm.o
 .debug_loc     0x00000000000004d9      0x431 build/default/production/src/appEvents.o
 .debug_loc     0x000000000000090a      0x1e6 build/default/production/src/app.o
 .debug_loc     0x0000000000000af0      0x9cb build/default/production/src/appDataMangments.o
 .debug_loc     0x00000000000014bb      0x157 build/default/production/src/appMenu.o
 .debug_loc     0x0000000000001612      0x312 build/default/production/src/appMenueTime.o
 .debug_loc     0x0000000000001924      0x497 ..\..\..\MEGA\mega.X\dist\Atmega128A\production\mega.X.a(sys.o)
 .debug_loc     0x0000000000001dbb     0x19cc ..\..\..\MEGA\mega.X\dist\Atmega128A\production\mega.X.a(lcd.o)
 .debug_loc     0x0000000000003787      0x8a8 ..\..\..\MEGA\mega.X\dist\Atmega128A\production\mega.X.a(buffers.o)
 .debug_loc     0x000000000000402f      0x5b7 ..\..\..\MEGA\mega.X\dist\Atmega128A\production\mega.X.a(keypad.o)
 .debug_loc     0x00000000000045e6      0x4f5 ..\..\..\MEGA\mega.X\dist\Atmega128A\production\mega.X.a(rtc.o)
 .debug_loc     0x0000000000004adb      0x2a9 ..\..\..\MEGA\mega.X\dist\Atmega128A\production\mega.X.a(menu.o)
 .debug_loc     0x0000000000004d84      0x2b4 ..\..\..\MEGA\mega.X\dist\Atmega128A\production\mega.X.a(buz.o)
 .debug_loc     0x0000000000005038      0x493 ..\..\..\MEGA\mega.X\dist\Atmega128A\production\mega.X.a(exEEPROM.o)
 .debug_loc     0x00000000000054cb      0x5f2 ..\..\..\MEGA\mega.X\dist\Atmega128A\production\mega.X.a(csma_cd.o)
 .debug_loc     0x0000000000005abd      0x646 ..\..\..\MEGA\mega.X\dist\Atmega128A\production\mega.X.a(utility.o)
 .debug_loc     0x0000000000006103      0x327 ..\..\..\MEGA\mega.X\dist\Atmega128A\production\mega.X.a(twi.o)
 .debug_loc     0x000000000000642a       0x28 ..\..\..\MEGA\mega.X\dist\Atmega128A\production\mega.X.a(mega.o)

.debug_macinfo
 *(.debug_macinfo)

.debug_weaknames
 *(.debug_weaknames)

.debug_funcnames
 *(.debug_funcnames)

.debug_typenames
 *(.debug_typenames)

.debug_varnames
 *(.debug_varnames)

.debug_pubtypes
 *(.debug_pubtypes)

.debug_ranges   0x0000000000000000      0xd08
 *(.debug_ranges)
 .debug_ranges  0x0000000000000000       0xb8 build/default/production/src/appComm.o
 .debug_ranges  0x00000000000000b8       0x60 build/default/production/src/appEvents.o
 .debug_ranges  0x0000000000000118       0x38 build/default/production/src/app.o
 .debug_ranges  0x0000000000000150       0xf8 build/default/production/src/appDataMangments.o
 .debug_ranges  0x0000000000000248       0x50 build/default/production/src/appMenu.o
 .debug_ranges  0x0000000000000298       0x30 build/default/production/src/appMenueTime.o
 .debug_ranges  0x00000000000002c8       0x60 ..\..\..\MEGA\mega.X\dist\Atmega128A\production\mega.X.a(sys.o)
 .debug_ranges  0x0000000000000328      0x470 ..\..\..\MEGA\mega.X\dist\Atmega128A\production\mega.X.a(lcd.o)
 .debug_ranges  0x0000000000000798      0x118 ..\..\..\MEGA\mega.X\dist\Atmega128A\production\mega.X.a(buffers.o)
 .debug_ranges  0x00000000000008b0       0x68 ..\..\..\MEGA\mega.X\dist\Atmega128A\production\mega.X.a(keypad.o)
 .debug_ranges  0x0000000000000918       0x90 ..\..\..\MEGA\mega.X\dist\Atmega128A\production\mega.X.a(rtc.o)
 .debug_ranges  0x00000000000009a8       0xa0 ..\..\..\MEGA\mega.X\dist\Atmega128A\production\mega.X.a(menu.o)
 .debug_ranges  0x0000000000000a48       0x70 ..\..\..\MEGA\mega.X\dist\Atmega128A\production\mega.X.a(buz.o)
 .debug_ranges  0x0000000000000ab8       0x28 ..\..\..\MEGA\mega.X\dist\Atmega128A\production\mega.X.a(exEEPROM.o)
 .debug_ranges  0x0000000000000ae0       0xc8 ..\..\..\MEGA\mega.X\dist\Atmega128A\production\mega.X.a(csma_cd.o)
 .debug_ranges  0x0000000000000ba8       0xa8 ..\..\..\MEGA\mega.X\dist\Atmega128A\production\mega.X.a(utility.o)
 .debug_ranges  0x0000000000000c50       0xa8 ..\..\..\MEGA\mega.X\dist\Atmega128A\production\mega.X.a(twi.o)
 .debug_ranges  0x0000000000000cf8       0x10 ..\..\..\MEGA\mega.X\dist\Atmega128A\production\mega.X.a(mega.o)

.debug_macro
 *(.debug_macro)
OUTPUT(dist/default/production/appMaster.X.production.elf elf32-avr)
LOAD linker stubs
LOAD data_init

.note.gnu.avr.deviceinfo
                0x0000000000000000       0x40
 .note.gnu.avr.deviceinfo
                0x0000000000000000       0x40 C:/Program Files/Microchip/MPLABX/v6.00/packs/Microchip/ATmega_DFP/2.4.131/xc8/avr/lib/avr51/memx-const/crtatmega128a.o

.bss            0x00000000008002fe        0x2
 .bss           0x00000000008002fe        0x2 c:/program files/microchip/xc8/v2.32/avr/bin/../lib/gcc/avr/5.4.0/../../../../avr/lib/avr51/memx-const\libc.a(strtok.o)

.progmemx.data  0x0000000000000114      0x13f
 .progmemx.data
                0x0000000000000114      0x13f build/default/production/src/appMenueTime.o

.progmemx.data  0x0000000000000253      0x114
 .progmemx.data
                0x0000000000000253      0x114 build/default/production/src/app.o

.progmemx.data  0x0000000000000367      0x113
 .progmemx.data
                0x0000000000000367      0x113 build/default/production/src/appDataMangments.o

.progmemx.data  0x000000000000047a       0xb6
 .progmemx.data
                0x000000000000047a       0xb6 build/default/production/src/appMenu.o

.progmemx.data.EraseZone
                0x0000000000000530       0x11
 .progmemx.data.EraseZone
                0x0000000000000530       0x11 build/default/production/src/appMenu.o
                0x0000000000000530                EraseZone

.progmemx.data.EraseData
                0x0000000000000541       0x11
 .progmemx.data.EraseData
                0x0000000000000541       0x11 build/default/production/src/appMenu.o
                0x0000000000000541                EraseData

.progmemx.data.ResetData
                0x0000000000000552       0x11
 .progmemx.data.ResetData
                0x0000000000000552       0x11 build/default/production/src/appMenu.o
                0x0000000000000552                ResetData

.progmemx.data.RepNetwork
                0x0000000000000563       0x11
 .progmemx.data.RepNetwork
                0x0000000000000563       0x11 build/default/production/src/appMenu.o
                0x0000000000000563                RepNetwork

.progmemx.data.TestNetWork
                0x0000000000000574       0x11
 .progmemx.data.TestNetWork
                0x0000000000000574       0x11 build/default/production/src/appMenu.o
                0x0000000000000574                TestNetWork

.progmemx.data.ResetSystem
                0x0000000000000585       0x11
 .progmemx.data.ResetSystem
                0x0000000000000585       0x11 build/default/production/src/appMenu.o
                0x0000000000000585                ResetSystem

.progmemx.data.Zones
                0x0000000000000596       0x11
 .progmemx.data.Zones
                0x0000000000000596       0x11 build/default/production/src/appMenu.o
                0x0000000000000596                Zones

.progmemx.data.Points
                0x00000000000005a7       0x11
 .progmemx.data.Points
                0x00000000000005a7       0x11 build/default/production/src/appMenu.o
                0x00000000000005a7                Points

.progmemx.data.NetWork
                0x00000000000005b8       0x11
 .progmemx.data.NetWork
                0x00000000000005b8       0x11 build/default/production/src/appMenu.o
                0x00000000000005b8                NetWork

.progmemx.data.Reset
                0x00000000000005c9       0x11
 .progmemx.data.Reset
                0x00000000000005c9       0x11 build/default/production/src/appMenu.o
                0x00000000000005c9                Reset

.progmemx.data.Summary
                0x00000000000005da       0x11
 .progmemx.data.Summary
                0x00000000000005da       0x11 build/default/production/src/appMenu.o
                0x00000000000005da                Summary

.progmemx.data.Report
                0x00000000000005eb       0x11
 .progmemx.data.Report
                0x00000000000005eb       0x11 build/default/production/src/appMenu.o
                0x00000000000005eb                Report

.progmemx.data.Date
                0x00000000000005fc       0x11
 .progmemx.data.Date
                0x00000000000005fc       0x11 build/default/production/src/appMenu.o
                0x00000000000005fc                Date

.progmemx.data.Time
                0x000000000000060d       0x11
 .progmemx.data.Time
                0x000000000000060d       0x11 build/default/production/src/appMenu.o
                0x000000000000060d                Time

.progmemx.data.System
                0x000000000000061e       0x11
 .progmemx.data.System
                0x000000000000061e       0x11 build/default/production/src/appMenu.o
                0x000000000000061e                System

.progmemx.data.User
                0x000000000000062f       0x11
 .progmemx.data.User
                0x000000000000062f       0x11 build/default/production/src/appMenu.o
                0x000000000000062f                User

.progmemx.data.Menu
                0x0000000000000640       0x11
 .progmemx.data.Menu
                0x0000000000000640       0x11 build/default/production/src/appMenu.o
                0x0000000000000640                Menu

.progmemx.data.NullItem
                0x0000000000000651       0x11
 .progmemx.data.NullItem
                0x0000000000000651       0x11 ..\..\..\MEGA\mega.X\dist\Atmega128A\production\mega.X.a(menu.o)
                0x0000000000000651                NullItem

.progmemx.data.gu8RtcMonthYear
                0x0000000000000662        0xc
 .progmemx.data.gu8RtcMonthYear
                0x0000000000000662        0xc ..\..\..\MEGA\mega.X\dist\Atmega128A\production\mega.X.a(rtc.o)

.progmemx.data.gu8RtcMonthLeapYear
                0x000000000000066e        0xc
 .progmemx.data.gu8RtcMonthLeapYear
                0x000000000000066e        0xc ..\..\..\MEGA\mega.X\dist\Atmega128A\production\mega.X.a(rtc.o)

.progmemx.data.CGRAM_FIVE
                0x000000000000067a        0x8
 .progmemx.data.CGRAM_FIVE
                0x000000000000067a        0x8 ..\..\..\MEGA\mega.X\dist\Atmega128A\production\mega.X.a(lcd.o)
                0x000000000000067a                CGRAM_FIVE

.progmemx.data.CGRAM_FOUR
                0x0000000000000682        0x8
 .progmemx.data.CGRAM_FOUR
                0x0000000000000682        0x8 ..\..\..\MEGA\mega.X\dist\Atmega128A\production\mega.X.a(lcd.o)
                0x0000000000000682                CGRAM_FOUR

.progmemx.data.CGRAM_THREE
                0x000000000000068a        0x8
 .progmemx.data.CGRAM_THREE
                0x000000000000068a        0x8 ..\..\..\MEGA\mega.X\dist\Atmega128A\production\mega.X.a(lcd.o)
                0x000000000000068a                CGRAM_THREE

.progmemx.data.CGRAM_TWO
                0x0000000000000692        0x8
 .progmemx.data.CGRAM_TWO
                0x0000000000000692        0x8 ..\..\..\MEGA\mega.X\dist\Atmega128A\production\mega.X.a(lcd.o)
                0x0000000000000692                CGRAM_TWO

.progmemx.data.CGRAM_ONE
                0x000000000000069a        0x8
 .progmemx.data.CGRAM_ONE
                0x000000000000069a        0x8 ..\..\..\MEGA\mega.X\dist\Atmega128A\production\mega.X.a(lcd.o)
                0x000000000000069a                CGRAM_ONE

.progmemx.data.CGRAM_ZERO
                0x00000000000006a2        0x8
 .progmemx.data.CGRAM_ZERO
                0x00000000000006a2        0x8 ..\..\..\MEGA\mega.X\dist\Atmega128A\production\mega.X.a(lcd.o)
                0x00000000000006a2                CGRAM_ZERO

.progmemx.data  0x00000000000006aa        0x3
 .progmemx.data
                0x00000000000006aa        0x3 ..\..\..\MEGA\mega.X\dist\Atmega128A\production\mega.X.a(utility.o)

.progmemx.data  0x00000000000006ad        0x2
 .progmemx.data
                0x00000000000006ad        0x2 build/default/production/src/appEvents.o

.text.appMemCreatePoint
                0x00000000000006b0      0x50c
 .text.appMemCreatePoint
                0x00000000000006b0      0x50c build/default/production/src/appDataMangments.o
                0x00000000000006b0                appMemCreatePoint

.text.appCommunications
                0x0000000000000bbc      0x4a4
 .text.appCommunications
                0x0000000000000bbc      0x4a4 build/default/production/src/appComm.o
                0x0000000000000bbc                appCommunications

.text.appMemCreateZone
                0x0000000000001060      0x462
 .text.appMemCreateZone
                0x0000000000001060      0x462 build/default/production/src/appDataMangments.o
                0x0000000000001060                appMemCreateZone

.text.avrlibc   0x00000000000014c2      0x450
 .text.avrlibc  0x00000000000014c2      0x450 c:/program files/microchip/xc8/v2.32/avr/bin/../lib/gcc/avr/5.4.0/../../../../avr/lib/avr51/memx-const\libc.a(vfprintf_std.o)
                0x00000000000014c2                vfprintf

.text.appMenuDate
                0x0000000000001912      0x378
 .text.appMenuDate
                0x0000000000001912      0x378 build/default/production/src/appMenueTime.o
                0x0000000000001912                appMenuDate

.text.avrlibc   0x0000000000001c8a      0x2e6
 .text.avrlibc  0x0000000000001c8a      0x2e6 c:/program files/microchip/xc8/v2.32/avr/bin/../lib/gcc/avr/5.4.0/../../../../avr/lib/avr51/memx-const\libc.a(strtol.o)
                0x0000000000001c8a                strtol

.text.appMemoryStart
                0x0000000000001f70      0x236
 .text.appMemoryStart
                0x0000000000001f70      0x236 build/default/production/src/appDataMangments.o
                0x0000000000001f70                appMemoryStart

.text.appDataResPons
                0x00000000000021a6      0x234
 .text.appDataResPons
                0x00000000000021a6      0x234 build/default/production/src/appComm.o
                0x00000000000021a6                appDataResPons

.text.appCommClinentResponse
                0x00000000000023da      0x226
 .text.appCommClinentResponse
                0x00000000000023da      0x226 build/default/production/src/appComm.o
                0x00000000000023da                appCommClinentResponse

.text.appshowData
                0x0000000000002600      0x1f6
 .text.appshowData
                0x0000000000002600      0x1f6 build/default/production/src/app.o
                0x0000000000002600                appshowData

.text.appMenueDateEvents
                0x00000000000027f6      0x1e8
 .text.appMenueDateEvents
                0x00000000000027f6      0x1e8 build/default/production/src/appMenueTime.o
                0x00000000000027f6                appMenueDateEvents

.text.appMenueTime
                0x00000000000029de      0x1e6
 .text.appMenueTime
                0x00000000000029de      0x1e6 build/default/production/src/appMenueTime.o
                0x00000000000029de                appMenueTime

.text.appCurrentTimeShow
                0x0000000000002bc4      0x1c4
 .text.appCurrentTimeShow
                0x0000000000002bc4      0x1c4 build/default/production/src/app.o
                0x0000000000002bc4                appCurrentTimeShow

.text.appMemRease
                0x0000000000002d88      0x1ac
 .text.appMemRease
                0x0000000000002d88      0x1ac build/default/production/src/appDataMangments.o
                0x0000000000002d88                appMemRease

.text.rtcConvertDateToTime
                0x0000000000002f34      0x18e
 .text.rtcConvertDateToTime
                0x0000000000002f34      0x18e ..\..\..\MEGA\mega.X\dist\Atmega128A\production\mega.X.a(rtc.o)
                0x0000000000002f34                rtcConvertDateToTime

.text.appMemEraseZone
                0x00000000000030c2      0x17c
 .text.appMemEraseZone
                0x00000000000030c2      0x17c build/default/production/src/appDataMangments.o
                0x00000000000030c2                appMemEraseZone

.text.rtcConvertTimeToDate
                0x000000000000323e      0x154
 .text.rtcConvertTimeToDate
                0x000000000000323e      0x154 ..\..\..\MEGA\mega.X\dist\Atmega128A\production\mega.X.a(rtc.o)
                0x000000000000323e                rtcConvertTimeToDate

.text.exEEPROMLoad
                0x0000000000003392      0x150
 .text.exEEPROMLoad
                0x0000000000003392      0x150 ..\..\..\MEGA\mega.X\dist\Atmega128A\production\mega.X.a(exEEPROM.o)
                0x0000000000003392                exEEPROMLoad

.text.appMemEvents
                0x00000000000034e2      0x13c
 .text.appMemEvents
                0x00000000000034e2      0x13c build/default/production/src/appDataMangments.o
                0x00000000000034e2                appMemEvents

.text.__vector_30
                0x000000000000361e      0x138
 .text.__vector_30
                0x000000000000361e      0x138 ..\..\..\MEGA\mega.X\dist\Atmega128A\production\mega.X.a(csma_cd.o)
                0x000000000000361e                __vector_30

.text.lcdSend   0x0000000000003756      0x12a
 .text.lcdSend  0x0000000000003756      0x12a ..\..\..\MEGA\mega.X\dist\Atmega128A\production\mega.X.a(lcd.o)
                0x0000000000003756                lcdSend

.text.keypad01ButtonScan.part.0
                0x0000000000003880      0x122
 .text.keypad01ButtonScan.part.0
                0x0000000000003880      0x122 ..\..\..\MEGA\mega.X\dist\Atmega128A\production\mega.X.a(keypad.o)

.text.exEEPROMSave
                0x00000000000039a2      0x11c
 .text.exEEPROMSave
                0x00000000000039a2      0x11c ..\..\..\MEGA\mega.X\dist\Atmega128A\production\mega.X.a(exEEPROM.o)
                0x00000000000039a2                exEEPROMSave

.text.Send_to_TWI
                0x0000000000003abe      0x11a
 .text.Send_to_TWI
                0x0000000000003abe      0x11a ..\..\..\MEGA\mega.X\dist\Atmega128A\production\mega.X.a(twi.o)
                0x0000000000003abe                Send_to_TWI

.text.appMemPowerOn
                0x0000000000003bd8      0x10c
 .text.appMemPowerOn
                0x0000000000003bd8      0x10c build/default/production/src/appDataMangments.o
                0x0000000000003bd8                appMemPowerOn

.text.appMenueTimeEvents
                0x0000000000003ce4      0x10c
 .text.appMenueTimeEvents
                0x0000000000003ce4      0x10c build/default/production/src/appMenueTime.o
                0x0000000000003ce4                appMenueTimeEvents

.text.menueReadEvents
                0x0000000000003df0      0x106
 .text.menueReadEvents
                0x0000000000003df0      0x106 ..\..\..\MEGA\mega.X\dist\Atmega128A\production\mega.X.a(menu.o)
                0x0000000000003df0                menueReadEvents

.text.ReceiverParsingFram
                0x0000000000003ef6       0xfc
 .text.ReceiverParsingFram
                0x0000000000003ef6       0xfc ..\..\..\MEGA\mega.X\dist\Atmega128A\production\mega.X.a(csma_cd.o)
                0x0000000000003ef6                ReceiverParsingFram

.text.__vector_12
                0x0000000000003ff2       0xf2
 .text.__vector_12
                0x0000000000003ff2       0xf2 ..\..\..\MEGA\mega.X\dist\Atmega128A\production\mega.X.a(csma_cd.o)
                0x0000000000003ff2                __vector_12

.text.startup.main
                0x00000000000040e4       0xe2
 .text.startup.main
                0x00000000000040e4       0xe2 ..\..\..\MEGA\mega.X\dist\Atmega128A\production\mega.X.a(mega.o)
                0x00000000000040e4                main

.text.avrlibc.fplib
                0x00000000000041c6       0xde
 .text.avrlibc.fplib
                0x00000000000041c6       0xde c:/program files/microchip/xc8/v2.32/avr/bin/../lib/gcc/avr/5.4.0/../../../../avr/lib/avr51/memx-const\libm.a(divsf3x.o)
                0x00000000000041c6                __divsf3x
                0x00000000000041ee                __divsf3_pse

.text.exEEPROMSavePage
                0x00000000000042a4       0xdc
 .text.exEEPROMSavePage
                0x00000000000042a4       0xdc ..\..\..\MEGA\mega.X\dist\Atmega128A\production\mega.X.a(exEEPROM.o)
                0x00000000000042a4                exEEPROMSavePage

.text.appCommRequestHandle
                0x0000000000004380       0xd8
 .text.appCommRequestHandle
                0x0000000000004380       0xd8 build/default/production/src/appComm.o
                0x0000000000004380                appCommRequestHandle

.text.lcdUpdate
                0x0000000000004458       0xd0
 .text.lcdUpdate
                0x0000000000004458       0xd0 ..\..\..\MEGA\mega.X\dist\Atmega128A\production\mega.X.a(lcd.o)
                0x0000000000004458                lcdUpdate

.text.rtcSwUpdate
                0x0000000000004528       0xc6
 .text.rtcSwUpdate
                0x0000000000004528       0xc6 ..\..\..\MEGA\mega.X\dist\Atmega128A\production\mega.X.a(rtc.o)
                0x0000000000004528                rtcSwUpdate

.text.lcdInit   0x00000000000045ee       0xc2
 .text.lcdInit  0x00000000000045ee       0xc2 ..\..\..\MEGA\mega.X\dist\Atmega128A\production\mega.X.a(lcd.o)
                0x00000000000045ee                lcdInit

.text.updateProgressBar
                0x00000000000046b0       0xc0
 .text.updateProgressBar
                0x00000000000046b0       0xc0 build/default/production/src/appMenu.o
                0x00000000000046b0                updateProgressBar

.text.csmaInit  0x0000000000004770       0xc0
 .text.csmaInit
                0x0000000000004770       0xc0 ..\..\..\MEGA\mega.X\dist\Atmega128A\production\mega.X.a(csma_cd.o)
                0x0000000000004770                csmaInit

.text.appPingResPonse
                0x0000000000004830       0xbc
 .text.appPingResPonse
                0x0000000000004830       0xbc build/default/production/src/appComm.o
                0x0000000000004830                appPingResPonse

.text.avrlibc   0x00000000000048ec       0xbc
 .text.avrlibc  0x00000000000048ec       0xbc c:/program files/microchip/xc8/v2.32/avr/bin/../lib/gcc/avr/5.4.0/../../../../avr/lib/avr51/memx-const\libc.a(ultoa_invert.o)
                0x00000000000048ec                __ultoa_invert

.text.appMain   0x00000000000049a8       0xba
 .text.appMain  0x00000000000049a8       0xba build/default/production/src/app.o
                0x00000000000049a8                appMain

.text.buzDriver
                0x0000000000004a62       0xb2
 .text.buzDriver
                0x0000000000004a62       0xb2 ..\..\..\MEGA\mega.X\dist\Atmega128A\production\mega.X.a(buz.o)
                0x0000000000004a62                buzDriver

.text.appEventRemove
                0x0000000000004b14       0xa8
 .text.appEventRemove
                0x0000000000004b14       0xa8 build/default/production/src/appEvents.o
                0x0000000000004b14                appEventRemove

.text.__vector_15
                0x0000000000004bbc       0xa8
 .text.__vector_15
                0x0000000000004bbc       0xa8 ..\..\..\MEGA\mega.X\dist\Atmega128A\production\mega.X.a(sys.o)
                0x0000000000004bbc                __vector_15

.text.appCommTraffic
                0x0000000000004c64       0xa2
 .text.appCommTraffic
                0x0000000000004c64       0xa2 build/default/production/src/appComm.o
                0x0000000000004c64                appCommTraffic

.text.lcdwrite  0x0000000000004d06       0xa2
 .text.lcdwrite
                0x0000000000004d06       0xa2 ..\..\..\MEGA\mega.X\dist\Atmega128A\production\mega.X.a(lcd.o)
                0x0000000000004d06                lcdwrite

.text.appShfitBuffer
                0x0000000000004da8       0x9e
 .text.appShfitBuffer
                0x0000000000004da8       0x9e ..\..\..\MEGA\mega.X\dist\Atmega128A\production\mega.X.a(utility.o)
                0x0000000000004da8                appShfitBuffer

.text           0x0000000000004e46       0x9e
 .text          0x0000000000004e46       0x9e c:/program files/microchip/xc8/v2.32/avr/bin/../lib/gcc/avr/5.4.0/../../../../avr/lib/avr51/memx-const\libc.a(strtok_r_M.o)
                0x0000000000004e46                strtok_r

.text.buzGenerateSignalTime
                0x0000000000004ee4       0x9a
 .text.buzGenerateSignalTime
                0x0000000000004ee4       0x9a ..\..\..\MEGA\mega.X\dist\Atmega128A\production\mega.X.a(buz.o)
                0x0000000000004ee4                buzGenerateSignalTime

.text.appEventDown
                0x0000000000004f7e       0x98
 .text.appEventDown
                0x0000000000004f7e       0x98 build/default/production/src/appEvents.o
                0x0000000000004f7e                appEventDown

.text.lcdReadByte
                0x0000000000005016       0x96
 .text.lcdReadByte
                0x0000000000005016       0x96 ..\..\..\MEGA\mega.X\dist\Atmega128A\production\mega.X.a(lcd.o)
                0x0000000000005016                lcdReadByte

.text.lcdSendCommdHigh
                0x00000000000050ac       0x94
 .text.lcdSendCommdHigh
                0x00000000000050ac       0x94 ..\..\..\MEGA\mega.X\dist\Atmega128A\production\mega.X.a(lcd.o)
                0x00000000000050ac                lcdSendCommdHigh

.text.lcdWaitBusy
                0x0000000000005140       0x8c
 .text.lcdWaitBusy
                0x0000000000005140       0x8c ..\..\..\MEGA\mega.X\dist\Atmega128A\production\mega.X.a(lcd.o)
                0x0000000000005140                lcdWaitBusy

.text.keypadSync
                0x00000000000051cc       0x8c
 .text.keypadSync
                0x00000000000051cc       0x8c ..\..\..\MEGA\mega.X\dist\Atmega128A\production\mega.X.a(keypad.o)
                0x00000000000051cc                keypadSync

.text.rtccSoftTime
                0x0000000000005258       0x8c
 .text.rtccSoftTime
                0x0000000000005258       0x8c ..\..\..\MEGA\mega.X\dist\Atmega128A\production\mega.X.a(rtc.o)
                0x0000000000005258                rtccSoftTime

.text.rtcHwUpdate
                0x00000000000052e4       0x86
 .text.rtcHwUpdate
                0x00000000000052e4       0x86 ..\..\..\MEGA\mega.X\dist\Atmega128A\production\mega.X.a(rtc.o)
                0x00000000000052e4                rtcHwUpdate

.text.menuAction
                0x000000000000536a       0x86
 .text.menuAction
                0x000000000000536a       0x86 ..\..\..\MEGA\mega.X\dist\Atmega128A\production\mega.X.a(menu.o)
                0x000000000000536a                menuAction

.text.menuLCDReader
                0x00000000000053f0       0x7c
 .text.menuLCDReader
                0x00000000000053f0       0x7c ..\..\..\MEGA\mega.X\dist\Atmega128A\production\mega.X.a(menu.o)
                0x00000000000053f0                menuLCDReader

.text.appEventNumber
                0x000000000000546c       0x7a
 .text.appEventNumber
                0x000000000000546c       0x7a build/default/production/src/appEvents.o
                0x000000000000546c                appEventNumber

.text.Encapsulate
                0x00000000000054e6       0x7a
 .text.Encapsulate
                0x00000000000054e6       0x7a ..\..\..\MEGA\mega.X\dist\Atmega128A\production\mega.X.a(csma_cd.o)
                0x00000000000054e6                Encapsulate

.text.avrlibc.fplib
                0x0000000000005560       0x7a
 .text.avrlibc.fplib
                0x0000000000005560       0x7a c:/program files/microchip/xc8/v2.32/avr/bin/../lib/gcc/avr/5.4.0/../../../../avr/lib/avr51/memx-const\libm.a(floatsisf.o)
                0x0000000000005560                __floatunsisf
                0x0000000000005564                __floatsisf

.text.avrlibc   0x00000000000055da       0x78
 .text.avrlibc  0x00000000000055da       0x78 c:/program files/microchip/xc8/v2.32/avr/bin/../lib/gcc/avr/5.4.0/../../../../avr/lib/avr51/memx-const\libc.a(fputc.o)
                0x00000000000055da                fputc

.text.menueDriver
                0x0000000000005652       0x72
 .text.menueDriver
                0x0000000000005652       0x72 ..\..\..\MEGA\mega.X\dist\Atmega128A\production\mega.X.a(menu.o)
                0x0000000000005652                menueDriver

.text.appCommInit
                0x00000000000056c4       0x70
 .text.appCommInit
                0x00000000000056c4       0x70 build/default/production/src/appComm.o
                0x00000000000056c4                appCommInit

.text.lcdCgramGenrate
                0x0000000000005734       0x70
 .text.lcdCgramGenrate
                0x0000000000005734       0x70 ..\..\..\MEGA\mega.X\dist\Atmega128A\production\mega.X.a(lcd.o)
                0x0000000000005734                lcdCgramGenrate

.text.keypadDriverInit
                0x00000000000057a4       0x6c
 .text.keypadDriverInit
                0x00000000000057a4       0x6c ..\..\..\MEGA\mega.X\dist\Atmega128A\production\mega.X.a(keypad.o)
                0x00000000000057a4                keypadDriverInit

.text.appEventUp
                0x0000000000005810       0x6a
 .text.appEventUp
                0x0000000000005810       0x6a build/default/production/src/appEvents.o
                0x0000000000005810                appEventUp

.text.sysIsTimeout
                0x000000000000587a       0x62
 .text.sysIsTimeout
                0x000000000000587a       0x62 ..\..\..\MEGA\mega.X\dist\Atmega128A\production\mega.X.a(sys.o)
                0x000000000000587a                sysIsTimeout

.text.appEventMove
                0x00000000000058dc       0x60
 .text.appEventMove
                0x00000000000058dc       0x60 build/default/production/src/appEvents.o
                0x00000000000058dc                appEventMove

.text.appMemValidtionConfig
                0x000000000000593c       0x60
 .text.appMemValidtionConfig
                0x000000000000593c       0x60 build/default/production/src/appDataMangments.o
                0x000000000000593c                appMemValidtionConfig

.text.avrlibc   0x000000000000599c       0x60
 .text.avrlibc  0x000000000000599c       0x60 c:/program files/microchip/xc8/v2.32/avr/bin/../lib/gcc/avr/5.4.0/../../../../avr/lib/avr51/memx-const\libc.a(sprintf.o)
                0x000000000000599c                sprintf

.text.avrlibc.fplib
                0x00000000000059fc       0x5e
 .text.avrlibc.fplib
                0x00000000000059fc       0x5e c:/program files/microchip/xc8/v2.32/avr/bin/../lib/gcc/avr/5.4.0/../../../../avr/lib/avr51/memx-const\libm.a(fixunssfsi.o)
                0x00000000000059fc                __fixunssfsi

.text.lcdBlink  0x0000000000005a5a       0x58
 .text.lcdBlink
                0x0000000000005a5a       0x58 ..\..\..\MEGA\mega.X\dist\Atmega128A\production\mega.X.a(lcd.o)
                0x0000000000005a5a                lcdBlink

.text.lcdHwInit
                0x0000000000005ab2       0x52
 .text.lcdHwInit
                0x0000000000005ab2       0x52 ..\..\..\MEGA\mega.X\dist\Atmega128A\production\mega.X.a(lcd.o)
                0x0000000000005ab2                lcdHwInit

.text.TWI_start
                0x0000000000005b04       0x4c
 .text.TWI_start
                0x0000000000005b04       0x4c ..\..\..\MEGA\mega.X\dist\Atmega128A\production\mega.X.a(twi.o)
                0x0000000000005b04                TWI_start

.text.appCommRequestGetBuffer
                0x0000000000005b50       0x48
 .text.appCommRequestGetBuffer
                0x0000000000005b50       0x48 build/default/production/src/appComm.o
                0x0000000000005b50                appCommRequestGetBuffer

.text.Get_byte  0x0000000000005b98       0x48
 .text.Get_byte
                0x0000000000005b98       0x48 ..\..\..\MEGA\mega.X\dist\Atmega128A\production\mega.X.a(twi.o)
                0x0000000000005b98                Get_byte

.text.avrlibc   0x0000000000005be0       0x46
 .text.avrlibc  0x0000000000005be0       0x46 c:/program files/microchip/xc8/v2.32/avr/bin/../lib/gcc/avr/5.4.0/../../../../avr/lib/avr51/memx-const\libc.a(strncpy_M.o)
                0x0000000000005be0                strncpy

.text.avrlibc.fplib
                0x0000000000005c26       0x44
 .text.avrlibc.fplib
                0x0000000000005c26       0x44 c:/program files/microchip/xc8/v2.32/avr/bin/../lib/gcc/avr/5.4.0/../../../../avr/lib/avr51/memx-const\libm.a(fp_split3.o)
                0x0000000000005c26                __fp_split3
                0x0000000000005c36                __fp_splitA

.text.libgcc.div
                0x0000000000005c6a       0x44
 .text.libgcc.div
                0x0000000000005c6a       0x44 c:/program files/microchip/xc8/v2.32/avr/bin/../lib/gcc/avr/5.4.0/avr51/memx-const\libgcc.a(_udivmodsi4.o)
                0x0000000000005c6a                __udivmodsi4

.text.avrlibc   0x0000000000005cae       0x44
 .text.avrlibc  0x0000000000005cae       0x44 c:/program files/microchip/xc8/v2.32/avr/bin/../lib/gcc/avr/5.4.0/../../../../avr/lib/avr51/memx-const\libc.a(strcmp_M.o)
                0x0000000000005cae                strcmp

.text.appCommRequestPutBuffer
                0x0000000000005cf2       0x42
 .text.appCommRequestPutBuffer
                0x0000000000005cf2       0x42 build/default/production/src/appComm.o
                0x0000000000005cf2                appCommRequestPutBuffer

.text.StartTransmission
                0x0000000000005d34       0x40
 .text.StartTransmission
                0x0000000000005d34       0x40 ..\..\..\MEGA\mega.X\dist\Atmega128A\production\mega.X.a(csma_cd.o)
                0x0000000000005d34                StartTransmission

.text.rtcInit   0x0000000000005d74       0x3e
 .text.rtcInit  0x0000000000005d74       0x3e ..\..\..\MEGA\mega.X\dist\Atmega128A\production\mega.X.a(rtc.o)
                0x0000000000005d74                rtcInit

.text.rtcDriver
                0x0000000000005db2       0x3e
 .text.rtcDriver
                0x0000000000005db2       0x3e ..\..\..\MEGA\mega.X\dist\Atmega128A\production\mega.X.a(rtc.o)
                0x0000000000005db2                rtcDriver

.text.FramNetWork
                0x0000000000005df0       0x3a
 .text.FramNetWork
                0x0000000000005df0       0x3a ..\..\..\MEGA\mega.X\dist\Atmega128A\production\mega.X.a(csma_cd.o)
                0x0000000000005df0                FramNetWork

.text.appMemRemoveEvent
                0x0000000000005e2a       0x38
 .text.appMemRemoveEvent
                0x0000000000005e2a       0x38 build/default/production/src/appDataMangments.o
                0x0000000000005e2a                appMemRemoveEvent

.text.keypad01SwitchScan
                0x0000000000005e62       0x38
 .text.keypad01SwitchScan
                0x0000000000005e62       0x38 ..\..\..\MEGA\mega.X\dist\Atmega128A\production\mega.X.a(keypad.o)
                0x0000000000005e62                keypad01SwitchScan

.text.avrlibc   0x0000000000005e9a       0x38
 .text.avrlibc  0x0000000000005e9a       0x38 c:/program files/microchip/xc8/v2.32/avr/bin/../lib/gcc/avr/5.4.0/../../../../avr/lib/avr51/memx-const\libc.a(strnlen_M.o)
                0x0000000000005e9a                strnlen

.text.appMemNext
                0x0000000000005ed2       0x36
 .text.appMemNext
                0x0000000000005ed2       0x36 build/default/production/src/appDataMangments.o
                0x0000000000005ed2                appMemNext

.text.getlcdData
                0x0000000000005f08       0x34
 .text.getlcdData
                0x0000000000005f08       0x34 ..\..\..\MEGA\mega.X\dist\Atmega128A\production\mega.X.a(lcd.o)
                0x0000000000005f08                getlcdData

.text.Send_adr  0x0000000000005f3c       0x34
 .text.Send_adr
                0x0000000000005f3c       0x34 ..\..\..\MEGA\mega.X\dist\Atmega128A\production\mega.X.a(twi.o)
                0x0000000000005f3c                Send_adr

.text.rtcSetDate
                0x0000000000005f70       0x32
 .text.rtcSetDate
                0x0000000000005f70       0x32 ..\..\..\MEGA\mega.X\dist\Atmega128A\production\mega.X.a(rtc.o)
                0x0000000000005f70                rtcSetDate

.text.appCommGetBuzzerState
                0x0000000000005fa2       0x30
 .text.appCommGetBuzzerState
                0x0000000000005fa2       0x30 build/default/production/src/appComm.o
                0x0000000000005fa2                appCommGetBuzzerState

.text.appEventCencel
                0x0000000000005fd2       0x30
 .text.appEventCencel
                0x0000000000005fd2       0x30 build/default/production/src/appEvents.o
                0x0000000000005fd2                appEventCencel

.text.appEventEnter
                0x0000000000006002       0x30
 .text.appEventEnter
                0x0000000000006002       0x30 build/default/production/src/appEvents.o
                0x0000000000006002                appEventEnter

.text.menuStartItem
                0x0000000000006032       0x30
 .text.menuStartItem
                0x0000000000006032       0x30 ..\..\..\MEGA\mega.X\dist\Atmega128A\production\mega.X.a(menu.o)
                0x0000000000006032                menuStartItem

.text.Init_TWI  0x0000000000006062       0x30
 .text.Init_TWI
                0x0000000000006062       0x30 ..\..\..\MEGA\mega.X\dist\Atmega128A\production\mega.X.a(twi.o)
                0x0000000000006062                Init_TWI

.text.__vector_3
                0x0000000000006092       0x2e
 .text.__vector_3
                0x0000000000006092       0x2e ..\..\..\MEGA\mega.X\dist\Atmega128A\production\mega.X.a(csma_cd.o)
                0x0000000000006092                __vector_3

.text.lcdReplace
                0x00000000000060c0       0x2c
 .text.lcdReplace
                0x00000000000060c0       0x2c ..\..\..\MEGA\mega.X\dist\Atmega128A\production\mega.X.a(lcd.o)
                0x00000000000060c0                lcdReplace

.text.rtcConvertbuffer.part.1
                0x00000000000060ec       0x2c
 .text.rtcConvertbuffer.part.1
                0x00000000000060ec       0x2c ..\..\..\MEGA\mega.X\dist\Atmega128A\production\mega.X.a(rtc.o)

.text.Send_byte
                0x0000000000006118       0x2c
 .text.Send_byte
                0x0000000000006118       0x2c ..\..\..\MEGA\mega.X\dist\Atmega128A\production\mega.X.a(twi.o)
                0x0000000000006118                Send_byte

.text.appEvent  0x0000000000006144       0x2a
 .text.appEvent
                0x0000000000006144       0x2a build/default/production/src/app.o
                0x0000000000006144                appEvent

.text.getByte.part.0
                0x000000000000616e       0x2a
 .text.getByte.part.0
                0x000000000000616e       0x2a ..\..\..\MEGA\mega.X\dist\Atmega128A\production\mega.X.a(buffers.o)

.text.uNumberToString
                0x0000000000006198       0x2a
 .text.uNumberToString
                0x0000000000006198       0x2a ..\..\..\MEGA\mega.X\dist\Atmega128A\production\mega.X.a(utility.o)
                0x0000000000006198                uNumberToString

.text.rtc_getDate
                0x00000000000061c2       0x28
 .text.rtc_getDate
                0x00000000000061c2       0x28 ..\..\..\MEGA\mega.X\dist\Atmega128A\production\mega.X.a(rtc.o)
                0x00000000000061c2                rtc_getDate

.text.libgcc.div
                0x00000000000061ea       0x28
 .text.libgcc.div
                0x00000000000061ea       0x28 c:/program files/microchip/xc8/v2.32/avr/bin/../lib/gcc/avr/5.4.0/avr51/memx-const\libgcc.a(_divmodhi4.o)
                0x00000000000061ea                _div
                0x00000000000061ea                __divmodhi4

.text.libgcc.div
                0x0000000000006212       0x28
 .text.libgcc.div
                0x0000000000006212       0x28 c:/program files/microchip/xc8/v2.32/avr/bin/../lib/gcc/avr/5.4.0/avr51/memx-const\libgcc.a(_udivmodhi4.o)
                0x0000000000006212                __udivmodhi4

.text.putByte.part.1
                0x000000000000623a       0x26
 .text.putByte.part.1
                0x000000000000623a       0x26 ..\..\..\MEGA\mega.X\dist\Atmega128A\production\mega.X.a(buffers.o)

.text.lcdIsCurrentNumber
                0x0000000000006260       0x24
 .text.lcdIsCurrentNumber
                0x0000000000006260       0x24 ..\..\..\MEGA\mega.X\dist\Atmega128A\production\mega.X.a(lcd.o)
                0x0000000000006260                lcdIsCurrentNumber

.text.keypadGetEvent
                0x0000000000006284       0x24
 .text.keypadGetEvent
                0x0000000000006284       0x24 ..\..\..\MEGA\mega.X\dist\Atmega128A\production\mega.X.a(keypad.o)
                0x0000000000006284                keypadGetEvent

.text.avrlibc   0x00000000000062a8       0x24
 .text.avrlibc  0x00000000000062a8       0x24 c:/program files/microchip/xc8/v2.32/avr/bin/../lib/gcc/avr/5.4.0/../../../../avr/lib/avr51/memx-const\libc.a(strlen_M.o)
                0x00000000000062a8                strlen

.text.appInit   0x00000000000062cc       0x22
 .text.appInit  0x00000000000062cc       0x22 build/default/production/src/app.o
                0x00000000000062cc                appInit

.text.appMemSaveDate
                0x00000000000062ee       0x22
 .text.appMemSaveDate
                0x00000000000062ee       0x22 build/default/production/src/appDataMangments.o
                0x00000000000062ee                appMemSaveDate

.text.appMemLoadDate
                0x0000000000006310       0x22
 .text.appMemLoadDate
                0x0000000000006310       0x22 build/default/production/src/appDataMangments.o
                0x0000000000006310                appMemLoadDate

.text.avrlibc.fplib
                0x0000000000006332       0x22
 .text.avrlibc.fplib
                0x0000000000006332       0x22 c:/program files/microchip/xc8/v2.32/avr/bin/../lib/gcc/avr/5.4.0/../../../../avr/lib/avr51/memx-const\libm.a(fp_round.o)
                0x0000000000006332                __fp_round

.text.libgcc.mul
                0x0000000000006354       0x20
 .text.libgcc.mul
                0x0000000000006354       0x20 c:/program files/microchip/xc8/v2.32/avr/bin/../lib/gcc/avr/5.4.0/avr51/memx-const\libgcc.a(_mulsi3.o)
                0x0000000000006354                __mulsi3

.text.libgcc.mul
                0x0000000000006374       0x1e
 .text.libgcc.mul
                0x0000000000006374       0x1e c:/program files/microchip/xc8/v2.32/avr/bin/../lib/gcc/avr/5.4.0/avr51/memx-const\libgcc.a(_umulhisi3.o)
                0x0000000000006374                __umulhisi3

.text.appCommFree
                0x0000000000006392       0x1c
 .text.appCommFree
                0x0000000000006392       0x1c build/default/production/src/appComm.o
                0x0000000000006392                appCommFree

.text.appMenu   0x00000000000063ae       0x1c
 .text.appMenu  0x00000000000063ae       0x1c build/default/production/src/appMenu.o
                0x00000000000063ae                appMenu

.text.lcdClearlines
                0x00000000000063ca       0x1c
 .text.lcdClearlines
                0x00000000000063ca       0x1c ..\..\..\MEGA\mega.X\dist\Atmega128A\production\mega.X.a(lcd.o)
                0x00000000000063ca                lcdClearlines

.text.buzInit   0x00000000000063e6       0x1a
 .text.buzInit  0x00000000000063e6       0x1a ..\..\..\MEGA\mega.X\dist\Atmega128A\production\mega.X.a(buz.o)
                0x00000000000063e6                buzInit

.text.IsCommunicationOpen
                0x0000000000006400       0x1a
 .text.IsCommunicationOpen
                0x0000000000006400       0x1a ..\..\..\MEGA\mega.X\dist\Atmega128A\production\mega.X.a(csma_cd.o)
                0x0000000000006400                IsCommunicationOpen

.text.getSystemTick
                0x000000000000641a       0x18
 .text.getSystemTick
                0x000000000000641a       0x18 ..\..\..\MEGA\mega.X\dist\Atmega128A\production\mega.X.a(sys.o)
                0x000000000000641a                getSystemTick

.text.lcdClear  0x0000000000006432       0x18
 .text.lcdClear
                0x0000000000006432       0x18 ..\..\..\MEGA\mega.X\dist\Atmega128A\production\mega.X.a(lcd.o)
                0x0000000000006432                lcdClear

.text.MenuInit  0x000000000000644a       0x18
 .text.MenuInit
                0x000000000000644a       0x18 ..\..\..\MEGA\mega.X\dist\Atmega128A\production\mega.X.a(menu.o)
                0x000000000000644a                MenuInit

.text.systemTickInit
                0x0000000000006462       0x16
 .text.systemTickInit
                0x0000000000006462       0x16 ..\..\..\MEGA\mega.X\dist\Atmega128A\production\mega.X.a(sys.o)
                0x0000000000006462                systemTickInit

.text.libgcc.mul
                0x0000000000006478       0x16
 .text.libgcc.mul
                0x0000000000006478       0x16 c:/program files/microchip/xc8/v2.32/avr/bin/../lib/gcc/avr/5.4.0/avr51/memx-const\libgcc.a(_muluhisi3.o)
                0x0000000000006478                __muluhisi3

.text.libgcc    0x000000000000648e       0x16
 .text.libgcc   0x000000000000648e       0x16 c:/program files/microchip/xc8/v2.32/avr/bin/../lib/gcc/avr/5.4.0/avr51/memx-const\libgcc.a(_xload_3.o)
                0x000000000000648e                __xload_3

.text.lcdwriteCGRAM
                0x00000000000064a4       0x14
 .text.lcdwriteCGRAM
                0x00000000000064a4       0x14 ..\..\..\MEGA\mega.X\dist\Atmega128A\production\mega.X.a(lcd.o)
                0x00000000000064a4                lcdwriteCGRAM

.text.exEEPROMInit
                0x00000000000064b8       0x14
 .text.exEEPROMInit
                0x00000000000064b8       0x14 ..\..\..\MEGA\mega.X\dist\Atmega128A\production\mega.X.a(exEEPROM.o)
                0x00000000000064b8                exEEPROMInit

.text.appMemInit
                0x00000000000064cc       0x12
 .text.appMemInit
                0x00000000000064cc       0x12 build/default/production/src/appDataMangments.o
                0x00000000000064cc                appMemInit

.text.appMemEraseConfig
                0x00000000000064de       0x12
 .text.appMemEraseConfig
                0x00000000000064de       0x12 build/default/production/src/appDataMangments.o
                0x00000000000064de                appMemEraseConfig

.text.appMemEraseData
                0x00000000000064f0       0x12
 .text.appMemEraseData
                0x00000000000064f0       0x12 build/default/production/src/appDataMangments.o
                0x00000000000064f0                appMemEraseData

.text.rtcGetCurrentTime
                0x0000000000006502       0x12
 .text.rtcGetCurrentTime
                0x0000000000006502       0x12 ..\..\..\MEGA\mega.X\dist\Atmega128A\production\mega.X.a(rtc.o)
                0x0000000000006502                rtcGetCurrentTime

.text.libgcc    0x0000000000006514       0x12
 .text.libgcc   0x0000000000006514       0x12 c:/program files/microchip/xc8/v2.32/avr/bin/../lib/gcc/avr/5.4.0/avr51/memx-const\libgcc.a(_tablejump2.o)
                0x0000000000006514                __tablejump2__

.text.libgcc    0x0000000000006526       0x12
 .text.libgcc   0x0000000000006526       0x12 c:/program files/microchip/xc8/v2.32/avr/bin/../lib/gcc/avr/5.4.0/avr51/memx-const\libgcc.a(_xload_2.o)
                0x0000000000006526                __xload_2

.text.avrlibc   0x0000000000006538       0x12
 .text.avrlibc  0x0000000000006538       0x12 c:/program files/microchip/xc8/v2.32/avr/bin/../lib/gcc/avr/5.4.0/../../../../avr/lib/avr51/memx-const\libc.a(isspace.o)
                0x0000000000006538                isspace

.text.appMenuIsLCDReady
                0x000000000000654a       0x10
 .text.appMenuIsLCDReady
                0x000000000000654a       0x10 build/default/production/src/appMenu.o
                0x000000000000654a                appMenuIsLCDReady

.text.byteBufferInit
                0x000000000000655a       0x10
 .text.byteBufferInit
                0x000000000000655a       0x10 ..\..\..\MEGA\mega.X\dist\Atmega128A\production\mega.X.a(buffers.o)
                0x000000000000655a                byteBufferInit

.text.getByte   0x000000000000656a       0x10
 .text.getByte  0x000000000000656a       0x10 ..\..\..\MEGA\mega.X\dist\Atmega128A\production\mega.X.a(buffers.o)
                0x000000000000656a                getByte

.text.putByte   0x000000000000657a       0x10
 .text.putByte  0x000000000000657a       0x10 ..\..\..\MEGA\mega.X\dist\Atmega128A\production\mega.X.a(buffers.o)
                0x000000000000657a                putByte

.text.rtcIsSetDone
                0x000000000000658a       0x10
 .text.rtcIsSetDone
                0x000000000000658a       0x10 ..\..\..\MEGA\mega.X\dist\Atmega128A\production\mega.X.a(rtc.o)
                0x000000000000658a                rtcIsSetDone

.text.appEventInit
                0x000000000000659a        0xe
 .text.appEventInit
                0x000000000000659a        0xe build/default/production/src/appEvents.o
                0x000000000000659a                appEventInit

.text.appEventSetStart
                0x00000000000065a8        0xe
 .text.appEventSetStart
                0x00000000000065a8        0xe build/default/production/src/appEvents.o
                0x00000000000065a8                appEventSetStart

.text.avrlibc.fplib
                0x00000000000065b6        0xe
 .text.avrlibc.fplib
                0x00000000000065b6        0xe c:/program files/microchip/xc8/v2.32/avr/bin/../lib/gcc/avr/5.4.0/../../../../avr/lib/avr51/memx-const\libm.a(fp_pscA.o)
                0x00000000000065b6                __fp_pscA

.text.avrlibc.fplib
                0x00000000000065c4        0xe
 .text.avrlibc.fplib
                0x00000000000065c4        0xe c:/program files/microchip/xc8/v2.32/avr/bin/../lib/gcc/avr/5.4.0/../../../../avr/lib/avr51/memx-const\libm.a(fp_pscB.o)
                0x00000000000065c4                __fp_pscB

.text.avrlibc.fplib
                0x00000000000065d2        0xe
 .text.avrlibc.fplib
                0x00000000000065d2        0xe c:/program files/microchip/xc8/v2.32/avr/bin/../lib/gcc/avr/5.4.0/../../../../avr/lib/avr51/memx-const\libm.a(fp_zero.o)
                0x00000000000065d2                __fp_zero
                0x00000000000065d4                __fp_szero

.text.libgcc    0x00000000000065e0        0xe
 .text.libgcc   0x00000000000065e0        0xe c:/program files/microchip/xc8/v2.32/avr/bin/../lib/gcc/avr/5.4.0/avr51/memx-const\libgcc.a(_xload_1.o)
                0x00000000000065e0                __xload_1

.text.appCommReady
                0x00000000000065ee        0xc
 .text.appCommReady
                0x00000000000065ee        0xc build/default/production/src/appComm.o
                0x00000000000065ee                appCommReady

.text.appCommNotReady
                0x00000000000065fa        0xc
 .text.appCommNotReady
                0x00000000000065fa        0xc build/default/production/src/appComm.o
                0x00000000000065fa                appCommNotReady

.text.appMenuClearEvent
                0x0000000000006606        0xc
 .text.appMenuClearEvent
                0x0000000000006606        0xc build/default/production/src/appMenu.o
                0x0000000000006606                appMenuClearEvent

.text.lcdNoCursor
                0x0000000000006612        0xc
 .text.lcdNoCursor
                0x0000000000006612        0xc ..\..\..\MEGA\mega.X\dist\Atmega128A\production\mega.X.a(lcd.o)
                0x0000000000006612                lcdNoCursor

.text.lcdNoBlink
                0x000000000000661e        0xc
 .text.lcdNoBlink
                0x000000000000661e        0xc ..\..\..\MEGA\mega.X\dist\Atmega128A\production\mega.X.a(lcd.o)
                0x000000000000661e                lcdNoBlink

.text.rtcSync   0x000000000000662a        0xc
 .text.rtcSync  0x000000000000662a        0xc ..\..\..\MEGA\mega.X\dist\Atmega128A\production\mega.X.a(rtc.o)
                0x000000000000662a                rtcSync

.text.setSencodEvent
                0x0000000000006636        0xc
 .text.setSencodEvent
                0x0000000000006636        0xc ..\..\..\MEGA\mega.X\dist\Atmega128A\production\mega.X.a(rtc.o)
                0x0000000000006636                setSencodEvent

.text.clearSecondEvent
                0x0000000000006642        0xc
 .text.clearSecondEvent
                0x0000000000006642        0xc ..\..\..\MEGA\mega.X\dist\Atmega128A\production\mega.X.a(rtc.o)
                0x0000000000006642                clearSecondEvent

.text.menuOpen  0x000000000000664e        0xc
 .text.menuOpen
                0x000000000000664e        0xc ..\..\..\MEGA\mega.X\dist\Atmega128A\production\mega.X.a(menu.o)
                0x000000000000664e                menuOpen

.text.avrlibc.fplib
                0x000000000000665a        0xc
 .text.avrlibc.fplib
                0x000000000000665a        0xc c:/program files/microchip/xc8/v2.32/avr/bin/../lib/gcc/avr/5.4.0/../../../../avr/lib/avr51/memx-const\libm.a(fp_inf.o)
                0x000000000000665a                __fp_inf

.text.avrlibc   0x0000000000006666        0xc
 .text.avrlibc  0x0000000000006666        0xc c:/program files/microchip/xc8/v2.32/avr/bin/../lib/gcc/avr/5.4.0/../../../../avr/lib/avr51/memx-const\libc.a(atol_M.o)
                0x0000000000006666                atol

.text.appMenuInit
                0x0000000000006672        0xa
 .text.appMenuInit
                0x0000000000006672        0xa build/default/production/src/appMenu.o
                0x0000000000006672                appMenuInit

.text.appStartMenu
                0x000000000000667c        0xa
 .text.appStartMenu
                0x000000000000667c        0xa build/default/production/src/appMenu.o
                0x000000000000667c                appStartMenu

.text.rtcSecondEvent
                0x0000000000006686        0xa
 .text.rtcSecondEvent
                0x0000000000006686        0xa ..\..\..\MEGA\mega.X\dist\Atmega128A\production\mega.X.a(rtc.o)
                0x0000000000006686                rtcSecondEvent

.text.menuIsOpen
                0x0000000000006690        0xa
 .text.menuIsOpen
                0x0000000000006690        0xa ..\..\..\MEGA\mega.X\dist\Atmega128A\production\mega.X.a(menu.o)
                0x0000000000006690                menuIsOpen

.text.OnHostFrame
                0x000000000000669a        0xa
 .text.OnHostFrame
                0x000000000000669a        0xa ..\..\..\MEGA\mega.X\dist\Atmega128A\production\mega.X.a(csma_cd.o)
                0x000000000000669a                OnHostFrame

.text.OnClientFrame
                0x00000000000066a4        0xa
 .text.OnClientFrame
                0x00000000000066a4        0xa ..\..\..\MEGA\mega.X\dist\Atmega128A\production\mega.X.a(csma_cd.o)
                0x00000000000066a4                OnClientFrame

.text.twiInitFram
                0x00000000000066ae        0xa
 .text.twiInitFram
                0x00000000000066ae        0xa ..\..\..\MEGA\mega.X\dist\Atmega128A\production\mega.X.a(twi.o)
                0x00000000000066ae                twiInitFram

.text.appMenuReadEvents
                0x00000000000066b8        0x8
 .text.appMenuReadEvents
                0x00000000000066b8        0x8 build/default/production/src/appMenu.o
                0x00000000000066b8                appMenuReadEvents

.text.appTimeDateInit
                0x00000000000066c0        0x8
 .text.appTimeDateInit